C51 COMPILER V9.00   BUTTON                                                                06/03/2016 18:23:32 PAGE 1   


C51 COMPILER V9.00, COMPILATION OF MODULE BUTTON
OBJECT MODULE PLACED IN Button.OBJ
COMPILER INVOKED BY: E:\software\DevelopmentSoftware\InstallSrc\KeilC51\C51\BIN\C51.EXE Button.c LARGE BROWSE DEBUG OBJE
                    -CTEXTEND

line level    source

   1          #include "stc15.h"
   2          #include "Delay.h"
   3          #include "LCD12864.H"
   4          #include "main.h"
   5          #include "Timer.h"
   6          #include "Button.h"
   7          #include "FLASH.h"
   8          #include "DS1302.h"
   9          
  10          unsigned char code SetString[] = {"设置："};
  11          
  12          void INT0_Init()
  13          {       
  14   1              IT0=1;                                          // 设置为下降沿触发
  15   1              EX0=1;                                          // 开外部中断0                    P3.2 INT0
  16   1      }
  17          void EXT0(void) interrupt 0
  18          {
  19   1          Delay20ms();
  20   1              Delay20ms();
  21   1              //P20 = !P20;
  22   1              if(P32==0)                                                      // 仍然是按下状态
  23   1              {
  24   2                      /*if(ISSETTING==0)
  25   2                      {
  26   2                              ISSETTING=1;
  27   2                              //P21 = !P21;
  28   2                              DisableTimer0();                        // 关闭超声波 温湿度的定时器中断
  29   2                              DisableTimer3();                        // 关闭蜂鸣器的定时器中断                               
  30   2                      }
  31   2                      else if(ISSETTING==1)
  32   2                      {
  33   2                              ISSETTING=2;
  34   2                              EXITSETTING=1;
  35   2                              //WIFINEEDDELAY=1;
  36   2                      }
  37   2                      else
  38   2                      {
  39   2                              ISSETTING=0;
  40   2                              //WIFINEEDDELAY=0; 
  41   2                              EnableTimer0();                         // 开启超声波 温湿度的定时器中断
  42   2                              EnableTimer3();                         // 开启蜂鸣器的定时器中断                       
  43   2                      }*/
  44   2                      if(ISSETTING==0)
  45   2                      { 
  46   3                          //P21 = !P21;
  47   3                              ISSETTING=1;
  48   3                              DisableTimer0();                        // 关闭超声波 温湿度的定时器中断
  49   3                              DisableTimer3();                        // 关闭蜂鸣器的定时器中断
  50   3                      }
  51   2                      else
  52   2                      {
  53   3                          //P26 = !P26;
  54   3                          ISSETTING=0;
C51 COMPILER V9.00   BUTTON                                                                06/03/2016 18:23:32 PAGE 2   

  55   3                              EXITSETTING=1; 
  56   3                              EnableTimer0();                         // 开启超声波 温湿度的定时器中断
  57   3                              EnableTimer3();                         // 开启蜂鸣器的定时器中断                       
  58   3                      }
  59   2              }
  60   1              else                                                            // 抖动
  61   1              {
  62   2                      P22 = !P22; 
  63   2              }       
  64   1      }
  65          
  66          /*调整时间部分,注意:不会自动调整星期的！因为用不到它,时间不会进位、不会退位
  67            不判断闰年...自行调整,别调过了*/
  68          void AddYear(unsigned char *year, signed char mode)
  69          {
  70   1              if(mode==1)
  71   1              {
  72   2                      if((*year)<30)
  73   2                              (*year)++;
  74   2                      else
  75   2                              (*year)=0;
  76   2              }
  77   1              else
  78   1              {
  79   2                      if((*year)>0)
  80   2                              (*year)--;
  81   2                      else
  82   2                              (*year)=30;
  83   2              }
  84   1      }
  85          
  86          void AddMonth(unsigned char *month, signed char mode)
  87          {
  88   1              if(mode==1)
  89   1              {
  90   2                      if((*month)<12)
  91   2                              (*month)++;
  92   2                      else
  93   2                              (*month)=1;
  94   2              }
  95   1              else
  96   1              {
  97   2                      if((*month)>1)
  98   2                              (*month)--;
  99   2                      else
 100   2                              (*month)=12;
 101   2              }
 102   1      }
 103          
 104          void AddDay(unsigned char *day, signed char mode)
 105          {
 106   1              if(mode==1)
 107   1              {
 108   2                      if((*day)<31)
 109   2                              (*day)++;
 110   2                      else
 111   2                              (*day)=1;
 112   2              }
 113   1              else
 114   1              {
 115   2                      if((*day)>1)
 116   2                              (*day)--;
C51 COMPILER V9.00   BUTTON                                                                06/03/2016 18:23:32 PAGE 3   

 117   2                      else
 118   2                              (*day)=31;
 119   2              }
 120   1      }
 121          
 122          void AddHour(unsigned char *hour, signed char mode)
 123          {
 124   1              if(mode==1)
 125   1              {
 126   2                      if((*hour)<23)
 127   2                              (*hour)++;
 128   2                      else
 129   2                              (*hour)=0;
 130   2              }
 131   1              else
 132   1              {
 133   2                      if((*hour)>0)
 134   2                              (*hour)--;
 135   2                      else
 136   2                              (*hour)=23;
 137   2              }
 138   1      }
 139          
 140          void AddMinute(unsigned char *minute, signed char mode)
 141          {
 142   1              if(mode==1)
 143   1              {
 144   2                      if((*minute)<59)
 145   2                              (*minute)++;
 146   2                      else
 147   2                              (*minute)=0;
 148   2              }
 149   1              else
 150   1              {
 151   2                      if((*minute)>0)
 152   2                              (*minute)--;
 153   2                      else
 154   2                              (*minute)=59;
 155   2              }
 156   1      }
 157          
 158          void AddSecond(unsigned char *second, signed char mode)
 159          {
 160   1              if(mode==1)
 161   1              {
 162   2                      if((*second)<59)
 163   2                              (*second)++;
 164   2                      else
 165   2                              (*second)=0;
 166   2              }
 167   1              else
 168   1              {
 169   2                      if((*second)>0)
 170   2                              (*second)--;
 171   2                      else
 172   2                              (*second)=59;
 173   2              }
 174   1      }
 175          
 176          /*
 177           * 进入设置模式
 178           */
C51 COMPILER V9.00   BUTTON                                                                06/03/2016 18:23:32 PAGE 4   

 179          void EnterSetting()
 180          {
 181   1          unsigned char VeloCitySettingFull1[] = {"速度上限："};
 182   1              unsigned char VeloCitySettingFull2[] = {"6 . 6 6 km/h"};
 183   1              unsigned char TimeSettingFull1[] = {"00年00月00日"};
 184   1              unsigned char TimeSettingFull2[] = {"00时00分00秒"};
 185   1              unsigned int TempVelocity;                                                                      //临时变量
 186   1              unsigned char TempTime[6] = {0,0,0,0,0,0};
 187   1              unsigned char SaveTime[7] = {0,0,0,0,0,0,0};    
 188   1              unsigned char VelocityValue1 = 0;                                                                       //个位
 189   1              unsigned char VelocityValue2 = 0;                                                                       //十分之一位
 190   1              unsigned char VelocityValue3 = 0;                                                                       //百分之一位
 191   1          unsigned char Loc = 1;
 192   1              //unsigned char VelocityUp[] = {"速度上限：   m/s"};
 193   1              //LCD12864ClearScreen();
 194   1              //unsigned char Velocity1 = (unsigned char)(0 + 48);
 195   1              //unsigned char Velocity2 = (unsigned char)(0 + 48);
 196   1              //unsigned char VeloCitySetting1[] = {"速度上限：0."};
 197   1              //unsigned char VeloCitySetting2[] = {"速度上限：0.0m"};
 198   1              
 199   1          LCD12864SettingInit();
 200   1              //Display_String(1,SetString);
 201   1              //Display_String(2,VelocityUp);
 202   1              Display_String(1,VeloCitySettingFull1);
 203   1              Display_String(2,VeloCitySettingFull2);
 204   1              Display_String(3,TimeSettingFull1);
 205   1              Display_String(4,TimeSettingFull2);
 206   1      
 207   1          TempVelocity = GetVelocityThreshold();
 208   1              DS1302_readoutTime(TempTime);
 209   1              //SendData(VelocityValue1);
 210   1              //SendData(VelocityValue1);
 211   1              //SendData(VelocityValue1);
 212   1              VelocityValue1 = TempVelocity%10000/1000;
 213   1              VelocityValue2 = TempVelocity%1000/100;
 214   1              VelocityValue3 = TempVelocity%100/10;  
 215   1              
 216   1              //LCD12864DisplayChar(2,2,'.');
 217   1              LCD12864DisplayChar(2,3,VelocityValue2 + 48);
 218   1              LCD12864DisplayChar(2,4,VelocityValue3 + 48);
 219   1              LCD12864DisplayChar(2,1,VelocityValue1 + 48);
 220   1              
 221   1              LCD12864DisplayTwoChar(3,1,TempTime[0]/10 + 48,TempTime[0]%10 + 48);
 222   1              LCD12864DisplayTwoChar(3,3,TempTime[1]/10 + 48,TempTime[1]%10 + 48);
 223   1              LCD12864DisplayTwoChar(3,5,TempTime[2]/10 + 48,TempTime[2]%10 + 48);
 224   1              LCD12864DisplayTwoChar(4,1,TempTime[3]/10 + 48,TempTime[3]%10 + 48);
 225   1              LCD12864DisplayTwoChar(4,3,TempTime[4]/10 + 48,TempTime[4]%10 + 48);
 226   1              LCD12864DisplayTwoChar(4,5,TempTime[5]/10 + 48,TempTime[5]%10 + 48);
 227   1               
 228   1              do                                                                              //矩阵键盘按键扫描
 229   1              {
 230   2                  KeyOut1 = 0;
 231   2                      KeyOut2 = 1;
 232   2                      Delay20ms();
 233   2                      if(KeyIn1 == 0)                                                                                         //调节左右
 234   2                      {       
 235   3                      Delay20ms();
 236   3                              Delay20ms();
 237   3                              if(KeyIn1 == 1) continue;
 238   3                              //P20 = !P20;
 239   3                              if(Loc == 1)                                               
 240   3                              {
C51 COMPILER V9.00   BUTTON                                                                06/03/2016 18:23:32 PAGE 5   

 241   4                                      Loc = 2;
 242   4                                      LCD12864DisplayChar(2,3,VelocityValue2 + 48);
 243   4                              }
 244   3                              else if(Loc == 2)
 245   3                              {
 246   4                                      Loc = 3;
 247   4                                      LCD12864DisplayChar(2,4,VelocityValue3 + 48);                           
 248   4                              }
 249   3                              else if(Loc == 3)
 250   3                              {
 251   4                                      Loc = 4;
 252   4                                      LCD12864DisplayTwoChar(3,1,TempTime[0]/10 + 48,TempTime[0]%10 + 48);
 253   4                                      //年
 254   4                              }
 255   3                              else if(Loc == 4)
 256   3                              {
 257   4                                      Loc = 5;
 258   4                                      LCD12864DisplayTwoChar(3,3,TempTime[1]/10 + 48,TempTime[1]%10 + 48);
 259   4                                      //月
 260   4                              }
 261   3                              else if(Loc == 5)
 262   3                              {
 263   4                                      Loc = 6;
 264   4                                      LCD12864DisplayTwoChar(3,5,TempTime[2]/10 + 48,TempTime[2]%10 + 48);
 265   4                                      //日
 266   4                              }
 267   3                              else if(Loc == 6)
 268   3                              {
 269   4                                      Loc = 7;
 270   4                                      LCD12864DisplayTwoChar(4,1,TempTime[3]/10 + 48,TempTime[3]%10 + 48);
 271   4                                      //时
 272   4                              }
 273   3                              else if(Loc == 7)
 274   3                              {
 275   4                                      Loc = 8;
 276   4                                      LCD12864DisplayTwoChar(4,3,TempTime[4]/10 + 48,TempTime[4]%10 + 48);
 277   4                                      //分
 278   4                              }
 279   3                              else if(Loc == 8)
 280   3                              {
 281   4                                      Loc = 9;
 282   4                                      LCD12864DisplayTwoChar(4,5,TempTime[5]/10 + 48,TempTime[5]%10 + 48);
 283   4                                      //秒
 284   4                              }
 285   3                              else
 286   3                              {
 287   4                                      Loc = 1;
 288   4                                      LCD12864DisplayChar(2,1,VelocityValue1 + 48);
 289   4                              }
 290   3                              while(KeyIn1==0);
 291   3                      }
 292   2      
 293   2                      if(KeyIn2 == 0)                                                                                         //调节左右
 294   2                      {       
 295   3                      Delay20ms();
 296   3                              Delay20ms();
 297   3                              if(KeyIn2 == 1) continue;
 298   3                              //P20 = !P20;
 299   3                              if(Loc == 3)                                               
 300   3                              {
 301   4                                      Loc = 2;
 302   4                                      LCD12864DisplayChar(2,3,VelocityValue2 + 48);
C51 COMPILER V9.00   BUTTON                                                                06/03/2016 18:23:32 PAGE 6   

 303   4                              }
 304   3                              else if(Loc == 4)
 305   3                              {
 306   4                                      Loc = 3;
 307   4                                      LCD12864DisplayChar(2,4,VelocityValue3 + 48);                           
 308   4                              }
 309   3                              else if(Loc == 5)
 310   3                              {
 311   4                                      Loc = 4;
 312   4                                      LCD12864DisplayTwoChar(3,1,TempTime[0]/10 + 48,TempTime[0]%10 + 48);
 313   4                                      //年
 314   4                              }
 315   3                              else if(Loc == 6)
 316   3                              {
 317   4                                      Loc = 5;
 318   4                                      LCD12864DisplayTwoChar(3,3,TempTime[1]/10 + 48,TempTime[1]%10 + 48);
 319   4                                      //月
 320   4                              }
 321   3                              else if(Loc == 7)
 322   3                              {
 323   4                                      Loc = 6;
 324   4                                      LCD12864DisplayTwoChar(3,5,TempTime[2]/10 + 48,TempTime[2]%10 + 48);
 325   4                                      //日
 326   4                              }
 327   3                              else if(Loc == 8)
 328   3                              {
 329   4                                      Loc = 7;
 330   4                                      LCD12864DisplayTwoChar(4,1,TempTime[3]/10 + 48,TempTime[3]%10 + 48);
 331   4                                      //时
 332   4                              }
 333   3                              else if(Loc == 9)
 334   3                              {
 335   4                                      Loc = 8;
 336   4                                      LCD12864DisplayTwoChar(4,3,TempTime[4]/10 + 48,TempTime[4]%10 + 48);
 337   4                                      //分
 338   4                              }
 339   3                              else if(Loc == 1)
 340   3                              {
 341   4                                      Loc = 9;
 342   4                                      LCD12864DisplayTwoChar(4,5,TempTime[5]/10 + 48,TempTime[5]%10 + 48);
 343   4                                      //秒
 344   4                              }
 345   3                              else
 346   3                              {
 347   4                                      Loc = 1;
 348   4                                      LCD12864DisplayChar(2,1,VelocityValue1 + 48);
 349   4                              }
 350   3                              while(KeyIn2==0);
 351   3                      }
 352   2                                                                                                                                              //调节值
 353   2                  KeyOut1 = 1;
 354   2                      KeyOut2 = 0;
 355   2                      Delay20ms();
 356   2                      if(KeyIn1 == 0)
 357   2                      {
 358   3                      Delay20ms();
 359   3                              Delay20ms();
 360   3                              if(KeyIn1 == 1) continue;
 361   3                              if(Loc == 1)                                               
 362   3                              {
 363   4                              if(VelocityValue1==0)
 364   4                                      {       
C51 COMPILER V9.00   BUTTON                                                                06/03/2016 18:23:32 PAGE 7   

 365   5                                          VelocityValue1 = 9;
 366   5                                      LCD12864DisplayChar(2,1,VelocityValue1 + 48);
 367   5                                              }
 368   4                                      else
 369   4                                      {
 370   5                                              LCD12864DisplayChar(2,1,--VelocityValue1 + 48);
 371   5                                      }
 372   4                              }
 373   3                              else if(Loc == 2)
 374   3                              {
 375   4                                  if(VelocityValue2==0)
 376   4                                      {       
 377   5                                          VelocityValue2 = 9;
 378   5                                      LCD12864DisplayChar(2,3,VelocityValue2 + 48);
 379   5                                      }
 380   4                                      else
 381   4                                      {
 382   5                                              LCD12864DisplayChar(2,3,--VelocityValue2 + 48);
 383   5                                      }                               
 384   4                              }
 385   3                              else if(Loc == 3)
 386   3                              {
 387   4                                  if(VelocityValue3==0)
 388   4                                      {       
 389   5                                          VelocityValue3 = 9;
 390   5                                      LCD12864DisplayChar(2,4,VelocityValue3 + 48);
 391   5                                      }
 392   4                                      else
 393   4                                      {
 394   5                                              LCD12864DisplayChar(2,4,--VelocityValue3 + 48);
 395   5                                      }                                                                                  
 396   4                              }
 397   3                              else if(Loc == 4)
 398   3                              {
 399   4                                  //年份加一
 400   4                                      AddYear(&TempTime[0],1);
 401   4                                      LCD12864DisplayTwoChar(3,1,TempTime[0]/10 + 48,TempTime[0]%10 + 48);
 402   4                              }
 403   3                              else if(Loc == 5)
 404   3                              {
 405   4                                  //月份加一
 406   4                                      AddMonth(&TempTime[1],1);
 407   4                                      LCD12864DisplayTwoChar(3,3,TempTime[1]/10 + 48,TempTime[1]%10 + 48);
 408   4                              }
 409   3                              else if(Loc == 6)
 410   3                              {
 411   4                                  //日期加一
 412   4                                      AddDay(&TempTime[2],1);
 413   4                                      LCD12864DisplayTwoChar(3,5,TempTime[2]/10 + 48,TempTime[2]%10 + 48);
 414   4                              }
 415   3                              
 416   3                              else if(Loc == 7)
 417   3                              {
 418   4                                  //小时加一
 419   4                                      AddHour(&TempTime[3],1);
 420   4                                      LCD12864DisplayTwoChar(4,1,TempTime[3]/10 + 48,TempTime[3]%10 + 48);
 421   4                              }
 422   3                              else if(Loc == 8)
 423   3                              {
 424   4                                  //分钟加一
 425   4                                      AddMinute(&TempTime[4],1);
 426   4                                      LCD12864DisplayTwoChar(4,3,TempTime[4]/10 + 48,TempTime[4]%10 + 48);
C51 COMPILER V9.00   BUTTON                                                                06/03/2016 18:23:32 PAGE 8   

 427   4                              }
 428   3                              
 429   3                              else
 430   3                              {
 431   4                                  //秒加一
 432   4                                      AddSecond(&TempTime[5],1);
 433   4                                      LCD12864DisplayTwoChar(4,5,TempTime[5]/10 + 48,TempTime[5]%10 + 48);
 434   4                              }
 435   3                              while(KeyIn1==0);
 436   3                      }
 437   2      
 438   2                      if(KeyIn2 == 0)
 439   2                      {
 440   3                      Delay20ms();
 441   3                              Delay20ms();
 442   3                              if(KeyIn2 == 1) continue;
 443   3                              if(Loc == 1)                                               
 444   3                              {
 445   4                              if(VelocityValue1==9)
 446   4                                      {       
 447   5                                          VelocityValue1 = 0;
 448   5                                      LCD12864DisplayChar(2,1,VelocityValue1 + 48);
 449   5                                      }
 450   4                                      else
 451   4                                      {
 452   5                                              LCD12864DisplayChar(2,1,++VelocityValue1 + 48);
 453   5                                      }
 454   4                              }
 455   3                              else if(Loc == 2)
 456   3                              {
 457   4                                  if(VelocityValue2==9)
 458   4                                      {       
 459   5                                          VelocityValue2 = 0;
 460   5                                      LCD12864DisplayChar(2,3,VelocityValue2 + 48);
 461   5                                      }
 462   4                                      else
 463   4                                      {
 464   5                                              LCD12864DisplayChar(2,3,++VelocityValue2 + 48);
 465   5                                      }                               
 466   4                              }
 467   3                              else if(Loc == 3)
 468   3                              {
 469   4                                  if(VelocityValue3==9)
 470   4                                      {       
 471   5                                          VelocityValue3 = 0;
 472   5                                      LCD12864DisplayChar(2,4,VelocityValue3 + 48);               
 473   5                                      }
 474   4                                      else
 475   4                                      {
 476   5                                              LCD12864DisplayChar(2,4,++VelocityValue3 + 48);
 477   5                                      }                                                                                  
 478   4                              }
 479   3                              else if(Loc == 4)
 480   3                              {
 481   4                                  //年份减一
 482   4                                      AddYear(&TempTime[0],-1);
 483   4                                      LCD12864DisplayTwoChar(3,1,TempTime[0]/10 + 48,TempTime[0]%10 + 48);
 484   4                              }
 485   3                              else if(Loc == 5)
 486   3                              {
 487   4                                  //月份减一
 488   4                                      AddMonth(&TempTime[1],-1);
C51 COMPILER V9.00   BUTTON                                                                06/03/2016 18:23:32 PAGE 9   

 489   4                                      LCD12864DisplayTwoChar(3,3,TempTime[1]/10 + 48,TempTime[1]%10 + 48);
 490   4                              }
 491   3                              else if(Loc == 6)
 492   3                              {
 493   4                                  //日期减一
 494   4                                      AddDay(&TempTime[2],-1);
 495   4                                      LCD12864DisplayTwoChar(3,5,TempTime[2]/10 + 48,TempTime[2]%10 + 48);
 496   4                              }
 497   3                              
 498   3                              else if(Loc == 7)
 499   3                              {
 500   4                                  //小时减一
 501   4                                      AddHour(&TempTime[3],-1);
 502   4                                      LCD12864DisplayTwoChar(4,1,TempTime[3]/10 + 48,TempTime[3]%10 + 48);
 503   4                              }
 504   3                              else if(Loc == 8)
 505   3                              {
 506   4                                  //分钟减一
 507   4                                      AddMinute(&TempTime[4],-1);
 508   4                                      LCD12864DisplayTwoChar(4,3,TempTime[4]/10 + 48,TempTime[4]%10 + 48);
 509   4                              }
 510   3                              
 511   3                              else
 512   3                              {
 513   4                                  //秒减一
 514   4                                      AddSecond(&TempTime[5],-1);
 515   4                                      LCD12864DisplayTwoChar(4,5,TempTime[5]/10 + 48,TempTime[5]%10 + 48);
 516   4                              }
 517   3                              while(KeyIn2==0);
 518   3                      }                       
 519   2              }       
 520   1              while(EXITSETTING == 0);                                                //当没有退出循环时在里面
 521   1              
 522   1              TempVelocity = 1000*VelocityValue1 + 100*VelocityValue2 + 10*VelocityValue3;    //计算速度阈值
 523   1              SetVelocityThreshold(TempVelocity,0);           //保存速度阈值
 524   1      
 525   1          SaveTime[0] = TempTime[5];
 526   1              SaveTime[1] = TempTime[4];
 527   1              SaveTime[2] = TempTime[3];
 528   1              SaveTime[3] = TempTime[2];
 529   1              SaveTime[4] = TempTime[1];
 530   1              SaveTime[5] = TempTime[0];
 531   1      
 532   1          set_time(SaveTime);
 533   1      
 534   1              LCD12864SettingExit();
 535   1              EXITSETTING = 0;
 536   1      }


MODULE INFORMATION:   STATIC OVERLAYABLE
   CODE SIZE        =   2434    ----
   CONSTANT SIZE    =     70    ----
   XDATA SIZE       =   ----      69
   PDATA SIZE       =   ----    ----
   DATA SIZE        =   ----    ----
   IDATA SIZE       =   ----    ----
   BIT SIZE         =   ----    ----
END OF MODULE INFORMATION.


C51 COMPILATION COMPLETE.  0 WARNING(S),  0 ERROR(S)
