C51 COMPILER V9.00   MAIN                                                                  05/30/2016 16:08:02 PAGE 1   


C51 COMPILER V9.00, COMPILATION OF MODULE MAIN
OBJECT MODULE PLACED IN main.OBJ
COMPILER INVOKED BY: E:\software\DevelopmentSoftware\InstallSrc\KeilC51\C51\BIN\C51.EXE main.c COMPACT BROWSE DEBUG OBJE
                    -CTEXTEND

line level    source

   1          #include "stc15.h"
   2          #include "Timer.h"
   3          #include "Delay.h"
   4          
   5          #include "main.h"
   6          
   7          #include "LCD12864.H"
   8          #include "DHT11.h"
   9          #include "UltraSound.h"
  10          #include "DS1302.h"
  11          #include "Button.h"
  12          #include "STC_AD.h"
  13          #include "FLASH.h"                               
  14          //#include "Wifi.h"
  15          //#include "Force.h"
  16          //#include "Camera.h"
  17          #include "UART.h"
  18          
  19          unsigned char code StrHello[]="HELLOWORLD!";
  20          unsigned char DS3231ISREADY;  
  21          unsigned char DHT11ISREADY;
  22          unsigned char ULTRAISREADY;
  23          
  24          unsigned char ADCSTARTREADY;
  25          unsigned char ADCSTOPREADY;
  26          unsigned char ADCDISPLAYREADY;
  27          
  28          unsigned char FASTSPEED;
  29          unsigned char BUZZERTIMER3STOP;
  30          unsigned char ISSETTING;                                                        //设置,1为设置状态 0为运行状态
  31          unsigned char EXITSETTING;                                                      //退出设置标志1为激活0为未激活
  32          
  33          unsigned char StartTime[7]=     {16,5,25,23,52,0,3};    // 年月日时分秒周 14-11-30 23:50:59   DS1302起始时间
  34          unsigned int FirstSetVelocity = 3600;                           // 初始速度阈值约为3600m/h
  35          
  36          void port_mode()            // 端口模式
  37          {
  38   1              P0M1=0x00; P0M0=0x00;P1M1=0x00; P1M0=0x00;P2M1=0x00; P2M0=0x00;P3M1=0x00; P3M0=0x00;
  39   1              P4M1=0x00; P4M0=0x00;
  40   1              //P5M1=0x00; P5M0=0x00;P6M1=0x00; P6M0=0x00;P7M1=0x00; P7M0=0x00; 
  41   1      }
  42          
  43          void main()
  44          {       
  45   1          
  46   1          //unsigned char code FUCKSTOP[]={"FUCKSTOOP!"};
  47   1              //unsigned char code FUCKSTART[]={"FUCKSTAART!"};
  48   1      
  49   1          port_mode();                                                                //端口设置全部弱上拉
  50   1      
  51   1          DS3231ISREADY = 0;                                                  //DS1302未激活
  52   1              DHT11ISREADY = 0;                                                       //DHT11未激活
  53   1              ULTRAISREADY = 0;                                                       //超声波未激活,他们两个由Timer0中断激活
  54   1              FASTSPEED = 0;                                                          //超速蜂鸣器未激活
C51 COMPILER V9.00   MAIN                                                                  05/30/2016 16:08:02 PAGE 2   

  55   1              BUZZERTIMER3STOP = 0;
  56   1          ISSETTING = 0;
  57   1              EXITSETTING = 0;
  58   1              ADCSTARTREADY = 0;
  59   1              ADCSTOPREADY = 0;
  60   1              ADCDISPLAYREADY = 0;
  61   1              P20 = 1;
  62   1              UltraSoundInit();                                                       //超声波初始化
  63   1              ADC_P12_init();                             //ADC P12口初始化,MQ-135空气质量传感器
  64   1              SetVelocityThreshold(FirstSetVelocity,1);       //速度EEPROM初始化,可以自动识别是否初始化过
  65   1              
  66   1              //DS1302Init(StartTime);                                        //DS1302初始化,初始化一次就行了
  67   1              
  68   1              //P20 = 0;
  69   1              
  70   1              //DHT11Init();          //DHT11没有初始化程序
  71   1          //UARTInit();                       //UART初始化
  72   1          
  73   1          Delay1000ms();                      //延时3s
  74   1          Delay1000ms();   
  75   1          Lcm_Init();                         //LCD12864以及初始化
  76   1      
  77   1          Timer3Init();               //蜂鸣器定时器初始化但不开启,开启由变量FASTSPEED指示
  78   1              INT0_Init();            //按键外部中断0开启
  79   1              Timer0Init();                   //DHT11和超声波
  80   1              EA = 1;                         //使能总中断
  81   1          
  82   1      
  83   1              Display_String(1,StrHello);                                         //LCD显示HelloWorld!
  84   1              Display_String(2,StrHello);                                         //LCD显示HelloWorld!
  85   1              Display_String(3,StrHello);                                         //LCD显示HelloWorld!
  86   1              Display_String(4,StrHello);                                         //LCD显示HelloWorld!
  87   1              //P20 = 0;
  88   1              while(1)
  89   1              {       
  90   2                      /**********************设置状态*****************************/
  91   2                  if(ISSETTING == 0)                                                  
  92   2                      {
  93   3                      if(BUZZERTIMER3STOP)
  94   3                              {
  95   4                                      DisableTimer3();
  96   4                                      //Display_String(4,FUCKSTOP);
  97   4                              }
  98   3      
  99   3                              if(DHT11ISREADY)
 100   3                              {
 101   4                                      DisplayDHT11();                         //读取温度湿度传感器值
 102   4                                      DHT11ISREADY = 0;
 103   4                              }
 104   3                              else if(ULTRAISREADY)
 105   3                              {
 106   4                                      UltraSoundDisplay();                    //超声波
 107   4                                      ULTRAISREADY = 0;
 108   4                                      if(FASTSPEED)
 109   4                                      {
 110   5                                          BUZZERTIMER3STOP = 0;
 111   5                                              EnableTimer3();
 112   5                                              //Display_String(4,FUCKSTART);
 113   5                                      }
 114   4                              }
 115   3                              else if(DS3231ISREADY)
 116   3                              {
C51 COMPILER V9.00   MAIN                                                                  05/30/2016 16:08:02 PAGE 3   

 117   4                                      DS3231read_time();
 118   4                                      DS3231ISREADY = 0;
 119   4                              }
 120   3                              else if(ADCSTARTREADY)
 121   3                              {
 122   4                                      ADCStart();
 123   4                              }
 124   3                              else if(ADCSTOPREADY)
 125   3                              {
 126   4                                      ADCStop();
 127   4                              }
 128   3                              else if(ADCDISPLAYREADY)
 129   3                              {
 130   4                                      ADCDisplay();
 131   4                              }
 132   3                              else ;
 133   3                      }
 134   2                      /*********************************设置状态*****************************/
 135   2                      else
 136   2                      {
 137   3                              EnterSetting();                                                          //这里设置成死循环!
 138   3                      }
 139   2              }
 140   1      }


MODULE INFORMATION:   STATIC OVERLAYABLE
   CODE SIZE        =    242    ----
   CONSTANT SIZE    =     12    ----
   XDATA SIZE       =   ----    ----
   PDATA SIZE       =     19    ----
   DATA SIZE        =   ----    ----
   IDATA SIZE       =   ----    ----
   BIT SIZE         =   ----    ----
END OF MODULE INFORMATION.


C51 COMPILATION COMPLETE.  0 WARNING(S),  0 ERROR(S)
