C51 COMPILER V9.00   TIMER                                                                 05/22/2016 11:09:02 PAGE 1   


C51 COMPILER V9.00, COMPILATION OF MODULE TIMER
OBJECT MODULE PLACED IN Timer.OBJ
COMPILER INVOKED BY: E:\software\DevelopmentSoftware\InstallSrc\KeilC51\C51\BIN\C51.EXE Timer.c COMPACT BROWSE DEBUG OBJ
                    -ECTEXTEND

line level    source

   1          #include "stc15.h"
   2          //#include "Temperature.h"
   3          //#include "UART.h"
   4          //#include "DHT11.h"
   5          #include "Buzzer.h"
   6          //#include "UltraSound.h"
   7          #include "main.h"
   8          
   9          #define TFOSC 11059200L
  10          #define TIMS (65536-TFOSC/1000)  //1T模式
  11          
  12          unsigned int T0times0;          //定时器0中断次数0
  13          unsigned int T0times1;          //定时器0中断次数1
  14          unsigned int T1times;           //定时器1中断次数
  15          unsigned int T3times;           //定时器3中断次数
  16          unsigned int T4times;           //定时器4中断次数
  17          unsigned int T3TimesValue;      //定时器3中断阈值
  18          //sbit P20 = P2^0;
  19          
  20          //固定定时器Timer0
  21          void Timer0Init(void)           //1毫秒@11.0592MHz
  22          {
  23   1              AUXR |= 0x80;               //定时器0时钟1T模式
  24   1              TMOD &= 0xfc;                   //设置定时器0 16位自动重装载
  25   1              TL0 = TIMS;                             //设置定时初值
  26   1              TH0 = TIMS>>8;                  //设置定时初值
  27   1              PT0 = 0;                //Timer0低优先级
  28   1              TR0 = 1;                        //定时器0开始计时
  29   1              ET0 = 1;                //使能定时器0中断
  30   1              T0times0 = 0;
  31   1              T0times1 = 0;
  32   1              P25 = 1;
  33   1              P24 = 1;
  34   1      }
  35          
  36          //Timer0中断函数
  37          void Timer0_ISR() interrupt 1                               
  38          {
  39   1          //EA = 0;
  40   1              if(T0times0<2000)
  41   1              {
  42   2                  T0times0++;
  43   2              }
  44   1              else
  45   1              {
  46   2                  T0times0=0;
  47   2                      DHT11ISREADY = 1;
  48   2                      
  49   2              }
  50   1              if(T0times1<500)
  51   1              {
  52   2                  T0times1++;
  53   2              }
  54   1              else
C51 COMPILER V9.00   TIMER                                                                 05/22/2016 11:09:02 PAGE 2   

  55   1              {
  56   2                  T0times1=0;
  57   2                      ULTRAISREADY = 1;
  58   2                      
  59   2              }
  60   1              
  61   1              //EA = 1;
  62   1      }
  63          
  64          //计时定时器Timer1
  65          void Timer1Init(void)           //@11.0592MHz           340m/s  4m       340t=2x    x<=4m    t=x/170<=0.02352941s   65535*1/110
             -59200
  66          {                                                                                   //有溢出的可能性,需要添加中断次数变量T1Times
  67   1              AUXR |= 0x40;                                   //定时器1时钟1T模式
  68   1              TMOD &= 0xf3;                                                           //设置定时器1 16位自动重装载
  69   1              TR1 = 0;                                                                //定时器1停止计时
  70   1              ET1 = 0;                                                        //关闭定时器1中断
  71   1      }
  72          
  73          void EnableTimer1()
  74          {
  75   1              TL1 = 0;                                                                        //设置定时初值
  76   1              TH1 = 0>>8;                                                             //设置定时初值
  77   1              TR1 = 1;                                                                //定时器1开始计时
  78   1              ET1 = 1;                                                        //使能定时器1中断
  79   1              T1times = 0;
  80   1      }
  81          
  82          void DisableTimer1()
  83          {
  84   1              TR1 = 0;                        //定时器1停止计时
  85   1              ET1 = 0;                //关闭定时器1中断       
  86   1      }
  87          
  88          //Timer1中断函数
  89          void Timer1_ISR() interrupt 3                           //由于发送数据使用串口中断,尽量避免在别的中断里直接发数据
  90          {
  91   1          //EA = 0;
  92   1              if(T1times<1000)
  93   1              {       
  94   2                      T1times++;
  95   2              }
  96   1              else
  97   1              {
  98   2                      T1times=0;
  99   2              }
 100   1              //EA = 1;
 101   1              if(T1times == 4)
 102   1              {
 103   2                      ;
 104   2                      //SendData('?');
 105   2              }
 106   1      }
 107          
 108          //可变定时器Timer3
 109          void Timer3Init(void)           //1毫秒@11.0592MHz
 110          {
 111   1              T4T3M &= 0xfb;              //定时器3内部系统时钟
 112   1              T4T3M |= 0x02;          //定时器3 1T模式
 113   1              T4T3M &= 0xf7;              //定时器3停止计时
 114   1              IE2 &= 0xdf;            //关闭定时器3中断
 115   1      }
C51 COMPILER V9.00   TIMER                                                                 05/22/2016 11:09:02 PAGE 3   

 116          
 117          void EnableTimer3()
 118          {
 119   1              T4T3M |= 0x08;              //定时器3开始计时
 120   1              IE2 |= 0x20;            //开启定时器3中断
 121   1              T3L = TIMS;                             //设置定时初值
 122   1              T3H = TIMS>>8;                  //设置定时初值
 123   1              T3times = 0;
 124   1              T3TimesValue = 400;
 125   1      }
 126          
 127          void DisableTimer3()
 128          {
 129   1              T4T3M &= 0xf7;              //定时器3停止计时
 130   1              IE2 &= 0xdf;            //关闭定时器3中断       
 131   1      }
 132          
 133          //Timer3中断函数
 134          void Timer3_ISR() interrupt 19                          //由于发送数据使用串口中断,尽量避免在别的中断里直接发数据
 135          {
 136   1          EA = 0;
 137   1              if(T3times<T3TimesValue)
 138   1              {       
 139   2                  Buzzer();                                                           //蜂鸣器
 140   2                      T3times++;
 141   2              }
 142   1              else
 143   1              {
 144   2                  P55 = 0;
 145   2                  FASTSPEED = 0;                                              
 146   2                  TIMER3STOP = 1;
 147   2                      T3times=0;
 148   2              }
 149   1              EA = 1;
 150   1      }
 151          
 152          //可变定时器Timer4
 153          void Timer4Init(void)           //1毫秒@11.0592MHz
 154          {
 155   1              T4T3M &= 0xbf;              //定时器4内部系统时钟
 156   1              T4T3M |= 0x20;          //定时器4 1T模式
 157   1              T4L = TIMS;                             //设置定时初值
 158   1              T4H = TIMS>>8;                  //设置定时初值
 159   1              T4T3M &= 0x7f;              //定时器4停止计时
 160   1              IE2 &= 0xbf;            //关闭定时器4中断
 161   1              P25 = 0;
 162   1      }
 163          
 164          void EnableTimer4()
 165          {
 166   1              T4T3M |= 0x80;              //定时器4开始计时
 167   1              IE2 |= 0x40;            //开启定时器4中断
 168   1              T4times = 0;
 169   1      }
 170          
 171          void DisableTimer4()
 172          {
 173   1              T4T3M &= 0x7f;              //定时器4停止计时
 174   1              IE2 &= 0xbf;            //关闭定时器4中断       
 175   1      }
 176          
 177          //Timer4中断函数
C51 COMPILER V9.00   TIMER                                                                 05/22/2016 11:09:02 PAGE 4   

 178          void Timer4_ISR() interrupt 20                          //由于发送数据使用串口中断,尽量避免在别的中断里直接发数据
 179          {
 180   1          //EA = 0;
 181   1              if(T4times<1000)
 182   1              {       
 183   2                      T4times++;
 184   2              }
 185   1              else
 186   1              {
 187   2                      T4times=0;
 188   2                      P25=!P25;
 189   2                      //SendString("ABCDE");
 190   2                      //ReadTemperature();                    //读取温度湿度传感器值
 191   2                      //ReadAir();                            //读取空气传感器值
 192   2                      //WifiSend();                           //Wifi发送数据
 193   2              }
 194   1              //EA = 1;
 195   1      }


MODULE INFORMATION:   STATIC OVERLAYABLE
   CODE SIZE        =    439    ----
   CONSTANT SIZE    =   ----    ----
   XDATA SIZE       =   ----    ----
   PDATA SIZE       =     12    ----
   DATA SIZE        =   ----    ----
   IDATA SIZE       =   ----    ----
   BIT SIZE         =   ----    ----
END OF MODULE INFORMATION.


C51 COMPILATION COMPLETE.  0 WARNING(S),  0 ERROR(S)
