BL51 BANKED LINKER/LOCATER V6.22                                                        06/03/2016  18:25:54  PAGE 1


BL51 BANKED LINKER/LOCATER V6.22, INVOKED BY:
E:\SOFTWARE\DEVELOPMENTSOFTWARE\INSTALLSRC\KEILC51\C51\BIN\BL51.EXE STARTUP.obj, main.obj, UART.obj, Delay.obj, Timer.ob
>> j, UltraSound.obj, DHT11.obj, Buzzer.obj, LCD12864.obj, DS1302.obj, Button.obj, FLASH.obj, STC_AD.obj TO 超速报警 RAM
>> SIZE (256)


MEMORY MODEL: LARGE WITH FLOATING POINT ARITHMETIC


INPUT MODULES INCLUDED:
  STARTUP.obj (?C_STARTUP)
  main.obj (MAIN)
  UART.obj (UART)
  Delay.obj (DELAY)
  Timer.obj (TIMER)
  UltraSound.obj (ULTRASOUND)
  DHT11.obj (DHT11)
  Buzzer.obj (BUZZER)
  LCD12864.obj (LCD12864)
  DS1302.obj (DS1302)
  Button.obj (BUTTON)
  FLASH.obj (FLASH)
  STC_AD.obj (STC_AD)
  E:\SOFTWARE\DEVELOPMENTSOFTWARE\INSTALLSRC\KEILC51\C51\LIB\C51FPL.LIB (?C?FPMUL)
  E:\SOFTWARE\DEVELOPMENTSOFTWARE\INSTALLSRC\KEILC51\C51\LIB\C51FPL.LIB (?C?FCAST)
  E:\SOFTWARE\DEVELOPMENTSOFTWARE\INSTALLSRC\KEILC51\C51\LIB\C51FPL.LIB (?C?CASTF)
  E:\SOFTWARE\DEVELOPMENTSOFTWARE\INSTALLSRC\KEILC51\C51\LIB\C51FPL.LIB (?C?FPGETOPN)
  E:\SOFTWARE\DEVELOPMENTSOFTWARE\INSTALLSRC\KEILC51\C51\LIB\C51L.LIB (?C_INIT)
  E:\SOFTWARE\DEVELOPMENTSOFTWARE\INSTALLSRC\KEILC51\C51\LIB\C51L.LIB (?C?COPY)
  E:\SOFTWARE\DEVELOPMENTSOFTWARE\INSTALLSRC\KEILC51\C51\LIB\C51L.LIB (?C?CLDPTR)
  E:\SOFTWARE\DEVELOPMENTSOFTWARE\INSTALLSRC\KEILC51\C51\LIB\C51L.LIB (?C?CLDOPTR)
  E:\SOFTWARE\DEVELOPMENTSOFTWARE\INSTALLSRC\KEILC51\C51\LIB\C51L.LIB (?C?CILDPTR)
  E:\SOFTWARE\DEVELOPMENTSOFTWARE\INSTALLSRC\KEILC51\C51\LIB\C51L.LIB (?C?CILDOPTR)
  E:\SOFTWARE\DEVELOPMENTSOFTWARE\INSTALLSRC\KEILC51\C51\LIB\C51L.LIB (?C?CSTPTR)
  E:\SOFTWARE\DEVELOPMENTSOFTWARE\INSTALLSRC\KEILC51\C51\LIB\C51L.LIB (?C?CSTOPTR)
  E:\SOFTWARE\DEVELOPMENTSOFTWARE\INSTALLSRC\KEILC51\C51\LIB\C51L.LIB (?C?IMUL)
  E:\SOFTWARE\DEVELOPMENTSOFTWARE\INSTALLSRC\KEILC51\C51\LIB\C51L.LIB (?C?UIDIV)
  E:\SOFTWARE\DEVELOPMENTSOFTWARE\INSTALLSRC\KEILC51\C51\LIB\C51L.LIB (?C?ILDIX)
  E:\SOFTWARE\DEVELOPMENTSOFTWARE\INSTALLSRC\KEILC51\C51\LIB\C51L.LIB (?C?LMUL)
  E:\SOFTWARE\DEVELOPMENTSOFTWARE\INSTALLSRC\KEILC51\C51\LIB\C51L.LIB (?C?ULDIV)
  E:\SOFTWARE\DEVELOPMENTSOFTWARE\INSTALLSRC\KEILC51\C51\LIB\C51L.LIB (?C?LNEG)
  E:\SOFTWARE\DEVELOPMENTSOFTWARE\INSTALLSRC\KEILC51\C51\LIB\C51L.LIB (?C?ULCMP)
  E:\SOFTWARE\DEVELOPMENTSOFTWARE\INSTALLSRC\KEILC51\C51\LIB\C51L.LIB (?C?LSTXDATA)


LINK MAP OF MODULE:  超速报警 (?C_STARTUP)


            TYPE    BASE      LENGTH    RELOCATION   SEGMENT NAME
            -----------------------------------------------------

            * * * * * * *   D A T A   M E M O R Y   * * * * * * *
            REG     0000H     0008H     ABSOLUTE     "REG BANK 0"
                    0008H     0018H                  *** GAP ***
            BIT     0020H.0   0000H.2   UNIT         ?BI?UART
                    0020H.2   0000H.6                *** GAP ***
            IDATA   0021H     0001H     UNIT         ?STACK

BL51 BANKED LINKER/LOCATER V6.22                                                      06/03/2016  18:25:54  PAGE 2


            * * * * * * *  X D A T A   M E M O R Y  * * * * * * *
            XDATA   0000H     0052H     UNIT         _XDATA_GROUP_
            XDATA   0052H     0018H     UNIT         ?XD?MAIN
            XDATA   006AH     0010H     UNIT         ?XD?TIMER
            XDATA   007AH     000DH     UNIT         ?XD?ULTRASOUND
            XDATA   0087H     000DH     UNIT         ?XD?DHT11
            XDATA   0094H     0008H     UNIT         ?XD?_DS1302INIT?DS1302
            XDATA   009CH     0006H     UNIT         ?XD?_DATA_SWAP?DS1302
            XDATA   00A2H     0003H     UNIT         ?XD?_SENDSTRING2?UART
            XDATA   00A5H     0003H     UNIT         ?XD?_SENDSTRING2LENGTH?UART
            XDATA   00A8H     0002H     UNIT         ?XD?UART
            XDATA   00AAH     0002H     UNIT         ?XD?STC_AD

            * * * * * * *   C O D E   M E M O R Y   * * * * * * *
            CODE    0000H     0003H     ABSOLUTE     
            CODE    0003H     0003H     ABSOLUTE     
            CODE    0006H     0005H     UNIT         ?PR?DELAY2US?DELAY
            CODE    000BH     0003H     ABSOLUTE     
            CODE    000EH     000DH     UNIT         ?PR?TIMER1INIT?TIMER
            CODE    001BH     0003H     ABSOLUTE     
            CODE    001EH     0005H     UNIT         ?PR?DISABLETIMER0?TIMER
            CODE    0023H     0003H     ABSOLUTE     
            CODE    0026H     0005H     UNIT         ?PR?DISABLETIMER1?TIMER
            CODE    002BH     0003H     ABSOLUTE     
            CODE    002EH     0015H     UNIT         ?PR?CLEAR_DS1302_WP?DS1302
            CODE    0043H     0003H     ABSOLUTE     
            CODE    0046H     004EH     UNIT         ?PR?ADC?STC_AD
            CODE    0094H     0007H     UNIT         ?PR?DISABLETIMER4?TIMER
            CODE    009BH     0003H     ABSOLUTE     
            CODE    009EH     0005H     UNIT         ?PR?INT0_INIT?BUTTON
            CODE    00A3H     0003H     ABSOLUTE     
            CODE    00A6H     0822H     UNIT         ?PR?ENTERSETTING?BUTTON
            CODE    08C8H     054FH     UNIT         ?C?LIB_CODE
            CODE    0E17H     027EH     UNIT         ?PR?ULTRASOUNDDISPLAY?ULTRASOUND
            CODE    1095H     012FH     UNIT         ?PR?MAIN?MAIN
            CODE    11C4H     0121H     UNIT         ?PR?DS1302SENDTIMEBYWIFI?DS1302
            CODE    12E5H     0108H     UNIT         ?PR?_DATA_SWAP?DS1302
            CODE    13EDH     00DDH     UNIT         ?PR?ADCDISPLAY?STC_AD
            CODE    14CAH     00D0H     UNIT         ?PR?READDHT11?DHT11
            CODE    159AH     00D0H     UNIT         ?PR?_LCD12864_SEND_TIME?DS1302
            CODE    166AH     00CFH     UNIT         ?PR?_DS1302_READOUTTIME?DS1302
            CODE    1739H     00C3H     UNIT         ?PR?_SETVELOCITYTHRESHOLD?FLASH
            CODE    17FCH     00B5H     UNIT         ?PR?TIMER0_ISR?TIMER
            CODE    18B1H     008CH     UNIT         ?C_C51STARTUP
            CODE    193DH     0075H     UNIT         ?PR?TIMER3_ISR?TIMER
            CODE    19B2H     006CH     UNIT         ?PR?SUPER_COUNT?ULTRASOUND
            CODE    1A1EH     006BH     UNIT         ?PR?_DISPLAY_STRING?LCD12864
            CODE    1A89H     006AH     UNIT         ?PR?UART?UART
            CODE    1AF3H     0069H     UNIT         ?PR?_SET_TIME?DS1302
            CODE    1B5CH     0068H     UNIT         ?PR?UART2?UART
            CODE    1BC4H     0065H     UNIT         ?PR?EXT0?BUTTON
            CODE    1C29H     0064H     UNIT         ?PR?COM?DHT11
            CODE    1C8DH     0061H     UNIT         ?PR?DISPLAYDHT11?DHT11
            CODE    1CEEH     004DH     UNIT         ?PR?_LCD12864DISPLAYTWOCHAR?LCD12864
            CODE    1D3BH     0048H     UNIT         ?PR?_EEPROM_READ_N?FLASH
            CODE    1D83H     0046H     UNIT         ?CO?BUTTON
            CODE    1DC9H     0045H     UNIT         ?PR?_LCD12864DISPLAYCHAR?LCD12864
BL51 BANKED LINKER/LOCATER V6.22                                                      06/03/2016  18:25:54  PAGE 3


            CODE    1E0EH     0043H     UNIT         ?CO?STC_AD
            CODE    1E51H     0040H     UNIT         ?PR?LCM_INIT?LCD12864
            CODE    1E91H     003CH     UNIT         ?PR?_SENDSTRING?UART
            CODE    1ECDH     003CH     UNIT         ?PR?_EEPROM_WRITE_N?FLASH
            CODE    1F09H     003BH     UNIT         ?PR?GETVELOCITYTHRESHOLD?FLASH
            CODE    1F44H     003AH     UNIT         ?PR?TIMER4_ISR?TIMER
            CODE    1F7EH     0037H     UNIT         ?PR?LCD12864SETTINGINIT?LCD12864
            CODE    1FB5H     0037H     UNIT         ?PR?LCD12864SETTINGEXIT?LCD12864
            CODE    1FECH     0037H     UNIT         ?PR?_WRITE_DS1302_NBYTE?DS1302
            CODE    2023H     0035H     UNIT         ?PR?TIMER1_ISR?TIMER
            CODE    2058H     0033H     UNIT         ?PR?_SENDSTRING2?UART
            CODE    208BH     002DH     UNIT         ?PR?_SENDSTRING2LENGTH?UART
            CODE    20B8H     002CH     UNIT         ?PR?DS3231READ_TIME?DS1302
            CODE    20E4H     002CH     UNIT         ?PR?_ADDYEAR?BUTTON
            CODE    2110H     002CH     UNIT         ?PR?_ADDHOUR?BUTTON
            CODE    213CH     002BH     UNIT         ?PR?ADC_P12_INIT?STC_AD
            CODE    2167H     0029H     UNIT         ?PR?_ADDMONTH?BUTTON
            CODE    2190H     0029H     UNIT         ?PR?_ADDDAY?BUTTON
            CODE    21B9H     0027H     UNIT         ?PR?_WR_COMMAND?LCD12864
            CODE    21E0H     0027H     UNIT         ?PR?_WRITE_DS1302_BYTE?DS1302
            CODE    2207H     0026H     UNIT         ?PR?_ADDMINUTE?BUTTON
            CODE    222DH     0026H     UNIT         ?PR?_ADDSECOND?BUTTON
            CODE    2253H     0020H     UNIT         ?PR?_EEPROM_SECTORERASE?FLASH
            CODE    2273H     001EH     UNIT         ?PR?TIMER0INIT?TIMER
            CODE    2291H     001DH     UNIT         ?PR?ENABLETIMER3?TIMER
            CODE    22AEH     001DH     UNIT         ?PR?_WR_DATA?LCD12864
            CODE    22CBH     001AH     UNIT         ?PR?_DS1302INIT?DS1302
            CODE    22E5H     0019H     UNIT         ?PR?UARTINIT?UART
            CODE    22FEH     0019H     UNIT         ?PR?UART2INIT?UART
            CODE    2317H     0018H     UNIT         ?CO?MAIN
            CODE    232FH     0017H     UNIT         ?PR?READ_DS1302_BYTE?DS1302
            CODE    2346H     0016H     UNIT         ?PR?PORT_MODE?MAIN
            CODE    235CH     0016H     UNIT         ?PR?ENABLETIMER0?TIMER
            CODE    2372H     0015H     UNIT         ?PR?SET_DS1302_WP?DS1302
            CODE    2387H     0013H     UNIT         ?PR?TIMER4INIT?TIMER
            CODE    239AH     0013H     UNIT         ?PR?DISULTRASOUND?ULTRASOUND
            CODE    23ADH     0012H     UNIT         ?PR?ENABLETIMER4?TIMER
            CODE    23BFH     0011H     UNIT         ?CO?ULTRASOUND
            CODE    23D0H     0011H     UNIT         ?CO?DHT11
            CODE    23E1H     0011H     UNIT         ?PR?RDBF?LCD12864
            CODE    23F2H     0010H     UNIT         ?C_INITSEG
            CODE    2402H     0010H     UNIT         ?PR?ENABLETIMER1?TIMER
            CODE    2412H     0010H     UNIT         ?CO?DS1302
            CODE    2422H     0010H     UNIT         ?PR?ADCSTOP?STC_AD
            CODE    2432H     000FH     UNIT         ?PR?DELAY100MS?DELAY
            CODE    2441H     000FH     UNIT         ?PR?DELAY20MS?DELAY
            CODE    2450H     000FH     UNIT         ?PR?DELAY50MS?DELAY
            CODE    245FH     000FH     UNIT         ?PR?DELAY1000MS?DELAY
            CODE    246EH     000EH     UNIT         ?PR?DISABLEEEPROM?FLASH
            CODE    247CH     000DH     UNIT         ?PR?TIMER3INIT?TIMER
            CODE    2489H     000DH     UNIT         ?PR?DISABLETIMER3?TIMER
            CODE    2496H     000DH     UNIT         ?PR?DELAY_1S?DS1302
            CODE    24A3H     000CH     UNIT         ?PR?SUPER_START?ULTRASOUND
            CODE    24AFH     000BH     UNIT         ?PR?DELAY1MS?DELAY
            CODE    24BAH     000BH     UNIT         ?PR?DELAY2MS?DELAY
            CODE    24C5H     000BH     UNIT         ?PR?_DELAY?ULTRASOUND
            CODE    24D0H     000BH     UNIT         ?PR?ADCSTART?STC_AD
BL51 BANKED LINKER/LOCATER V6.22                                                      06/03/2016  18:25:54  PAGE 4


            CODE    24DBH     0009H     UNIT         ?PR?_SENDDATA?UART
            CODE    24E4H     0009H     UNIT         ?PR?_SENDDATA2?UART
            CODE    24EDH     0009H     UNIT         ?PR?DELAY10MS?DELAY
            CODE    24F6H     0009H     UNIT         ?PR?DELAY5MS?DELAY
            CODE    24FFH     0008H     UNIT         ?PR?UART1SENDUART2STRING?UART
            CODE    2507H     0008H     UNIT         ?PR?UART2SENDUART1STRING?UART
            CODE    250FH     0008H     UNIT         ?PR?REFRESHTIMER4?TIMER
            CODE    2517H     0007H     UNIT         ?PR?BUZZER?BUZZER
            CODE    251EH     0006H     UNIT         ?PR?DELAY10US?DELAY
            CODE    2524H     0006H     UNIT         ?PR?DELAY5US?DELAY



OVERLAY MAP OF MODULE:   超速报警 (?C_STARTUP)


SEGMENT                                        XDATA_GROUP
  +--> CALLED SEGMENT                        START    LENGTH
------------------------------------------------------------
?C_C51STARTUP                                -----    -----
  +--> ?PR?MAIN?MAIN
  +--> ?C_INITSEG

?PR?MAIN?MAIN                                -----    -----
  +--> ?PR?PORT_MODE?MAIN
  +--> ?PR?UARTINIT?UART
  +--> ?PR?TIMER1INIT?TIMER
  +--> ?PR?ADC_P12_INIT?STC_AD
  +--> ?PR?_SETVELOCITYTHRESHOLD?FLASH
  +--> ?PR?DELAY1000MS?DELAY
  +--> ?PR?LCM_INIT?LCD12864
  +--> ?PR?TIMER3INIT?TIMER
  +--> ?PR?INT0_INIT?BUTTON
  +--> ?PR?TIMER0INIT?TIMER
  +--> ?CO?MAIN
  +--> ?PR?_DISPLAY_STRING?LCD12864
  +--> ?PR?DISABLETIMER3?TIMER
  +--> ?PR?DISPLAYDHT11?DHT11
  +--> ?PR?ULTRASOUNDDISPLAY?ULTRASOUND
  +--> ?PR?ENABLETIMER3?TIMER
  +--> ?PR?_SENDSTRING?UART
  +--> ?PR?DS1302SENDTIMEBYWIFI?DS1302
  +--> ?PR?DS3231READ_TIME?DS1302
  +--> ?PR?ADCSTART?STC_AD
  +--> ?PR?ADCSTOP?STC_AD
  +--> ?PR?ADCDISPLAY?STC_AD
  +--> ?PR?ENTERSETTING?BUTTON

?PR?_SETVELOCITYTHRESHOLD?FLASH              0045H    0007H
  +--> ?PR?_EEPROM_READ_N?FLASH
  +--> ?PR?_EEPROM_SECTORERASE?FLASH
  +--> ?PR?_EEPROM_WRITE_N?FLASH

?PR?_EEPROM_READ_N?FLASH                     004CH    0006H
  +--> ?PR?DISABLEEEPROM?FLASH

?PR?_EEPROM_SECTORERASE?FLASH                -----    -----
BL51 BANKED LINKER/LOCATER V6.22                                                      06/03/2016  18:25:54  PAGE 5


  +--> ?PR?DISABLEEEPROM?FLASH

?PR?_EEPROM_WRITE_N?FLASH                    004CH    0006H
  +--> ?PR?DISABLEEEPROM?FLASH

?PR?LCM_INIT?LCD12864                        -----    -----
  +--> ?PR?DELAY5MS?DELAY
  +--> ?PR?_WR_COMMAND?LCD12864

?PR?_WR_COMMAND?LCD12864                     0049H    0001H
  +--> ?PR?RDBF?LCD12864
  +--> ?PR?DELAY5US?DELAY

?PR?_DISPLAY_STRING?LCD12864                 0045H    0004H
  +--> ?PR?_WR_COMMAND?LCD12864
  +--> ?PR?_WR_DATA?LCD12864

?PR?_WR_DATA?LCD12864                        0049H    0001H
  +--> ?PR?RDBF?LCD12864
  +--> ?PR?DELAY5US?DELAY

?PR?DISPLAYDHT11?DHT11                       0000H    0011H
  +--> ?CO?DHT11
  +--> ?PR?READDHT11?DHT11
  +--> ?PR?_DISPLAY_STRING?LCD12864

?PR?READDHT11?DHT11                          0011H    0001H
  +--> ?PR?DELAY1MS?DELAY
  +--> ?PR?DELAY10US?DELAY
  +--> ?PR?COM?DHT11

?PR?COM?DHT11                                0012H    0001H
  +--> ?PR?DELAY10US?DELAY

?PR?ULTRASOUNDDISPLAY?ULTRASOUND             0000H    0020H
  +--> ?CO?ULTRASOUND
  +--> ?PR?GETVELOCITYTHRESHOLD?FLASH
  +--> ?PR?DISULTRASOUND?ULTRASOUND
  +--> ?PR?DELAY50MS?DELAY
  +--> ?PR?_DISPLAY_STRING?LCD12864

?PR?GETVELOCITYTHRESHOLD?FLASH               0045H    0004H
  +--> ?PR?_EEPROM_READ_N?FLASH

?PR?DISULTRASOUND?ULTRASOUND                 -----    -----
  +--> ?PR?SUPER_START?ULTRASOUND
  +--> ?PR?ENABLETIMER1?TIMER
  +--> ?PR?DISABLETIMER1?TIMER
  +--> ?PR?SUPER_COUNT?ULTRASOUND

?PR?SUPER_START?ULTRASOUND                   -----    -----
  +--> ?PR?_DELAY?ULTRASOUND

?PR?_SENDSTRING?UART                         0000H    0003H
  +--> ?PR?_SENDDATA?UART

?PR?DS1302SENDTIMEBYWIFI?DS1302              0000H    0013H
BL51 BANKED LINKER/LOCATER V6.22                                                      06/03/2016  18:25:54  PAGE 6


  +--> ?PR?_DS1302_READOUTTIME?DS1302
  +--> ?PR?_SENDDATA?UART

?PR?_DS1302_READOUTTIME?DS1302               0045H    000BH
  +--> ?CO?DS1302
  +--> ?PR?_WRITE_DS1302_BYTE?DS1302
  +--> ?PR?READ_DS1302_BYTE?DS1302

?PR?DS3231READ_TIME?DS1302                   0000H    0008H
  +--> ?CO?DS1302
  +--> ?PR?_WRITE_DS1302_BYTE?DS1302
  +--> ?PR?READ_DS1302_BYTE?DS1302
  +--> ?PR?_LCD12864_SEND_TIME?DS1302

?PR?_LCD12864_SEND_TIME?DS1302               0008H    0019H
  +--> ?PR?_DISPLAY_STRING?LCD12864

?PR?ADCDISPLAY?STC_AD                        0000H    000FH
  +--> ?CO?STC_AD
  +--> ?PR?_DISPLAY_STRING?LCD12864

?PR?ENTERSETTING?BUTTON                      0000H    0045H
  +--> ?CO?BUTTON
  +--> ?PR?LCD12864SETTINGINIT?LCD12864
  +--> ?PR?_DISPLAY_STRING?LCD12864
  +--> ?PR?GETVELOCITYTHRESHOLD?FLASH
  +--> ?PR?_DS1302_READOUTTIME?DS1302
  +--> ?PR?_LCD12864DISPLAYCHAR?LCD12864
  +--> ?PR?_LCD12864DISPLAYTWOCHAR?LCD12864
  +--> ?PR?DELAY20MS?DELAY
  +--> ?PR?_ADDYEAR?BUTTON
  +--> ?PR?_ADDMONTH?BUTTON
  +--> ?PR?_ADDDAY?BUTTON
  +--> ?PR?_ADDHOUR?BUTTON
  +--> ?PR?_ADDMINUTE?BUTTON
  +--> ?PR?_ADDSECOND?BUTTON
  +--> ?PR?_SETVELOCITYTHRESHOLD?FLASH
  +--> ?PR?_SET_TIME?DS1302
  +--> ?PR?LCD12864SETTINGEXIT?LCD12864

?PR?LCD12864SETTINGINIT?LCD12864             -----    -----
  +--> ?PR?_WR_COMMAND?LCD12864
  +--> ?PR?DELAY5MS?DELAY

?PR?_LCD12864DISPLAYCHAR?LCD12864            0045H    0002H
  +--> ?PR?_WR_COMMAND?LCD12864
  +--> ?PR?_WR_DATA?LCD12864

?PR?_LCD12864DISPLAYTWOCHAR?LCD12864         0045H    0004H
  +--> ?PR?_WR_COMMAND?LCD12864
  +--> ?PR?_WR_DATA?LCD12864

?PR?_SET_TIME?DS1302                         0045H    0003H
  +--> ?PR?CLEAR_DS1302_WP?DS1302
  +--> ?PR?_WRITE_DS1302_NBYTE?DS1302
  +--> ?PR?SET_DS1302_WP?DS1302

BL51 BANKED LINKER/LOCATER V6.22                                                      06/03/2016  18:25:54  PAGE 7


?PR?CLEAR_DS1302_WP?DS1302                   -----    -----
  +--> ?PR?_WRITE_DS1302_BYTE?DS1302

?PR?_WRITE_DS1302_NBYTE?DS1302               0048H    0003H
  +--> ?PR?_WRITE_DS1302_BYTE?DS1302

?PR?SET_DS1302_WP?DS1302                     -----    -----
  +--> ?PR?_WRITE_DS1302_BYTE?DS1302

?PR?LCD12864SETTINGEXIT?LCD12864             -----    -----
  +--> ?PR?_WR_COMMAND?LCD12864
  +--> ?PR?DELAY5MS?DELAY

*** NEW ROOT ***************************************************

?PR?UART?UART                                -----    -----
  +--> ?PR?ENABLETIMER4?TIMER

*** NEW ROOT ***************************************************

?PR?UART2?UART                               -----    -----
  +--> ?PR?ENABLETIMER4?TIMER

*** NEW ROOT ***************************************************

?PR?TIMER3_ISR?TIMER                         -----    -----
  +--> ?PR?BUZZER?BUZZER

*** NEW ROOT ***************************************************

?PR?TIMER4_ISR?TIMER                         -----    -----
  +--> ?PR?DISABLETIMER4?TIMER

*** NEW ROOT ***************************************************

?PR?EXT0?BUTTON                              -----    -----
  +--> ?PR?DELAY20MS?DELAY
  +--> ?PR?DISABLETIMER0?TIMER
  +--> ?PR?DISABLETIMER3?TIMER
  +--> ?PR?ENABLETIMER0?TIMER
  +--> ?PR?ENABLETIMER3?TIMER



SYMBOL TABLE OF MODULE:  超速报警 (?C_STARTUP)

  VALUE           TYPE          NAME
  ----------------------------------

  -------         MODULE        ?C_STARTUP
  C:18B1H         SEGMENT       ?C_C51STARTUP
  I:0021H         SEGMENT       ?STACK
  C:0000H         PUBLIC        ?C_STARTUP
  D:00E0H         SYMBOL        ACC
  D:00F0H         SYMBOL        B
  D:0083H         SYMBOL        DPH
  D:0082H         SYMBOL        DPL
BL51 BANKED LINKER/LOCATER V6.22                                                      06/03/2016  18:25:54  PAGE 8


  N:0000H         SYMBOL        IBPSTACK
  N:0100H         SYMBOL        IBPSTACKTOP
  N:0080H         SYMBOL        IDATALEN
  C:18B4H         SYMBOL        IDATALOOP
  N:0000H         SYMBOL        PBPSTACK
  N:0100H         SYMBOL        PBPSTACKTOP
  N:0000H         SYMBOL        PDATALEN
  N:0000H         SYMBOL        PDATASTART
  N:0000H         SYMBOL        PPAGE
  N:0000H         SYMBOL        PPAGEENABLE
  D:00A0H         SYMBOL        PPAGE_SFR
  D:0081H         SYMBOL        SP
  C:18B1H         SYMBOL        STARTUP1
  N:0000H         SYMBOL        XBPSTACK
  N:0000H         SYMBOL        XBPSTACKTOP
  N:0000H         SYMBOL        XDATALEN
  N:0000H         SYMBOL        XDATASTART
  C:0000H         LINE#         126
  C:18B1H         LINE#         133
  C:18B3H         LINE#         134
  C:18B4H         LINE#         135
  C:18B5H         LINE#         136
  C:18B7H         LINE#         185
  C:18BAH         LINE#         196
  -------         ENDMOD        ?C_STARTUP

  -------         MODULE        MAIN
  C:0000H         SYMBOL        _ICE_DUMMY_
  D:0092H         PUBLIC        P1M0
  D:0093H         PUBLIC        P0M1
  X:0052H         PUBLIC        TEMPSTOP
  D:0096H         PUBLIC        P2M0
  D:0091H         PUBLIC        P1M1
  D:0080H         PUBLIC        P0
  D:00B2H         PUBLIC        P3M0
  D:0095H         PUBLIC        P2M1
  D:0090H         PUBLIC        P1
  D:00B4H         PUBLIC        P4M0
  D:00B1H         PUBLIC        P3M1
  D:00A0H         PUBLIC        P2
  X:0053H         PUBLIC        UART1RIREADY
  D:00B3H         PUBLIC        P4M1
  D:00B0H         PUBLIC        P3
  X:0054H         PUBLIC        UART2RIREADY
  D:00C0H         PUBLIC        P4
  D:00C8H         PUBLIC        P5
  B:00A8H.7       PUBLIC        EA
  D:00E8H         PUBLIC        P6
  D:00F8H         PUBLIC        P7
  X:0055H         PUBLIC        ADCSTOPREADY
  D:00A8H         PUBLIC        IE
  X:0056H         PUBLIC        FirstSetVelocity
  D:00B8H         PUBLIC        IP
  X:0058H         PUBLIC        ULTRAISREADY
  X:0059H         PUBLIC        StartTime
  X:0060H         PUBLIC        SENDREADY
  X:0061H         PUBLIC        FASTSPEED
BL51 BANKED LINKER/LOCATER V6.22                                                      06/03/2016  18:25:54  PAGE 9


  D:00D8H         PUBLIC        CCON
  C:1095H         PUBLIC        main
  C:2323H         PUBLIC        StrHello
  D:0098H         PUBLIC        SCON
  D:0088H         PUBLIC        TCON
  B:0090H.4       PUBLIC        P14
  B:0090H.5       PUBLIC        P15
  B:00C0H.4       PUBLIC        P44
  B:00C8H.4       PUBLIC        P54
  B:00C8H.5       PUBLIC        P55
  X:0062H         PUBLIC        ISSETTING
  X:0063H         PUBLIC        WIFINEEDDELAY
  C:2346H         PUBLIC        port_mode
  X:0064H         PUBLIC        ADCSTARTREADY
  X:0065H         PUBLIC        DHT11ISREADY
  X:0066H         PUBLIC        ADCDISPLAYREADY
  X:0067H         PUBLIC        EXITSETTING
  X:0068H         PUBLIC        BUZZERTIMER3STOP
  X:0069H         PUBLIC        DS3231ISREADY
  D:00D0H         PUBLIC        PSW
  D:0094H         PUBLIC        P0M0
  -------         PROC          PORT_MODE
  C:2346H         LINE#         47
  C:2346H         LINE#         48
  C:2346H         LINE#         49
  C:2357H         LINE#         50
  C:235BH         LINE#         52
  -------         ENDPROC       PORT_MODE
  -------         PROC          MAIN
  C:1095H         LINE#         54
  C:1095H         LINE#         55
  C:1095H         LINE#         60
  C:1098H         LINE#         61
  C:109BH         LINE#         63
  C:109DH         LINE#         64
  C:109FH         LINE#         65
  C:10A1H         LINE#         67
  C:10A6H         LINE#         68
  C:10AAH         LINE#         69
  C:10AEH         LINE#         70
  C:10B2H         LINE#         71
  C:10B6H         LINE#         72
  C:10BAH         LINE#         73
  C:10BEH         LINE#         74
  C:10C2H         LINE#         75
  C:10C6H         LINE#         76
  C:10CAH         LINE#         77
  C:10CEH         LINE#         78
  C:10D2H         LINE#         80
  C:10D6H         LINE#         81
  C:10DAH         LINE#         88
  C:10DDH         LINE#         89
  C:10E0H         LINE#         90
  C:10EDH         LINE#         92
  C:10F0H         LINE#         93
  C:10F3H         LINE#         94
  C:10F6H         LINE#         96
BL51 BANKED LINKER/LOCATER V6.22                                                      06/03/2016  18:25:54  PAGE 10


  C:10F9H         LINE#         97
  C:10FCH         LINE#         98
  C:10FFH         LINE#         102
  C:110AH         LINE#         103
  C:1115H         LINE#         104
  C:1120H         LINE#         105
  C:112BH         LINE#         107
  C:112DH         LINE#         108
  C:112FH         LINE#         110
  C:1132H         LINE#         111
  C:1134H         LINE#         119
  C:1134H         LINE#         120
  C:1134H         LINE#         121
  C:1134H         LINE#         122
  C:1134H         LINE#         124
  C:1134H         LINE#         137
  C:1134H         LINE#         139
  C:113DH         LINE#         140
  C:113DH         LINE#         142
  C:1143H         LINE#         143
  C:1143H         LINE#         144
  C:1146H         LINE#         146
  C:1146H         LINE#         148
  C:114CH         LINE#         149
  C:114CH         LINE#         150
  C:114FH         LINE#         151
  C:1154H         LINE#         152
  C:1156H         LINE#         153
  C:115CH         LINE#         154
  C:115CH         LINE#         155
  C:115FH         LINE#         156
  C:1164H         LINE#         157
  C:116AH         LINE#         158
  C:116AH         LINE#         159
  C:116FH         LINE#         160
  C:1172H         LINE#         165
  C:117BH         LINE#         166
  C:1184H         LINE#         167
  C:1187H         LINE#         172
  C:1187H         LINE#         173
  C:1189H         LINE#         174
  C:118FH         LINE#         175
  C:118FH         LINE#         176
  C:1192H         LINE#         177
  C:1197H         LINE#         178
  C:1199H         LINE#         179
  C:119FH         LINE#         180
  C:119FH         LINE#         181
  C:11A2H         LINE#         182
  C:11A4H         LINE#         183
  C:11AAH         LINE#         184
  C:11AAH         LINE#         185
  C:11ADH         LINE#         186
  C:11AFH         LINE#         187
  C:11B8H         LINE#         188
  C:11B8H         LINE#         189
  C:11BBH         LINE#         190
BL51 BANKED LINKER/LOCATER V6.22                                                      06/03/2016  18:25:54  PAGE 11


  C:11BEH         LINE#         192
  C:11BEH         LINE#         195
  C:11BEH         LINE#         200
  C:11C1H         LINE#         201
  C:11C1H         LINE#         202
  C:11C1H         LINE#         204
  -------         ENDPROC       MAIN
  -------         ENDMOD        MAIN

  -------         MODULE        UART
  C:0000H         SYMBOL        _ICE_DUMMY_
  D:0090H         PUBLIC        P1
  D:00A0H         PUBLIC        P2
  C:22FEH         PUBLIC        UART2Init
  X:00A8H         PUBLIC        UART1Temp
  C:1E91H         PUBLIC        _SendString
  X:00A9H         PUBLIC        UART2Temp
  C:24DBH         PUBLIC        _SendData
  B:00A8H.4       PUBLIC        ES
  B:0098H.0       PUBLIC        RI
  B:0098H.1       PUBLIC        TI
  C:1A89H         PUBLIC        Uart
  C:208BH         PUBLIC        _SendString2Length
  B:00B8H.4       PUBLIC        PS
  C:2507H         PUBLIC        Uart2SendUart1String
  C:24FFH         PUBLIC        Uart1SendUart2String
  D:0099H         PUBLIC        SBUF
  D:0098H         PUBLIC        SCON
  D:0089H         PUBLIC        TMOD
  B:0090H.5       PUBLIC        P15
  C:2058H         PUBLIC        _SendString2
  C:24E4H         PUBLIC        _SendData2
  D:00AFH         PUBLIC        IE2
  D:008EH         PUBLIC        AUXR
  B:0020H.0       PUBLIC        busy
  D:00E0H         PUBLIC        ACC
  B:00A8H.3       PUBLIC        ET1
  D:00B5H         PUBLIC        IP2
  D:00D6H         PUBLIC        T2H
  B:00D0H.0       PUBLIC        P
  C:1B5CH         PUBLIC        Uart2
  D:00D7H         PUBLIC        T2L
  C:22E5H         PUBLIC        UARTInit
  D:009BH         PUBLIC        S2BUF
  D:009AH         PUBLIC        S2CON
  B:0020H.1       PUBLIC        busy2
  -------         PROC          UARTINIT
  C:22E5H         LINE#         56
  C:22E5H         LINE#         57
  C:22E5H         LINE#         59
  C:22E8H         LINE#         66
  C:22EBH         LINE#         67
  C:22EEH         LINE#         70
  C:22F1H         LINE#         71
  C:22F4H         LINE#         72
  C:22F7H         LINE#         74
  C:22F9H         LINE#         75
BL51 BANKED LINKER/LOCATER V6.22                                                      06/03/2016  18:25:54  PAGE 12


  C:22FBH         LINE#         76
  C:22FDH         LINE#         77
  -------         ENDPROC       UARTINIT
  -------         PROC          UART2INIT
  C:22FEH         LINE#         79
  C:22FEH         LINE#         80
  C:22FEH         LINE#         82
  C:2301H         LINE#         88
  C:2304H         LINE#         89
  C:2307H         LINE#         90
  C:230AH         LINE#         91
  C:230DH         LINE#         92
  C:2310H         LINE#         94
  C:2313H         LINE#         95
  C:2316H         LINE#         97
  -------         ENDPROC       UART2INIT
  -------         PROC          UART
  C:1A89H         LINE#         102
  C:1AA6H         LINE#         104
  C:1AA8H         LINE#         105
  C:1AABH         LINE#         106
  C:1AABH         LINE#         107
  C:1AADH         LINE#         108
  C:1AB3H         LINE#         110
  C:1AB9H         LINE#         111
  C:1ABFH         LINE#         112
  C:1ABFH         LINE#         113
  C:1AC2H         LINE#         114
  C:1AC8H         LINE#         115
  C:1ACAH         LINE#         117
  C:1ACAH         LINE#         118
  C:1AD1H         LINE#         119
  C:1AD1H         LINE#         120
  C:1AD1H         LINE#         121
  C:1AD4H         LINE#         122
  C:1AD4H         LINE#         123
  C:1AD6H         LINE#         124
  C:1AD8H         LINE#         125
  C:1AD8H         LINE#         126
  -------         ENDPROC       UART
  -------         PROC          _SENDDATA
  D:0007H         SYMBOL        dat
  C:24DBH         LINE#         131
  C:24DBH         LINE#         132
  C:24DBH         LINE#         133
  C:24DEH         LINE#         134
  C:24DFH         LINE#         135
  C:24DFH         LINE#         136
  C:24DFH         LINE#         142
  C:24DFH         LINE#         144
  C:24DFH         LINE#         150
  C:24DFH         LINE#         151
  C:24E1H         LINE#         152
  C:24E3H         LINE#         154
  -------         ENDPROC       _SENDDATA
  -------         PROC          _SENDSTRING
  X:0000H         SYMBOL        s
BL51 BANKED LINKER/LOCATER V6.22                                                      06/03/2016  18:25:54  PAGE 13


  -------         DO            
  D:0006H         SYMBOL        FUCK
  -------         ENDDO         
  C:1E91H         LINE#         159
  C:1E9CH         LINE#         160
  C:1E9CH         LINE#         161
  C:1E9EH         LINE#         162
  C:1EAEH         LINE#         163
  C:1EAEH         LINE#         164
  C:1EC3H         LINE#         165
  C:1EC4H         LINE#         166
  C:1EC8H         LINE#         167
  C:1EC8H         LINE#         168
  C:1ECAH         LINE#         169
  C:1ECAH         LINE#         170
  C:1ECCH         LINE#         172
  -------         ENDPROC       _SENDSTRING
  -------         PROC          UART1SENDUART2STRING
  C:24FFH         LINE#         177
  C:24FFH         LINE#         178
  C:24FFH         LINE#         185
  -------         ENDPROC       UART1SENDUART2STRING
  -------         PROC          UART2
  C:1B5CH         LINE#         191
  C:1B79H         LINE#         193
  C:1B7EH         LINE#         194
  C:1B7EH         LINE#         195
  C:1B81H         LINE#         198
  C:1B87H         LINE#         199
  C:1B8DH         LINE#         200
  C:1B8DH         LINE#         201
  C:1B90H         LINE#         202
  C:1B96H         LINE#         203
  C:1B98H         LINE#         205
  C:1B98H         LINE#         206
  C:1B9FH         LINE#         207
  C:1B9FH         LINE#         210
  C:1B9FH         LINE#         211
  C:1BA4H         LINE#         212
  C:1BA4H         LINE#         213
  C:1BA7H         LINE#         214
  C:1BA9H         LINE#         215
  C:1BA9H         LINE#         216
  -------         ENDPROC       UART2
  -------         PROC          _SENDDATA2
  D:0007H         SYMBOL        dat
  C:24E4H         LINE#         221
  C:24E4H         LINE#         222
  C:24E4H         LINE#         223
  C:24E7H         LINE#         224
  C:24E8H         LINE#         225
  C:24E8H         LINE#         226
  C:24E8H         LINE#         232
  C:24E8H         LINE#         234
  C:24E8H         LINE#         240
  C:24E8H         LINE#         241
  C:24EAH         LINE#         242
BL51 BANKED LINKER/LOCATER V6.22                                                      06/03/2016  18:25:54  PAGE 14


  C:24ECH         LINE#         244
  -------         ENDPROC       _SENDDATA2
  -------         PROC          _SENDSTRING2
  X:00A2H         SYMBOL        s
  C:2058H         LINE#         249
  C:2063H         LINE#         250
  C:2063H         LINE#         251
  C:2073H         LINE#         252
  C:2073H         LINE#         253
  C:2088H         LINE#         254
  C:208AH         LINE#         255
  -------         ENDPROC       _SENDSTRING2
  -------         PROC          _SENDSTRING2LENGTH
  X:00A5H         SYMBOL        s
  D:0005H         SYMBOL        length
  -------         DO            
  D:0006H         SYMBOL        i
  -------         ENDDO         
  C:208BH         LINE#         257
  C:2096H         LINE#         258
  C:2096H         LINE#         260
  C:209DH         LINE#         261
  C:209DH         LINE#         262
  C:20B4H         LINE#         263
  C:20B7H         LINE#         265
  -------         ENDPROC       _SENDSTRING2LENGTH
  -------         PROC          UART2SENDUART1STRING
  C:2507H         LINE#         270
  C:2507H         LINE#         271
  C:2507H         LINE#         275
  -------         ENDPROC       UART2SENDUART1STRING
  -------         ENDMOD        UART

  -------         MODULE        DELAY
  C:0000H         SYMBOL        _ICE_DUMMY_
  D:0080H         PUBLIC        P0
  D:0090H         PUBLIC        P1
  D:00A0H         PUBLIC        P2
  D:00B0H         PUBLIC        P3
  D:00C0H         PUBLIC        P4
  C:24AFH         PUBLIC        Delay1ms
  D:00C8H         PUBLIC        P5
  C:24BAH         PUBLIC        Delay2ms
  D:00E8H         PUBLIC        P6
  D:00F8H         PUBLIC        P7
  D:00A8H         PUBLIC        IE
  C:2524H         PUBLIC        Delay5us
  C:245FH         PUBLIC        Delay1000ms
  D:00B8H         PUBLIC        IP
  D:00D8H         PUBLIC        CCON
  D:0098H         PUBLIC        SCON
  C:24EDH         PUBLIC        Delay10ms
  D:0088H         PUBLIC        TCON
  C:2441H         PUBLIC        Delay20ms
  C:2450H         PUBLIC        Delay50ms
  C:251EH         PUBLIC        Delay10us
  C:2432H         PUBLIC        Delay100ms
BL51 BANKED LINKER/LOCATER V6.22                                                      06/03/2016  18:25:54  PAGE 15


  C:24F6H         PUBLIC        Delay5Ms
  C:0006H         PUBLIC        Delay2uS
  D:00D0H         PUBLIC        PSW
  -------         PROC          DELAY100MS
  -------         DO            
  D:0007H         SYMBOL        i
  D:0006H         SYMBOL        j
  D:0005H         SYMBOL        k
  -------         ENDDO         
  C:2432H         LINE#         4
  C:2432H         LINE#         5
  C:2432H         LINE#         8
  C:2433H         LINE#         9
  C:2434H         LINE#         10
  C:2436H         LINE#         11
  C:2438H         LINE#         12
  C:243AH         LINE#         14
  C:243AH         LINE#         16
  C:243AH         LINE#         17
  C:243CH         LINE#         18
  C:243EH         LINE#         19
  C:2440H         LINE#         20
  -------         ENDPROC       DELAY100MS
  -------         PROC          DELAY1MS
  -------         DO            
  D:0007H         SYMBOL        i
  D:0006H         SYMBOL        j
  -------         ENDDO         
  C:24AFH         LINE#         22
  C:24AFH         LINE#         23
  C:24AFH         LINE#         25
  C:24B0H         LINE#         26
  C:24B1H         LINE#         27
  C:24B3H         LINE#         28
  C:24B5H         LINE#         30
  C:24B5H         LINE#         31
  C:24B7H         LINE#         32
  C:24B9H         LINE#         33
  -------         ENDPROC       DELAY1MS
  -------         PROC          DELAY2MS
  -------         DO            
  D:0007H         SYMBOL        i
  D:0006H         SYMBOL        j
  -------         ENDDO         
  C:24BAH         LINE#         35
  C:24BAH         LINE#         36
  C:24BAH         LINE#         39
  C:24BBH         LINE#         40
  C:24BCH         LINE#         41
  C:24BEH         LINE#         42
  C:24C0H         LINE#         44
  C:24C0H         LINE#         45
  C:24C2H         LINE#         46
  C:24C4H         LINE#         47
  -------         ENDPROC       DELAY2MS
  -------         PROC          DELAY20MS
  -------         DO            
BL51 BANKED LINKER/LOCATER V6.22                                                      06/03/2016  18:25:54  PAGE 16


  D:0007H         SYMBOL        i
  D:0006H         SYMBOL        j
  D:0005H         SYMBOL        k
  -------         ENDDO         
  C:2441H         LINE#         49
  C:2441H         LINE#         50
  C:2441H         LINE#         53
  C:2442H         LINE#         54
  C:2443H         LINE#         55
  C:2445H         LINE#         56
  C:2447H         LINE#         57
  C:2449H         LINE#         59
  C:2449H         LINE#         61
  C:2449H         LINE#         62
  C:244BH         LINE#         63
  C:244DH         LINE#         64
  C:244FH         LINE#         65
  -------         ENDPROC       DELAY20MS
  -------         PROC          DELAY10MS
  -------         DO            
  D:0007H         SYMBOL        i
  D:0006H         SYMBOL        j
  -------         ENDDO         
  C:24EDH         LINE#         67
  C:24EDH         LINE#         68
  C:24EDH         LINE#         71
  C:24EFH         LINE#         72
  C:24F1H         LINE#         74
  C:24F1H         LINE#         75
  C:24F3H         LINE#         76
  C:24F5H         LINE#         77
  -------         ENDPROC       DELAY10MS
  -------         PROC          DELAY50MS
  -------         DO            
  D:0007H         SYMBOL        i
  D:0006H         SYMBOL        j
  D:0005H         SYMBOL        k
  -------         ENDDO         
  C:2450H         LINE#         79
  C:2450H         LINE#         80
  C:2450H         LINE#         83
  C:2451H         LINE#         84
  C:2452H         LINE#         85
  C:2454H         LINE#         86
  C:2456H         LINE#         87
  C:2458H         LINE#         89
  C:2458H         LINE#         91
  C:2458H         LINE#         92
  C:245AH         LINE#         93
  C:245CH         LINE#         94
  C:245EH         LINE#         95
  -------         ENDPROC       DELAY50MS
  -------         PROC          DELAY10US
  -------         DO            
  D:0007H         SYMBOL        i
  -------         ENDDO         
  C:251EH         LINE#         98
BL51 BANKED LINKER/LOCATER V6.22                                                      06/03/2016  18:25:54  PAGE 17


  C:251EH         LINE#         99
  C:251EH         LINE#         102
  C:251FH         LINE#         103
  C:2521H         LINE#         104
  C:2523H         LINE#         105
  -------         ENDPROC       DELAY10US
  -------         PROC          DELAY2US
  -------         DO            
  D:0007H         SYMBOL        i
  -------         ENDDO         
  C:0006H         LINE#         107
  C:0006H         LINE#         108
  C:0006H         LINE#         111
  C:0008H         LINE#         112
  C:000AH         LINE#         113
  -------         ENDPROC       DELAY2US
  -------         PROC          DELAY5MS
  -------         DO            
  D:0007H         SYMBOL        i
  D:0006H         SYMBOL        j
  -------         ENDDO         
  C:24F6H         LINE#         115
  C:24F6H         LINE#         116
  C:24F6H         LINE#         119
  C:24F8H         LINE#         120
  C:24FAH         LINE#         122
  C:24FAH         LINE#         123
  C:24FCH         LINE#         124
  C:24FEH         LINE#         125
  -------         ENDPROC       DELAY5MS
  -------         PROC          DELAY5US
  -------         DO            
  D:0007H         SYMBOL        i
  -------         ENDDO         
  C:2524H         LINE#         127
  C:2524H         LINE#         128
  C:2524H         LINE#         131
  C:2525H         LINE#         132
  C:2527H         LINE#         133
  C:2529H         LINE#         134
  -------         ENDPROC       DELAY5US
  -------         PROC          DELAY1000MS
  -------         DO            
  D:0007H         SYMBOL        i
  D:0006H         SYMBOL        j
  D:0005H         SYMBOL        k
  -------         ENDDO         
  C:245FH         LINE#         136
  C:245FH         LINE#         137
  C:245FH         LINE#         140
  C:2460H         LINE#         141
  C:2461H         LINE#         142
  C:2463H         LINE#         143
  C:2465H         LINE#         144
  C:2467H         LINE#         146
  C:2467H         LINE#         148
  C:2467H         LINE#         149
BL51 BANKED LINKER/LOCATER V6.22                                                      06/03/2016  18:25:54  PAGE 18


  C:2469H         LINE#         150
  C:246BH         LINE#         151
  C:246DH         LINE#         152
  -------         ENDPROC       DELAY1000MS
  -------         ENDMOD        DELAY

  -------         MODULE        TIMER
  C:0000H         SYMBOL        _ICE_DUMMY_
  C:235CH         PUBLIC        EnableTimer0
  D:0080H         PUBLIC        P0
  C:2402H         PUBLIC        EnableTimer1
  D:0090H         PUBLIC        P1
  D:00A0H         PUBLIC        P2
  C:2291H         PUBLIC        EnableTimer3
  D:00B0H         PUBLIC        P3
  C:23ADH         PUBLIC        EnableTimer4
  C:17FCH         PUBLIC        Timer0_ISR
  D:00C0H         PUBLIC        P4
  C:2023H         PUBLIC        Timer1_ISR
  D:00C8H         PUBLIC        P5
  B:00A8H.7       PUBLIC        EA
  D:00E8H         PUBLIC        P6
  C:193DH         PUBLIC        Timer3_ISR
  D:00F8H         PUBLIC        P7
  C:1F44H         PUBLIC        Timer4_ISR
  C:250FH         PUBLIC        RefreshTimer4
  X:006AH         PUBLIC        T3TimesValue
  D:00A8H         PUBLIC        IE
  D:00B8H         PUBLIC        IP
  D:00D8H         PUBLIC        CCON
  X:006CH         PUBLIC        T1times
  X:006EH         PUBLIC        T3times
  X:0070H         PUBLIC        T4times
  B:00A0H.0       PUBLIC        P20
  D:0098H         PUBLIC        SCON
  D:0089H         PUBLIC        TMOD
  D:0088H         PUBLIC        TCON
  B:00C0H.4       PUBLIC        P44
  B:00C8H.4       PUBLIC        P54
  B:00C8H.5       PUBLIC        P55
  D:00AFH         PUBLIC        IE2
  D:008EH         PUBLIC        AUXR
  B:00A8H.1       PUBLIC        ET0
  B:00A8H.3       PUBLIC        ET1
  C:2273H         PUBLIC        Timer0Init
  C:000EH         PUBLIC        Timer1Init
  D:008CH         PUBLIC        TH0
  D:008DH         PUBLIC        TH1
  C:247CH         PUBLIC        Timer3Init
  C:2387H         PUBLIC        Timer4Init
  D:00D4H         PUBLIC        T3H
  D:00D2H         PUBLIC        T4H
  D:008AH         PUBLIC        TL0
  D:008BH         PUBLIC        TL1
  D:00D5H         PUBLIC        T3L
  D:00D3H         PUBLIC        T4L
  B:00B8H.1       PUBLIC        PT0
BL51 BANKED LINKER/LOCATER V6.22                                                      06/03/2016  18:25:54  PAGE 19


  B:00B8H.3       PUBLIC        PT1
  B:0088H.4       PUBLIC        TR0
  B:0088H.6       PUBLIC        TR1
  X:0072H         PUBLIC        T0times0
  X:0074H         PUBLIC        T0times1
  X:0076H         PUBLIC        T0times2
  X:0078H         PUBLIC        T0times3
  D:00D1H         PUBLIC        T4T3M
  C:001EH         PUBLIC        DisableTimer0
  C:0026H         PUBLIC        DisableTimer1
  C:2489H         PUBLIC        DisableTimer3
  C:0094H         PUBLIC        DisableTimer4
  D:00D0H         PUBLIC        PSW
  -------         PROC          TIMER0INIT
  C:2273H         LINE#         23
  C:2273H         LINE#         24
  C:2273H         LINE#         25
  C:2276H         LINE#         26
  C:2279H         LINE#         27
  C:227CH         LINE#         28
  C:227FH         LINE#         29
  C:2281H         LINE#         30
  C:2283H         LINE#         31
  C:2285H         LINE#         32
  C:228CH         LINE#         33
  C:2290H         LINE#         34
  -------         ENDPROC       TIMER0INIT
  -------         PROC          ENABLETIMER0
  C:235CH         LINE#         36
  C:235CH         LINE#         37
  C:235CH         LINE#         38
  C:235FH         LINE#         39
  C:2362H         LINE#         40
  C:2364H         LINE#         41
  C:2366H         LINE#         42
  C:236DH         LINE#         43
  C:2371H         LINE#         44
  -------         ENDPROC       ENABLETIMER0
  -------         PROC          DISABLETIMER0
  C:001EH         LINE#         46
  C:001EH         LINE#         47
  C:001EH         LINE#         48
  C:0020H         LINE#         49
  C:0022H         LINE#         50
  -------         ENDPROC       DISABLETIMER0
  -------         PROC          TIMER0_ISR
  C:17FCH         LINE#         53
  C:1804H         LINE#         56
  C:1813H         LINE#         57
  C:1813H         LINE#         58
  C:181FH         LINE#         59
  C:1821H         LINE#         61
  C:1821H         LINE#         62
  C:1828H         LINE#         63
  C:182DH         LINE#         64
  C:182DH         LINE#         66
  C:183CH         LINE#         67
BL51 BANKED LINKER/LOCATER V6.22                                                      06/03/2016  18:25:54  PAGE 20


  C:183CH         LINE#         68
  C:1848H         LINE#         69
  C:184AH         LINE#         71
  C:184AH         LINE#         72
  C:1851H         LINE#         73
  C:1856H         LINE#         74
  C:1856H         LINE#         76
  C:1865H         LINE#         77
  C:1865H         LINE#         78
  C:1871H         LINE#         79
  C:1873H         LINE#         81
  C:1873H         LINE#         82
  C:187AH         LINE#         83
  C:187FH         LINE#         84
  C:187FH         LINE#         86
  C:188EH         LINE#         87
  C:188EH         LINE#         88
  C:189AH         LINE#         89
  C:189CH         LINE#         91
  C:189CH         LINE#         92
  C:18A3H         LINE#         93
  C:18A8H         LINE#         94
  C:18A8H         LINE#         97
  -------         ENDPROC       TIMER0_ISR
  -------         PROC          TIMER1INIT
  C:000EH         LINE#         100
  C:000EH         LINE#         101
  C:000EH         LINE#         102
  C:0011H         LINE#         103
  C:0014H         LINE#         104
  C:0016H         LINE#         105
  C:0018H         LINE#         106
  C:001AH         LINE#         107
  -------         ENDPROC       TIMER1INIT
  -------         PROC          ENABLETIMER1
  C:2402H         LINE#         109
  C:2402H         LINE#         110
  C:2402H         LINE#         111
  C:2405H         LINE#         112
  C:2407H         LINE#         113
  C:2409H         LINE#         114
  C:240BH         LINE#         115
  C:2411H         LINE#         116
  -------         ENDPROC       ENABLETIMER1
  -------         PROC          DISABLETIMER1
  C:0026H         LINE#         118
  C:0026H         LINE#         119
  C:0026H         LINE#         120
  C:0028H         LINE#         121
  C:002AH         LINE#         122
  -------         ENDPROC       DISABLETIMER1
  -------         PROC          TIMER1_ISR
  C:2023H         LINE#         125
  C:202BH         LINE#         128
  C:203AH         LINE#         129
  C:203AH         LINE#         130
  C:2046H         LINE#         131
BL51 BANKED LINKER/LOCATER V6.22                                                      06/03/2016  18:25:54  PAGE 21


  C:2048H         LINE#         133
  C:2048H         LINE#         134
  C:204FH         LINE#         135
  C:204FH         LINE#         137
  C:204FH         LINE#         138
  C:204FH         LINE#         141
  C:204FH         LINE#         142
  -------         ENDPROC       TIMER1_ISR
  -------         PROC          TIMER3INIT
  C:247CH         LINE#         145
  C:247CH         LINE#         146
  C:247CH         LINE#         147
  C:247FH         LINE#         148
  C:2482H         LINE#         149
  C:2485H         LINE#         150
  C:2488H         LINE#         151
  -------         ENDPROC       TIMER3INIT
  -------         PROC          ENABLETIMER3
  C:2291H         LINE#         153
  C:2291H         LINE#         154
  C:2291H         LINE#         155
  C:2294H         LINE#         156
  C:2297H         LINE#         157
  C:229AH         LINE#         158
  C:229DH         LINE#         159
  C:22A4H         LINE#         160
  C:22ADH         LINE#         161
  -------         ENDPROC       ENABLETIMER3
  -------         PROC          DISABLETIMER3
  C:2489H         LINE#         163
  C:2489H         LINE#         164
  C:2489H         LINE#         165
  C:248CH         LINE#         166
  C:248FH         LINE#         167
  C:2491H         LINE#         168
  C:2493H         LINE#         169
  C:2495H         LINE#         170
  -------         ENDPROC       DISABLETIMER3
  -------         PROC          TIMER3_ISR
  C:193DH         LINE#         173
  C:195AH         LINE#         175
  C:195CH         LINE#         176
  C:1971H         LINE#         177
  C:1971H         LINE#         178
  C:1974H         LINE#         179
  C:1982H         LINE#         180
  C:1984H         LINE#         182
  C:1984H         LINE#         183
  C:1989H         LINE#         184
  C:198EH         LINE#         185
  C:1995H         LINE#         186
  C:1995H         LINE#         187
  C:1997H         LINE#         188
  -------         ENDPROC       TIMER3_ISR
  -------         PROC          TIMER4INIT
  C:2387H         LINE#         191
  C:2387H         LINE#         192
BL51 BANKED LINKER/LOCATER V6.22                                                      06/03/2016  18:25:54  PAGE 22


  C:2387H         LINE#         193
  C:238AH         LINE#         194
  C:238DH         LINE#         195
  C:2390H         LINE#         196
  C:2393H         LINE#         197
  C:2396H         LINE#         198
  C:2399H         LINE#         199
  -------         ENDPROC       TIMER4INIT
  -------         PROC          ENABLETIMER4
  C:23ADH         LINE#         201
  C:23ADH         LINE#         202
  C:23ADH         LINE#         203
  C:23B0H         LINE#         204
  C:23B3H         LINE#         205
  C:23B6H         LINE#         206
  C:23B8H         LINE#         207
  C:23BEH         LINE#         208
  -------         ENDPROC       ENABLETIMER4
  -------         PROC          DISABLETIMER4
  C:0094H         LINE#         210
  C:0094H         LINE#         211
  C:0094H         LINE#         212
  C:0097H         LINE#         213
  C:009AH         LINE#         214
  -------         ENDPROC       DISABLETIMER4
  -------         PROC          REFRESHTIMER4
  C:250FH         LINE#         216
  C:250FH         LINE#         217
  C:250FH         LINE#         218
  C:2516H         LINE#         219
  -------         ENDPROC       REFRESHTIMER4
  -------         PROC          TIMER4_ISR
  C:1F44H         LINE#         222
  C:1F4CH         LINE#         225
  C:1F5BH         LINE#         226
  C:1F5BH         LINE#         227
  C:1F67H         LINE#         228
  C:1F69H         LINE#         230
  C:1F69H         LINE#         231
  C:1F70H         LINE#         232
  C:1F73H         LINE#         234
  C:1F75H         LINE#         239
  C:1F75H         LINE#         241
  -------         ENDPROC       TIMER4_ISR
  -------         ENDMOD        TIMER

  -------         MODULE        ULTRASOUND
  C:0000H         SYMBOL        _ICE_DUMMY_
  D:0080H         PUBLIC        P0
  D:0090H         PUBLIC        P1
  D:00A0H         PUBLIC        P2
  D:00B0H         PUBLIC        P3
  D:00C0H         PUBLIC        P4
  D:00C8H         PUBLIC        P5
  D:00E8H         PUBLIC        P6
  D:00F8H         PUBLIC        P7
  D:00A8H         PUBLIC        IE
BL51 BANKED LINKER/LOCATER V6.22                                                      06/03/2016  18:25:54  PAGE 23


  C:24C5H         PUBLIC        _delay
  D:00B8H         PUBLIC        IP
  B:00C0H.2       PUBLIC        echo
  D:00D8H         PUBLIC        CCON
  D:0098H         PUBLIC        SCON
  D:0088H         PUBLIC        TCON
  X:007AH         PUBLIC        RealDistance
  X:007CH         PUBLIC        bat
  B:00C0H.1       PUBLIC        trig
  C:239AH         PUBLIC        DisUltraSound
  X:0083H         PUBLIC        RawTime
  C:19B2H         PUBLIC        super_count
  C:23BFH         SYMBOL        _?ix1000
  C:24A3H         PUBLIC        super_start
  D:008DH         PUBLIC        TH1
  D:008BH         PUBLIC        TL1
  C:0E17H         PUBLIC        UltraSoundDisplay
  D:00D0H         PUBLIC        PSW
  -------         PROC          _DELAY
  D:0006H         SYMBOL        i
  C:24C5H         LINE#         18
  C:24C5H         LINE#         19
  C:24C5H         LINE#         20
  C:24CFH         LINE#         21
  -------         ENDPROC       _DELAY
  -------         PROC          SUPER_START
  C:24A3H         LINE#         23
  C:24A3H         LINE#         24
  C:24A3H         LINE#         25
  C:24A5H         LINE#         26
  C:24ACH         LINE#         27
  C:24AEH         LINE#         28
  -------         ENDPROC       SUPER_START
  -------         PROC          SUPER_COUNT
  C:19B2H         LINE#         29
  C:19B2H         LINE#         30
  C:19B2H         LINE#         31
  C:19F5H         LINE#         32
  C:1A1DH         LINE#         42
  C:1A1DH         LINE#         43
  -------         ENDPROC       SUPER_COUNT
  -------         PROC          DISULTRASOUND
  -------         DO            
  D:0006H         SYMBOL        t
  -------         ENDDO         
  C:239AH         LINE#         45
  C:239AH         LINE#         46
  C:239AH         LINE#         48
  C:239DH         LINE#         49
  C:23A0H         LINE#         50
  C:23A3H         LINE#         51
  C:23A6H         LINE#         52
  C:23A9H         LINE#         53
  C:23ACH         LINE#         54
  C:23ACH         LINE#         55
  -------         ENDPROC       DISULTRASOUND
  -------         PROC          ULTRASOUNDDISPLAY
BL51 BANKED LINKER/LOCATER V6.22                                                      06/03/2016  18:25:54  PAGE 24


  -------         DO            
  X:0000H         SYMBOL        VelocityData
  X:0011H         SYMBOL        Dis1
  X:0015H         SYMBOL        Dis2
  X:0019H         SYMBOL        DDis
  X:001DH         SYMBOL        i
  X:001EH         SYMBOL        TempVelocityThreshold
  -------         ENDDO         
  C:0E17H         LINE#         57
  C:0E17H         LINE#         58
  C:0E17H         LINE#         63
  C:0E2AH         LINE#         69
  C:0E35H         LINE#         75
  C:0E44H         LINE#         76
  C:0E49H         LINE#         77
  C:0E49H         LINE#         78
  C:0E4CH         LINE#         79
  C:0E58H         LINE#         80
  C:0E67H         LINE#         82
  C:0E9CH         LINE#         83
  C:0E9CH         LINE#         84
  C:0EA2H         LINE#         85
  C:0EA6H         LINE#         86
  C:0EAAH         LINE#         87
  C:0EAEH         LINE#         88
  C:0EB2H         LINE#         89
  C:0EB6H         LINE#         90
  C:0EBAH         LINE#         91
  C:0EBEH         LINE#         92
  C:0EC1H         LINE#         94
  C:0ECCH         LINE#         95
  C:0ECCH         LINE#         97
  C:0ECCH         LINE#         98
  C:0EEEH         LINE#         99
  C:0EEEH         LINE#         100
  C:0F1AH         LINE#         101
  C:0F20H         LINE#         102
  C:0F22H         LINE#         104
  C:0F22H         LINE#         105
  C:0F4BH         LINE#         106
  C:0F51H         LINE#         107
  C:0F51H         LINE#         108
  C:0F6EH         LINE#         109
  C:0F93H         LINE#         110
  C:0FC5H         LINE#         111
  C:0FF6H         LINE#         112
  C:0FFAH         LINE#         113
  C:102AH         LINE#         114
  C:1059H         LINE#         116
  C:105DH         LINE#         117
  C:1061H         LINE#         118
  C:1065H         LINE#         119
  C:1069H         LINE#         120
  C:106CH         LINE#         122
  C:1077H         LINE#         124
  C:108EH         LINE#         125
  C:108EH         LINE#         126
BL51 BANKED LINKER/LOCATER V6.22                                                      06/03/2016  18:25:54  PAGE 25


  C:1094H         LINE#         133
  C:1094H         LINE#         134
  C:1094H         LINE#         135
  -------         ENDPROC       ULTRASOUNDDISPLAY
  -------         ENDMOD        ULTRASOUND

  -------         MODULE        DHT11
  C:0000H         SYMBOL        _ICE_DUMMY_
  D:0080H         PUBLIC        P0
  D:0090H         PUBLIC        P1
  D:00A0H         PUBLIC        P2
  D:00B0H         PUBLIC        P3
  D:00C0H         PUBLIC        P4
  D:00C8H         PUBLIC        P5
  D:00E8H         PUBLIC        P6
  D:00F8H         PUBLIC        P7
  D:00A8H         PUBLIC        IE
  D:00B8H         PUBLIC        IP
  X:0087H         PUBLIC        HumidityH
  C:1C8DH         PUBLIC        DisplayDHT11
  X:0088H         PUBLIC        HumidityL
  X:0089H         PUBLIC        U8T_data_H_temp
  X:008AH         PUBLIC        U8T_data_L_temp
  D:00D8H         PUBLIC        CCON
  X:008BH         PUBLIC        U8FLAG
  D:0098H         PUBLIC        SCON
  D:0088H         PUBLIC        TCON
  X:008CH         PUBLIC        TempearatureH
  C:14CAH         PUBLIC        ReadDHT11
  C:23D0H         SYMBOL        _?ix1000
  X:008DH         PUBLIC        TempearatureL
  X:008EH         PUBLIC        U8checkdata_temp
  X:008FH         PUBLIC        U8temp
  C:1C29H         PUBLIC        COM
  X:0090H         PUBLIC        CHECK
  X:0091H         PUBLIC        U8RH_data_H_temp
  X:0092H         PUBLIC        U8RH_data_L_temp
  X:0093H         PUBLIC        U8comdata
  D:00D0H         PUBLIC        PSW
  B:00B0H.7       PUBLIC        DHTDATA
  -------         PROC          COM
  -------         DO            
  X:0012H         SYMBOL        i
  -------         ENDDO         
  C:1C29H         LINE#         23
  C:1C29H         LINE#         24
  C:1C29H         LINE#         26
  C:1C2EH         LINE#         27
  C:1C2EH         LINE#         28
  C:1C34H         LINE#         29
  C:1C41H         LINE#         30
  C:1C44H         LINE#         31
  C:1C47H         LINE#         32
  C:1C4AH         LINE#         33
  C:1C4FH         LINE#         34
  C:1C54H         LINE#         35
  C:1C5AH         LINE#         36
BL51 BANKED LINKER/LOCATER V6.22                                                      06/03/2016  18:25:54  PAGE 26


  C:1C67H         LINE#         38
  C:1C6FH         LINE#         43
  C:1C77H         LINE#         44
  C:1C80H         LINE#         45
  C:1C8CH         LINE#         46
  -------         ENDPROC       COM
  -------         PROC          READDHT11
  -------         DO            
  X:0011H         SYMBOL        DelayTemp
  -------         ENDDO         
  C:14CAH         LINE#         65
  C:14CAH         LINE#         66
  C:14CAH         LINE#         69
  C:14CCH         LINE#         70
  C:14D1H         LINE#         71
  C:14D1H         LINE#         72
  C:14D4H         LINE#         73
  C:14E0H         LINE#         74
  C:14E2H         LINE#         76
  C:14E5H         LINE#         77
  C:14E8H         LINE#         78
  C:14EBH         LINE#         79
  C:14EEH         LINE#         81
  C:14F0H         LINE#         83
  C:14F6H         LINE#         84
  C:14F6H         LINE#         85
  C:14FCH         LINE#         87
  C:1509H         LINE#         88
  C:150FH         LINE#         90
  C:151CH         LINE#         92
  C:151FH         LINE#         93
  C:1527H         LINE#         94
  C:152AH         LINE#         95
  C:1532H         LINE#         96
  C:1535H         LINE#         97
  C:153DH         LINE#         98
  C:1540H         LINE#         99
  C:1548H         LINE#         100
  C:154BH         LINE#         101
  C:1554H         LINE#         102
  C:1556H         LINE#         105
  C:1571H         LINE#         106
  C:1577H         LINE#         107
  C:1577H         LINE#         108
  C:1579H         LINE#         109
  C:157CH         LINE#         110
  C:1581H         LINE#         111
  C:1584H         LINE#         112
  C:1588H         LINE#         113
  C:158AH         LINE#         115
  C:158AH         LINE#         116
  C:158DH         LINE#         117
  C:158FH         LINE#         118
  C:1593H         LINE#         119
  C:1595H         LINE#         120
  C:1599H         LINE#         121
  C:1599H         LINE#         122
BL51 BANKED LINKER/LOCATER V6.22                                                      06/03/2016  18:25:54  PAGE 27


  C:1599H         LINE#         123
  -------         ENDPROC       READDHT11
  -------         PROC          DISPLAYDHT11
  -------         DO            
  X:0000H         SYMBOL        HumidityAndTemperatureData
  -------         ENDDO         
  C:1C8DH         LINE#         128
  C:1C8DH         LINE#         129
  C:1C8DH         LINE#         130
  C:1CA0H         LINE#         133
  C:1CA3H         LINE#         148
  C:1CB8H         LINE#         149
  C:1CC3H         LINE#         150
  C:1CD8H         LINE#         151
  C:1CE3H         LINE#         152
  -------         ENDPROC       DISPLAYDHT11
  -------         ENDMOD        DHT11

  -------         MODULE        BUZZER
  C:0000H         SYMBOL        _ICE_DUMMY_
  D:0080H         PUBLIC        P0
  D:0090H         PUBLIC        P1
  D:00A0H         PUBLIC        P2
  D:00B0H         PUBLIC        P3
  D:00C0H         PUBLIC        P4
  D:00C8H         PUBLIC        P5
  C:2517H         PUBLIC        Buzzer
  D:00E8H         PUBLIC        P6
  D:00F8H         PUBLIC        P7
  D:00A8H         PUBLIC        IE
  D:00B8H         PUBLIC        IP
  D:00D8H         PUBLIC        CCON
  D:0098H         PUBLIC        SCON
  D:0088H         PUBLIC        TCON
  B:00C0H.4       PUBLIC        P44
  B:00C8H.4       PUBLIC        P54
  B:00C8H.5       PUBLIC        P55
  D:00D0H         PUBLIC        PSW
  -------         PROC          BUZZER
  C:2517H         LINE#         4
  C:2517H         LINE#         5
  C:2517H         LINE#         7
  C:2519H         LINE#         8
  C:251BH         LINE#         9
  C:251DH         LINE#         10
  -------         ENDPROC       BUZZER
  -------         ENDMOD        BUZZER

  -------         MODULE        LCD12864
  C:0000H         SYMBOL        _ICE_DUMMY_
  D:0080H         PUBLIC        P0
  D:0090H         PUBLIC        P1
  D:00A0H         PUBLIC        P2
  D:00B0H         PUBLIC        P3
  D:00C0H         PUBLIC        P4
  D:00C8H         PUBLIC        P5
  D:00E8H         PUBLIC        P6
BL51 BANKED LINKER/LOCATER V6.22                                                      06/03/2016  18:25:54  PAGE 28


  D:00F8H         PUBLIC        P7
  D:00A8H         PUBLIC        IE
  C:1E51H         PUBLIC        Lcm_Init
  D:00B8H         PUBLIC        IP
  D:00D8H         PUBLIC        CCON
  B:00A0H.7       PUBLIC        RS
  C:22AEH         PUBLIC        _Wr_Data
  B:00A0H.6       PUBLIC        RW
  D:0098H         PUBLIC        SCON
  D:0088H         PUBLIC        TCON
  C:1A1EH         PUBLIC        _Display_String
  C:1DC9H         PUBLIC        _LCD12864DisplayChar
  B:00A0H.4       PUBLIC        REST
  B:00A0H.5       PUBLIC        E
  C:1F7EH         PUBLIC        LCD12864SettingInit
  C:1FB5H         PUBLIC        LCD12864SettingExit
  C:23E1H         PUBLIC        RDbf
  C:21BFH         PUBLIC        _Wr_Command
  C:1CEEH         PUBLIC        _LCD12864DisplayTwoChar
  D:00D0H         PUBLIC        PSW
  -------         PROC          _DISPLAY_STRING
  D:0007H         SYMBOL        line
  X:0045H         SYMBOL        string
  -------         DO            
  X:0048H         SYMBOL        addr
  -------         ENDDO         
  C:1A1EH         LINE#         20
  C:1A29H         LINE#         21
  C:1A29H         LINE#         23
  C:1A33H         LINE#         24
  C:1A3FH         LINE#         25
  C:1A4BH         LINE#         26
  C:1A55H         LINE#         27
  C:1A61H         LINE#         28
  C:1A71H         LINE#         29
  C:1A71H         LINE#         30
  C:1A86H         LINE#         31
  C:1A88H         LINE#         33
  -------         ENDPROC       _DISPLAY_STRING
  -------         PROC          _WR_DATA
  X:0049H         SYMBOL        wrdata
  C:22AEH         LINE#         35
  C:22B3H         LINE#         36
  C:22B3H         LINE#         37
  C:22B6H         LINE#         38
  C:22B8H         LINE#         39
  C:22BAH         LINE#         40
  C:22BDH         LINE#         41
  C:22BFH         LINE#         42
  C:22C5H         LINE#         43
  C:22C8H         LINE#         44
  C:22CAH         LINE#         45
  -------         ENDPROC       _WR_DATA
  C:21B9H         SYMBOL        L?0042
  -------         PROC          L?0041
  -------         ENDPROC       L?0041
  C:21B9H         SYMBOL        L?0042
BL51 BANKED LINKER/LOCATER V6.22                                                      06/03/2016  18:25:54  PAGE 29


  -------         PROC          _WR_COMMAND
  X:0049H         SYMBOL        wrcommand
  D:0004H         SYMBOL        busyc
  C:21BFH         LINE#         47
  C:21C4H         LINE#         48
  C:21C4H         LINE#         49
  C:21CBH         LINE#         50
  C:21CDH         LINE#         51
  C:21CFH         LINE#         52
  C:21D2H         LINE#         53
  C:21D4H         LINE#         54
  C:21DAH         LINE#         55
  C:21DDH         LINE#         56
  C:21DFH         LINE#         57
  -------         ENDPROC       _WR_COMMAND
  -------         PROC          RDBF
  C:23E1H         LINE#         59
  C:23E1H         LINE#         60
  C:23E1H         LINE#         61
  C:23E1H         LINE#         62
  C:23E1H         LINE#         63
  C:23E3H         LINE#         64
  C:23E5H         LINE#         65
  C:23E7H         LINE#         66
  C:23EAH         LINE#         67
  C:23ECH         LINE#         68
  -------         ENDPROC       RDBF
  -------         PROC          _LCD12864DISPLAYCHAR
  D:0007H         SYMBOL        line
  X:0045H         SYMBOL        column
  X:0046H         SYMBOL        Str
  C:1DC9H         LINE#         72
  C:1DD1H         LINE#         73
  C:1DD1H         LINE#         74
  C:1DE0H         LINE#         75
  C:1DE0H         LINE#         76
  C:1DE0H         LINE#         77
  C:1DE0H         LINE#         78
  C:1DE6H         LINE#         79
  C:1DE8H         LINE#         80
  C:1DE8H         LINE#         81
  C:1DE8H         LINE#         82
  C:1DE8H         LINE#         83
  C:1DEEH         LINE#         84
  C:1DF0H         LINE#         85
  C:1DF0H         LINE#         86
  C:1DF0H         LINE#         87
  C:1DF0H         LINE#         88
  C:1DF6H         LINE#         89
  C:1DF8H         LINE#         90
  C:1DF8H         LINE#         91
  C:1DF8H         LINE#         92
  C:1DF8H         LINE#         93
  C:1E06H         LINE#         94
  C:1E06H         LINE#         95
  C:1E06H         LINE#         96
  C:1E06H         LINE#         97
BL51 BANKED LINKER/LOCATER V6.22                                                      06/03/2016  18:25:54  PAGE 30


  C:1E06H         LINE#         99
  C:1E06H         LINE#         100
  C:1E06H         LINE#         102
  -------         ENDPROC       _LCD12864DISPLAYCHAR
  -------         PROC          _LCD12864DISPLAYTWOCHAR
  D:0007H         SYMBOL        line
  X:0046H         SYMBOL        column
  X:0047H         SYMBOL        Str1
  X:0048H         SYMBOL        Str2
  C:1CEEH         LINE#         109
  C:1CF6H         LINE#         110
  C:1CF6H         LINE#         111
  C:1D05H         LINE#         112
  C:1D05H         LINE#         113
  C:1D05H         LINE#         114
  C:1D05H         LINE#         115
  C:1D0BH         LINE#         116
  C:1D0DH         LINE#         117
  C:1D0DH         LINE#         118
  C:1D0DH         LINE#         119
  C:1D0DH         LINE#         120
  C:1D13H         LINE#         121
  C:1D15H         LINE#         122
  C:1D15H         LINE#         123
  C:1D15H         LINE#         124
  C:1D15H         LINE#         125
  C:1D1BH         LINE#         126
  C:1D1DH         LINE#         127
  C:1D1DH         LINE#         128
  C:1D1DH         LINE#         129
  C:1D1DH         LINE#         130
  C:1D2BH         LINE#         131
  C:1D2BH         LINE#         132
  C:1D2BH         LINE#         133
  C:1D2BH         LINE#         134
  C:1D2BH         LINE#         136
  C:1D2BH         LINE#         137
  C:1D2BH         LINE#         139
  C:1D33H         LINE#         140
  -------         ENDPROC       _LCD12864DISPLAYTWOCHAR
  -------         PROC          LCD12864SETTINGINIT
  C:1F7EH         LINE#         143
  C:1F7EH         LINE#         144
  C:1F7EH         LINE#         147
  C:1F86H         LINE#         148
  C:1F89H         LINE#         149
  C:1F91H         LINE#         150
  C:1F94H         LINE#         151
  C:1F9DH         LINE#         152
  C:1FA0H         LINE#         155
  C:1FA3H         LINE#         156
  C:1FA6H         LINE#         157
  C:1FA9H         LINE#         158
  C:1FB2H         LINE#         159
  -------         ENDPROC       LCD12864SETTINGINIT
  -------         PROC          LCD12864SETTINGEXIT
  C:1FB5H         LINE#         163
BL51 BANKED LINKER/LOCATER V6.22                                                      06/03/2016  18:25:54  PAGE 31


  C:1FB5H         LINE#         164
  C:1FB5H         LINE#         165
  C:1FBDH         LINE#         166
  C:1FC0H         LINE#         167
  C:1FC8H         LINE#         168
  C:1FCBH         LINE#         169
  C:1FD4H         LINE#         170
  C:1FD7H         LINE#         171
  C:1FDAH         LINE#         172
  C:1FDDH         LINE#         173
  C:1FE0H         LINE#         174
  C:1FE9H         LINE#         175
  -------         ENDPROC       LCD12864SETTINGEXIT
  -------         PROC          LCM_INIT
  C:1E51H         LINE#         178
  C:1E51H         LINE#         179
  C:1E51H         LINE#         180
  C:1E54H         LINE#         181
  C:1E56H         LINE#         182
  C:1E58H         LINE#         183
  C:1E5AH         LINE#         184
  C:1E62H         LINE#         185
  C:1E65H         LINE#         186
  C:1E6DH         LINE#         187
  C:1E70H         LINE#         188
  C:1E79H         LINE#         189
  C:1E7CH         LINE#         190
  C:1E7FH         LINE#         191
  C:1E82H         LINE#         192
  C:1E85H         LINE#         193
  C:1E8EH         LINE#         194
  -------         ENDPROC       LCM_INIT
  -------         ENDMOD        LCD12864

  -------         MODULE        DS1302
  C:0000H         SYMBOL        _ICE_DUMMY_
  D:0080H         PUBLIC        P0
  D:0090H         PUBLIC        P1
  D:00A0H         PUBLIC        P2
  D:00B0H         PUBLIC        P3
  D:00C0H         PUBLIC        P4
  D:00C8H         PUBLIC        P5
  D:00E8H         PUBLIC        P6
  D:00F8H         PUBLIC        P7
  D:00A8H         PUBLIC        IE
  C:002EH         PUBLIC        clear_ds1302_WP
  C:20B8H         PUBLIC        DS3231read_time
  D:00B8H         PUBLIC        IP
  D:00D8H         PUBLIC        CCON
  C:1FECH         PUBLIC        _write_ds1302_nbyte
  D:0098H         PUBLIC        SCON
  C:232FH         PUBLIC        read_ds1302_byte
  D:0088H         PUBLIC        TCON
  C:2412H         SYMBOL        _?ix1000
  C:241AH         SYMBOL        _?ix1001
  C:21F3H         PUBLIC        _write_ds1302_byte
  C:166AH         PUBLIC        _DS1302_readoutTime
BL51 BANKED LINKER/LOCATER V6.22                                                      06/03/2016  18:25:54  PAGE 32


  C:11C4H         PUBLIC        DS1302SendTimeByWifi
  C:2372H         PUBLIC        set_ds1302_WP
  C:159AH         PUBLIC        _LCD12864_Send_TIME
  B:00A0H.2       PUBLIC        SDA
  C:1AF3H         PUBLIC        _set_time
  B:00A0H.3       PUBLIC        SCK
  C:22CBH         PUBLIC        _DS1302Init
  C:2496H         PUBLIC        delay_1S
  C:12E5H         PUBLIC        _Data_Swap
  B:00A0H.1       PUBLIC        RST
  D:00D0H         PUBLIC        PSW
  -------         PROC          _DATA_SWAP
  X:009CH         SYMBOL        StartTime
  X:009FH         SYMBOL        time
  C:12E5H         LINE#         27
  C:12F0H         LINE#         28
  C:12F0H         LINE#         29
  C:1311H         LINE#         30
  C:1335H         LINE#         31
  C:1359H         LINE#         32
  C:137DH         LINE#         33
  C:13A1H         LINE#         34
  C:13C5H         LINE#         35
  C:13E6H         LINE#         36
  -------         ENDPROC       _DATA_SWAP
  -------         PROC          L?0042
  -------         ENDPROC       L?0042
  -------         PROC          _WRITE_DS1302_BYTE
  D:0007H         SYMBOL        dat
  -------         DO            
  D:0006H         SYMBOL        i
  -------         ENDDO         
  C:21F3H         LINE#         40
  C:21F3H         LINE#         41
  C:21F3H         LINE#         43
  C:21F5H         LINE#         44
  C:21F5H         LINE#         45
  C:21F9H         LINE#         46
  C:21FBH         LINE#         47
  C:21FFH         LINE#         48
  C:2201H         LINE#         49
  C:2206H         LINE#         50
  -------         ENDPROC       _WRITE_DS1302_BYTE
  -------         PROC          CLEAR_DS1302_WP
  C:002EH         LINE#         52
  C:002EH         LINE#         53
  C:002EH         LINE#         54
  C:0030H         LINE#         55
  C:0032H         LINE#         56
  C:0034H         LINE#         57
  C:0039H         LINE#         58
  C:003EH         LINE#         59
  C:0040H         LINE#         60
  C:0042H         LINE#         61
  -------         ENDPROC       CLEAR_DS1302_WP
  -------         PROC          SET_DS1302_WP
  C:2372H         LINE#         63
BL51 BANKED LINKER/LOCATER V6.22                                                      06/03/2016  18:25:54  PAGE 33


  C:2372H         LINE#         64
  C:2372H         LINE#         65
  C:2374H         LINE#         66
  C:2376H         LINE#         67
  C:2378H         LINE#         68
  C:237DH         LINE#         69
  C:2382H         LINE#         70
  C:2384H         LINE#         71
  C:2386H         LINE#         72
  -------         ENDPROC       SET_DS1302_WP
  -------         PROC          _WRITE_DS1302_NBYTE
  X:0048H         SYMBOL        dat
  -------         DO            
  D:0005H         SYMBOL        i
  -------         ENDDO         
  C:1FECH         LINE#         75
  C:1FF7H         LINE#         76
  C:1FF7H         LINE#         78
  C:1FF9H         LINE#         79
  C:1FFBH         LINE#         80
  C:1FFDH         LINE#         81
  C:2002H         LINE#         82
  C:2004H         LINE#         83
  C:2004H         LINE#         84
  C:201BH         LINE#         85
  C:2020H         LINE#         86
  C:2022H         LINE#         87
  -------         ENDPROC       _WRITE_DS1302_NBYTE
  -------         PROC          _SET_TIME
  X:0045H         SYMBOL        timedata
  -------         DO            
  D:0007H         SYMBOL        i
  D:0006H         SYMBOL        tmp
  -------         ENDDO         
  C:1AF3H         LINE#         89
  C:1AFEH         LINE#         90
  C:1AFEH         LINE#         92
  C:1B00H         LINE#         93
  C:1B00H         LINE#         94
  C:1B18H         LINE#         95
  C:1B2AH         LINE#         96
  C:1B43H         LINE#         97
  C:1B48H         LINE#         98
  C:1B4BH         LINE#         99
  C:1B59H         LINE#         100
  -------         ENDPROC       _SET_TIME
  -------         PROC          READ_DS1302_BYTE
  -------         DO            
  D:0006H         SYMBOL        i
  D:0007H         SYMBOL        dat
  -------         ENDDO         
  C:232FH         LINE#         104
  C:232FH         LINE#         105
  C:232FH         LINE#         106
  C:2331H         LINE#         107
  C:2332H         LINE#         108
  C:2332H         LINE#         109
BL51 BANKED LINKER/LOCATER V6.22                                                      06/03/2016  18:25:54  PAGE 34


  C:2336H         LINE#         110
  C:233CH         LINE#         111
  C:233EH         LINE#         112
  C:2340H         LINE#         113
  C:2345H         LINE#         114
  C:2345H         LINE#         115
  -------         ENDPROC       READ_DS1302_BYTE
  -------         PROC          _LCD12864_SEND_TIME
  X:0008H         SYMBOL        tmp
  -------         DO            
  X:000BH         SYMBOL        str
  X:001EH         SYMBOL        nowstrloc
  -------         ENDDO         
  C:159AH         LINE#         119
  C:15A5H         LINE#         120
  C:15A5H         LINE#         123
  C:15B3H         LINE#         126
  C:15CEH         LINE#         127
  C:15D5H         LINE#         128
  C:15D9H         LINE#         129
  C:15E9H         LINE#         130
  C:15F0H         LINE#         131
  C:15F4H         LINE#         132
  C:1604H         LINE#         133
  C:160BH         LINE#         134
  C:160FH         LINE#         139
  C:161FH         LINE#         140
  C:1626H         LINE#         141
  C:162AH         LINE#         142
  C:163AH         LINE#         143
  C:1641H         LINE#         144
  C:1645H         LINE#         146
  C:1652H         LINE#         147
  C:1659H         LINE#         148
  C:165CH         LINE#         149
  -------         ENDPROC       _LCD12864_SEND_TIME
  -------         PROC          DS3231READ_TIME
  -------         DO            
  D:0005H         SYMBOL        i
  X:0000H         SYMBOL        TempData
  -------         ENDDO         
  C:20B8H         LINE#         162
  C:20B8H         LINE#         163
  C:20B8H         LINE#         165
  C:20C0H         LINE#         167
  C:20C0H         LINE#         168
  C:20C0H         LINE#         169
  C:20C0H         LINE#         170
  C:20C3H         LINE#         171
  C:20C5H         LINE#         172
  C:20C5H         LINE#         173
  C:20D4H         LINE#         174
  C:20D9H         LINE#         175
  C:20DBH         LINE#         176
  -------         ENDPROC       DS3231READ_TIME
  -------         PROC          DELAY_1S
  -------         DO            
BL51 BANKED LINKER/LOCATER V6.22                                                      06/03/2016  18:25:54  PAGE 35


  D:0007H         SYMBOL        i
  D:0006H         SYMBOL        j
  D:0005H         SYMBOL        k
  -------         ENDDO         
  C:2496H         LINE#         179
  C:2496H         LINE#         180
  C:2496H         LINE#         182
  C:2498H         LINE#         183
  C:249AH         LINE#         184
  C:24A2H         LINE#         185
  -------         ENDPROC       DELAY_1S
  -------         PROC          _DS1302_READOUTTIME
  X:0045H         SYMBOL        result
  -------         DO            
[...]
  C:054AH         LINE#         351
  C:054AH         LINE#         353
  C:054CH         LINE#         354
  C:054EH         LINE#         355
  C:0551H         LINE#         356
  C:0557H         LINE#         357
  C:0557H         LINE#         358
  C:055AH         LINE#         359
  C:055DH         LINE#         360
  C:0563H         LINE#         361
  C:056BH         LINE#         362
  C:056BH         LINE#         363
  C:0571H         LINE#         364
  C:0571H         LINE#         365
  C:0573H         LINE#         366
  C:0573H         LINE#         367
  C:0575H         LINE#         369
  C:0575H         LINE#         370
  C:0580H         LINE#         371
  C:0580H         LINE#         372
  C:0582H         LINE#         373
  C:058AH         LINE#         374
  C:058AH         LINE#         375
  C:0590H         LINE#         376
  C:0590H         LINE#         377
  C:0592H         LINE#         378
  C:0592H         LINE#         379
  C:0594H         LINE#         381
  C:0594H         LINE#         382
  C:059FH         LINE#         383
  C:059FH         LINE#         384
  C:05A1H         LINE#         385
  C:05A9H         LINE#         386
  C:05A9H         LINE#         387
  C:05AFH         LINE#         388
  C:05AFH         LINE#         389
BL51 BANKED LINKER/LOCATER V6.22                                                      06/03/2016  18:25:54  PAGE 43


  C:05B1H         LINE#         390
  C:05B1H         LINE#         391
  C:05B3H         LINE#         393
  C:05B3H         LINE#         394
  C:05C3H         LINE#         395
  C:05C3H         LINE#         396
  C:05C6H         LINE#         397
  C:05CEH         LINE#         398
  C:05CEH         LINE#         400
  C:05D3H         LINE#         401
  C:05ECH         LINE#         402
  C:05EEH         LINE#         403
  C:05F6H         LINE#         404
  C:05F6H         LINE#         406
  C:05FBH         LINE#         407
  C:0616H         LINE#         408
  C:0618H         LINE#         409
  C:0620H         LINE#         410
  C:0620H         LINE#         412
  C:0625H         LINE#         413
  C:0642H         LINE#         414
  C:0645H         LINE#         416
  C:064DH         LINE#         417
  C:064DH         LINE#         419
  C:0652H         LINE#         420
  C:066DH         LINE#         421
  C:066FH         LINE#         422
  C:0679H         LINE#         423
  C:0679H         LINE#         425
  C:0682H         LINE#         426
  C:069DH         LINE#         427
  C:069FH         LINE#         430
  C:069FH         LINE#         432
  C:06A8H         LINE#         433
  C:06C8H         LINE#         434
  C:06C8H         LINE#         435
  C:06CBH         LINE#         436
  C:06CBH         LINE#         438
  C:06D1H         LINE#         439
  C:06D1H         LINE#         440
  C:06D4H         LINE#         441
  C:06D7H         LINE#         442
  C:06DDH         LINE#         443
  C:06E5H         LINE#         444
  C:06E5H         LINE#         445
  C:06ECH         LINE#         446
  C:06ECH         LINE#         447
  C:06EDH         LINE#         448
  C:06EDH         LINE#         449
  C:06EFH         LINE#         451
  C:06EFH         LINE#         452
  C:06FAH         LINE#         453
  C:06FAH         LINE#         454
  C:06FCH         LINE#         455
  C:0704H         LINE#         456
  C:0704H         LINE#         457
  C:070BH         LINE#         458
BL51 BANKED LINKER/LOCATER V6.22                                                      06/03/2016  18:25:54  PAGE 44


  C:070BH         LINE#         459
  C:070CH         LINE#         460
  C:070CH         LINE#         461
  C:070EH         LINE#         463
  C:070EH         LINE#         464
  C:0719H         LINE#         465
  C:0719H         LINE#         466
  C:071BH         LINE#         467
  C:0723H         LINE#         468
  C:0723H         LINE#         469
  C:072AH         LINE#         470
  C:072AH         LINE#         471
  C:072BH         LINE#         472
  C:072BH         LINE#         473
  C:072DH         LINE#         475
  C:072DH         LINE#         476
  C:073DH         LINE#         477
  C:073DH         LINE#         478
  C:0740H         LINE#         479
  C:0748H         LINE#         480
  C:0748H         LINE#         482
  C:074DH         LINE#         483
  C:0768H         LINE#         484
  C:076AH         LINE#         485
  C:0772H         LINE#         486
  C:0772H         LINE#         488
  C:0777H         LINE#         489
  C:0792H         LINE#         490
  C:0794H         LINE#         491
  C:079CH         LINE#         492
  C:079CH         LINE#         494
  C:07A1H         LINE#         495
  C:07BEH         LINE#         496
  C:07C1H         LINE#         498
  C:07C9H         LINE#         499
  C:07C9H         LINE#         501
  C:07CEH         LINE#         502
  C:07EBH         LINE#         503
  C:07EDH         LINE#         504
  C:07F7H         LINE#         505
  C:07F7H         LINE#         507
  C:0800H         LINE#         508
  C:081BH         LINE#         509
  C:081DH         LINE#         512
  C:081DH         LINE#         514
  C:0826H         LINE#         515
  C:0846H         LINE#         516
  C:0846H         LINE#         517
  C:0849H         LINE#         518
  C:0849H         LINE#         519
  C:0849H         LINE#         520
  C:0852H         LINE#         522
  C:0883H         LINE#         523
  C:0888H         LINE#         525
  C:088EH         LINE#         526
  C:0896H         LINE#         527
  C:089EH         LINE#         528
BL51 BANKED LINKER/LOCATER V6.22                                                      06/03/2016  18:25:54  PAGE 45


  C:08A6H         LINE#         529
  C:08AEH         LINE#         530
  C:08B6H         LINE#         532
  C:08BFH         LINE#         534
  C:08C2H         LINE#         535
  C:08C7H         LINE#         536
  -------         ENDPROC       ENTERSETTING
  -------         ENDMOD        BUTTON

  -------         MODULE        FLASH
  C:0000H         SYMBOL        _ICE_DUMMY_
  D:0080H         PUBLIC        P0
  D:0090H         PUBLIC        P1
  D:00A0H         PUBLIC        P2
  D:00B0H         PUBLIC        P3
  C:246EH         PUBLIC        DisableEEPROM
  D:00C0H         PUBLIC        P4
  D:00C6H         PUBLIC        ISP_TRIG
  D:00C8H         PUBLIC        P5
  B:00A8H.7       PUBLIC        EA
  D:00E8H         PUBLIC        P6
  D:00F8H         PUBLIC        P7
  D:00A8H         PUBLIC        IE
  C:2253H         PUBLIC        _EEPROM_SectorErase
  C:1D47H         PUBLIC        _EEPROM_read_n
  D:00B8H         PUBLIC        IP
  D:00C5H         PUBLIC        ISP_CMD
  D:00D8H         PUBLIC        CCON
  C:1ECDH         PUBLIC        _EEPROM_write_n
  C:1F09H         PUBLIC        GetVelocityThreshold
  D:00C3H         PUBLIC        ISP_ADDRH
  B:00A0H.0       PUBLIC        P20
  D:0098H         PUBLIC        SCON
  D:0088H         PUBLIC        TCON
  D:00C4H         PUBLIC        ISP_ADDRL
  C:1739H         PUBLIC        _SetVelocityThreshold
  D:00C7H         PUBLIC        ISP_CONTR
  D:00C2H         PUBLIC        ISP_DATA
  D:00D0H         PUBLIC        PSW
  -------         PROC          DISABLEEEPROM
  C:246EH         LINE#         48
  C:246EH         LINE#         49
  C:246EH         LINE#         50
  C:2471H         LINE#         51
  C:2473H         LINE#         52
  C:2475H         LINE#         53
  C:2478H         LINE#         54
  C:247BH         LINE#         55
  -------         ENDPROC       DISABLEEEPROM
  -------         PROC          _EEPROM_WRITE_N
  D:0004H         SYMBOL        EE_address
  D:0001H         SYMBOL        DataAddress
  X:0051H         SYMBOL        lenth
  C:1ECDH         LINE#         57
  C:1ED1H         LINE#         58
  C:1ED1H         LINE#         59
  C:1ED3H         LINE#         60
BL51 BANKED LINKER/LOCATER V6.22                                                      06/03/2016  18:25:54  PAGE 46


  C:1ED6H         LINE#         61
  C:1ED9H         LINE#         63
  C:1ED9H         LINE#         64
  C:1EDCH         LINE#         65
  C:1EE0H         LINE#         66
  C:1EE5H         LINE#         67
  C:1EE8H         LINE#         68
  C:1EEBH         LINE#         69
  C:1EECH         LINE#         70
  C:1EEDH         LINE#         71
  C:1EEEH         LINE#         72
  C:1EEFH         LINE#         73
  C:1EF4H         LINE#         74
  C:1EFBH         LINE#         75
  C:1F03H         LINE#         76
  C:1F06H         LINE#         77
  C:1F08H         LINE#         78
  -------         ENDPROC       _EEPROM_WRITE_N
  -------         PROC          L?0018
  -------         ENDPROC       L?0018
  -------         PROC          _EEPROM_READ_N
  D:0004H         SYMBOL        EE_address
  D:0001H         SYMBOL        DataAddress
  X:0051H         SYMBOL        lenth
  C:1D47H         LINE#         81
  C:1D4BH         LINE#         82
  C:1D4BH         LINE#         83
  C:1D4DH         LINE#         84
  C:1D50H         LINE#         85
  C:1D53H         LINE#         87
  C:1D53H         LINE#         88
  C:1D56H         LINE#         89
  C:1D5AH         LINE#         90
  C:1D5DH         LINE#         91
  C:1D60H         LINE#         92
  C:1D61H         LINE#         93
  C:1D62H         LINE#         94
  C:1D63H         LINE#         95
  C:1D64H         LINE#         96
  C:1D69H         LINE#         97
  C:1D6EH         LINE#         98
  C:1D75H         LINE#         99
  C:1D7DH         LINE#         100
  C:1D80H         LINE#         101
  C:1D82H         LINE#         102
  -------         ENDPROC       _EEPROM_READ_N
  -------         PROC          _EEPROM_SECTORERASE
  D:0004H         SYMBOL        EE_address
  C:2253H         LINE#         105
  C:2257H         LINE#         106
  C:2257H         LINE#         107
  C:2259H         LINE#         109
  C:225CH         LINE#         110
  C:2260H         LINE#         111
  C:2263H         LINE#         112
  C:2266H         LINE#         113
  C:2269H         LINE#         114
BL51 BANKED LINKER/LOCATER V6.22                                                      06/03/2016  18:25:54  PAGE 47


  C:226CH         LINE#         115
  C:226DH         LINE#         116
  C:2270H         LINE#         117
  C:2272H         LINE#         118
  -------         ENDPROC       _EEPROM_SECTORERASE
  -------         PROC          _SETVELOCITYTHRESHOLD
  X:0045H         SYMBOL        Velocity
  X:0047H         SYMBOL        IsInit
  -------         DO            
  X:0048H         SYMBOL        TempData
  -------         ENDDO         
  C:1739H         LINE#         127
  C:1744H         LINE#         128
  C:1744H         LINE#         131
  C:174BH         LINE#         132
  C:1771H         LINE#         133
  C:1771H         LINE#         135
  C:1771H         LINE#         137
  C:1771H         LINE#         138
  C:1778H         LINE#         139
  C:177AH         LINE#         142
  C:179EH         LINE#         143
  C:17B9H         LINE#         144
  C:17DAH         LINE#         145
  C:17E8H         LINE#         146
  C:17FBH         LINE#         147
  C:17FBH         LINE#         148
  -------         ENDPROC       _SETVELOCITYTHRESHOLD
  -------         PROC          GETVELOCITYTHRESHOLD
  -------         DO            
  X:0045H         SYMBOL        TempData
  D:0006H         SYMBOL        Velocity
  -------         ENDDO         
  C:1F09H         LINE#         155
  C:1F09H         LINE#         156
  C:1F09H         LINE#         159
  C:1F10H         LINE#         160
  C:1F43H         LINE#         162
  C:1F43H         LINE#         163
  -------         ENDPROC       GETVELOCITYTHRESHOLD
  -------         ENDMOD        FLASH

  -------         MODULE        STC_AD
  C:0000H         SYMBOL        _ICE_DUMMY_
  D:0080H         PUBLIC        P0
  D:0090H         PUBLIC        P1
  D:00A0H         PUBLIC        P2
  D:00B0H         PUBLIC        P3
  D:00C0H         PUBLIC        P4
  D:00C8H         PUBLIC        P5
  D:00E8H         PUBLIC        P6
  D:00F8H         PUBLIC        P7
  B:00A8H.5       PUBLIC        EADC
  D:00A8H         PUBLIC        IE
  D:00BDH         PUBLIC        ADC_RES
  D:00B8H         PUBLIC        IP
  C:13EDH         PUBLIC        ADCDisplay
BL51 BANKED LINKER/LOCATER V6.22                                                      06/03/2016  18:25:54  PAGE 48


  D:00D8H         PUBLIC        CCON
  X:00AAH         PUBLIC        ADvalue
  D:00BCH         PUBLIC        ADC_CONTR
  D:0098H         PUBLIC        SCON
  D:0088H         PUBLIC        TCON
  C:1E42H         SYMBOL        _?ix1000
  C:0046H         PUBLIC        ADC
  C:24D0H         PUBLIC        ADCStart
  D:009DH         PUBLIC        P1ASF
  D:00BEH         PUBLIC        ADC_RESL
  C:2422H         PUBLIC        ADCStop
  C:213CH         PUBLIC        ADC_P12_init
  D:00D0H         PUBLIC        PSW
  -------         PROC          ADC_P12_INIT
  -------         DO            
  D:0006H         SYMBOL        i
  -------         ENDDO         
  C:213CH         LINE#         9
  C:213CH         LINE#         10
  C:213CH         LINE#         12
  C:213FH         LINE#         13
  C:214DH         LINE#         15
  C:2150H         LINE#         16
  C:2153H         LINE#         17
  C:2156H         LINE#         18
  C:2159H         LINE#         19
  C:2166H         LINE#         23
  -------         ENDPROC       ADC_P12_INIT
  -------         PROC          ADCSTART
  C:24D0H         LINE#         28
  C:24D0H         LINE#         29
  C:24D0H         LINE#         30
  C:24D3H         LINE#         31
  C:24D5H         LINE#         32
  C:24DAH         LINE#         33
  -------         ENDPROC       ADCSTART
  -------         PROC          ADCSTOP
  C:2422H         LINE#         35
  C:2422H         LINE#         36
  C:2422H         LINE#         37
  C:2425H         LINE#         38
  C:2427H         LINE#         39
  C:242CH         LINE#         40
  C:2431H         LINE#         41
  -------         ENDPROC       ADCSTOP
  -------         PROC          ADC
  -------         DO            
  D:0006H         SYMBOL        AD_Dat
  D:0005H         SYMBOL        Tmp
  -------         ENDDO         
  C:0046H         LINE#         43
  C:0059H         LINE#         45
  C:005BH         LINE#         46
  C:005CH         LINE#         47
  C:005FH         LINE#         50
  C:0061H         LINE#         51
  C:006CH         LINE#         52
BL51 BANKED LINKER/LOCATER V6.22                                                      06/03/2016  18:25:54  PAGE 49


  C:006EH         LINE#         53
  C:0072H         LINE#         54
  C:0075H         LINE#         55
  C:007DH         LINE#         56
  C:0083H         LINE#         57
  -------         ENDPROC       ADC
  -------         PROC          ADCDISPLAY
  -------         DO            
  X:0000H         SYMBOL        TempData
  -------         ENDDO         
  C:13EDH         LINE#         62
  C:13EDH         LINE#         63
  C:13EDH         LINE#         64
  C:1400H         LINE#         65
  C:1426H         LINE#         66
  C:1443H         LINE#         67
  C:1466H         LINE#         68
  C:1476H         LINE#         69
  C:1485H         LINE#         70
  C:1485H         LINE#         71
  C:148BH         LINE#         72
  C:148DH         LINE#         73
  C:149CH         LINE#         74
  C:149CH         LINE#         75
  C:14A2H         LINE#         76
  C:14A4H         LINE#         77
  C:14B5H         LINE#         78
  C:14B5H         LINE#         79
  C:14B9H         LINE#         80
  C:14BBH         LINE#         82
  C:14BBH         LINE#         83
  C:14C4H         LINE#         84
  C:14C4H         LINE#         86
  C:14C9H         LINE#         87
  -------         ENDPROC       ADCDISPLAY
  -------         ENDMOD        STC_AD

  -------         MODULE        ?C?FPMUL
  C:08C8H         PUBLIC        ?C?FPMUL
  -------         ENDMOD        ?C?FPMUL

  -------         MODULE        ?C?FCAST
  C:09D8H         PUBLIC        ?C?FCASTC
  C:09D3H         PUBLIC        ?C?FCASTI
  C:09CEH         PUBLIC        ?C?FCASTL
  -------         ENDMOD        ?C?FCAST

  -------         MODULE        ?C?CASTF
  C:0A0CH         PUBLIC        ?C?CASTF
  -------         ENDMOD        ?C?CASTF

  -------         MODULE        ?C?COPY
  C:0B5DH         PUBLIC        ?C?COPY
  -------         ENDMOD        ?C?COPY

  -------         MODULE        ?C?CLDPTR
  C:0B83H         PUBLIC        ?C?CLDPTR
BL51 BANKED LINKER/LOCATER V6.22                                                      06/03/2016  18:25:54  PAGE 50


  -------         ENDMOD        ?C?CLDPTR

  -------         MODULE        ?C?CLDOPTR
  C:0B9CH         PUBLIC        ?C?CLDOPTR
  -------         ENDMOD        ?C?CLDOPTR

  -------         MODULE        ?C?CILDPTR
  C:0BC9H         PUBLIC        ?C?CILDPTR
  -------         ENDMOD        ?C?CILDPTR

  -------         MODULE        ?C?CILDOPTR
  C:0BEBH         PUBLIC        ?C?CILDOPTR
  -------         ENDMOD        ?C?CILDOPTR

  -------         MODULE        ?C?CSTPTR
  C:0C1EH         PUBLIC        ?C?CSTPTR
  -------         ENDMOD        ?C?CSTPTR

  -------         MODULE        ?C?CSTOPTR
  C:0C30H         PUBLIC        ?C?CSTOPTR
  -------         ENDMOD        ?C?CSTOPTR

  -------         MODULE        ?C?IMUL
  C:0C52H         PUBLIC        ?C?IMUL
  -------         ENDMOD        ?C?IMUL

  -------         MODULE        ?C?UIDIV
  C:0C64H         PUBLIC        ?C?UIDIV
  -------         ENDMOD        ?C?UIDIV

  -------         MODULE        ?C?ILDIX
  C:0CB9H         PUBLIC        ?C?ILDIX
  -------         ENDMOD        ?C?ILDIX

  -------         MODULE        ?C?LMUL
  C:0CCFH         PUBLIC        ?C?LMUL
  -------         ENDMOD        ?C?LMUL

  -------         MODULE        ?C?ULDIV
  C:0D5AH         PUBLIC        ?C?ULDIV
  -------         ENDMOD        ?C?ULDIV

  -------         MODULE        ?C?LNEG
  C:0DECH         PUBLIC        ?C?LNEG
  -------         ENDMOD        ?C?LNEG

  -------         MODULE        ?C?ULCMP
  C:0DFAH         PUBLIC        ?C?ULCMP
  -------         ENDMOD        ?C?ULCMP

  -------         MODULE        ?C?LSTXDATA
  C:0E0BH         PUBLIC        ?C?LSTXDATA
  -------         ENDMOD        ?C?LSTXDATA

*** WARNING L16: UNCALLED SEGMENT, IGNORED FOR OVERLAY PROCESS
    SEGMENT: ?PR?UART2INIT?UART

BL51 BANKED LINKER/LOCATER V6.22                                                      06/03/2016  18:25:54  PAGE 51


*** WARNING L16: UNCALLED SEGMENT, IGNORED FOR OVERLAY PROCESS
    SEGMENT: ?PR?UART1SENDUART2STRING?UART

*** WARNING L16: UNCALLED SEGMENT, IGNORED FOR OVERLAY PROCESS
    SEGMENT: ?PR?_SENDSTRING2?UART

*** WARNING L16: UNCALLED SEGMENT, IGNORED FOR OVERLAY PROCESS
    SEGMENT: ?PR?_SENDSTRING2LENGTH?UART

*** WARNING L16: UNCALLED SEGMENT, IGNORED FOR OVERLAY PROCESS
    SEGMENT: ?PR?UART2SENDUART1STRING?UART

*** WARNING L16: UNCALLED SEGMENT, IGNORED FOR OVERLAY PROCESS
    SEGMENT: ?PR?DELAY100MS?DELAY

*** WARNING L16: UNCALLED SEGMENT, IGNORED FOR OVERLAY PROCESS
    SEGMENT: ?PR?DELAY2MS?DELAY

*** WARNING L16: UNCALLED SEGMENT, IGNORED FOR OVERLAY PROCESS
    SEGMENT: ?PR?DELAY10MS?DELAY

*** WARNING L16: UNCALLED SEGMENT, IGNORED FOR OVERLAY PROCESS
    SEGMENT: ?PR?DELAY2US?DELAY

*** WARNING L16: UNCALLED SEGMENT, IGNORED FOR OVERLAY PROCESS
    SEGMENT: ?PR?TIMER4INIT?TIMER

*** WARNING L16: UNCALLED SEGMENT, IGNORED FOR OVERLAY PROCESS
    SEGMENT: ?PR?REFRESHTIMER4?TIMER

*** WARNING L16: UNCALLED SEGMENT, IGNORED FOR OVERLAY PROCESS
    SEGMENT: ?PR?DELAY_1S?DS1302

*** WARNING L16: UNCALLED SEGMENT, IGNORED FOR OVERLAY PROCESS
    SEGMENT: ?PR?_DS1302INIT?DS1302

Program Size: data=9.2 xdata=172 code=9514
LINK/LOCATE RUN COMPLETE.  13 WARNING(S),  0 ERROR(S)
