BL51 BANKED LINKER/LOCATER V6.22                                                        06/03/2016  19:37:36  PAGE 1


BL51 BANKED LINKER/LOCATER V6.22, INVOKED BY:
E:\SOFTWARE\DEVELOPMENTSOFTWARE\INSTALLSRC\KEILC51\C51\BIN\BL51.EXE STARTUP.obj, main.obj, UART.obj, Delay.obj, Timer.ob
>> j, UltraSound.obj, DHT11.obj, Buzzer.obj, LCD12864.obj, DS1302.obj, Button.obj, FLASH.obj, STC_AD.obj TO 超速报警 RAM
>> SIZE (256)


MEMORY MODEL: LARGE WITH FLOATING POINT ARITHMETIC


INPUT MODULES INCLUDED:
  STARTUP.obj (?C_STARTUP)
  main.obj (MAIN)
  UART.obj (UART)
  Delay.obj (DELAY)
  Timer.obj (TIMER)
  UltraSound.obj (ULTRASOUND)
  DHT11.obj (DHT11)
  Buzzer.obj (BUZZER)
  LCD12864.obj (LCD12864)
  DS1302.obj (DS1302)
  Button.obj (BUTTON)
  FLASH.obj (FLASH)
  STC_AD.obj (STC_AD)
  E:\SOFTWARE\DEVELOPMENTSOFTWARE\INSTALLSRC\KEILC51\C51\LIB\C51FPL.LIB (?C?FPMUL)
  E:\SOFTWARE\DEVELOPMENTSOFTWARE\INSTALLSRC\KEILC51\C51\LIB\C51FPL.LIB (?C?FCAST)
  E:\SOFTWARE\DEVELOPMENTSOFTWARE\INSTALLSRC\KEILC51\C51\LIB\C51FPL.LIB (?C?CASTF)
  E:\SOFTWARE\DEVELOPMENTSOFTWARE\INSTALLSRC\KEILC51\C51\LIB\C51FPL.LIB (?C?FPGETOPN)
  E:\SOFTWARE\DEVELOPMENTSOFTWARE\INSTALLSRC\KEILC51\C51\LIB\C51L.LIB (?C_INIT)
  E:\SOFTWARE\DEVELOPMENTSOFTWARE\INSTALLSRC\KEILC51\C51\LIB\C51L.LIB (?C?COPY)
  E:\SOFTWARE\DEVELOPMENTSOFTWARE\INSTALLSRC\KEILC51\C51\LIB\C51L.LIB (?C?CLDPTR)
  E:\SOFTWARE\DEVELOPMENTSOFTWARE\INSTALLSRC\KEILC51\C51\LIB\C51L.LIB (?C?CLDOPTR)
  E:\SOFTWARE\DEVELOPMENTSOFTWARE\INSTALLSRC\KEILC51\C51\LIB\C51L.LIB (?C?CILDPTR)
  E:\SOFTWARE\DEVELOPMENTSOFTWARE\INSTALLSRC\KEILC51\C51\LIB\C51L.LIB (?C?CILDOPTR)
  E:\SOFTWARE\DEVELOPMENTSOFTWARE\INSTALLSRC\KEILC51\C51\LIB\C51L.LIB (?C?CSTPTR)
  E:\SOFTWARE\DEVELOPMENTSOFTWARE\INSTALLSRC\KEILC51\C51\LIB\C51L.LIB (?C?CSTOPTR)
  E:\SOFTWARE\DEVELOPMENTSOFTWARE\INSTALLSRC\KEILC51\C51\LIB\C51L.LIB (?C?IMUL)
  E:\SOFTWARE\DEVELOPMENTSOFTWARE\INSTALLSRC\KEILC51\C51\LIB\C51L.LIB (?C?UIDIV)
  E:\SOFTWARE\DEVELOPMENTSOFTWARE\INSTALLSRC\KEILC51\C51\LIB\C51L.LIB (?C?ILDIX)
  E:\SOFTWARE\DEVELOPMENTSOFTWARE\INSTALLSRC\KEILC51\C51\LIB\C51L.LIB (?C?LMUL)
  E:\SOFTWARE\DEVELOPMENTSOFTWARE\INSTALLSRC\KEILC51\C51\LIB\C51L.LIB (?C?ULDIV)
  E:\SOFTWARE\DEVELOPMENTSOFTWARE\INSTALLSRC\KEILC51\C51\LIB\C51L.LIB (?C?LNEG)
  E:\SOFTWARE\DEVELOPMENTSOFTWARE\INSTALLSRC\KEILC51\C51\LIB\C51L.LIB (?C?ULCMP)
  E:\SOFTWARE\DEVELOPMENTSOFTWARE\INSTALLSRC\KEILC51\C51\LIB\C51L.LIB (?C?LSTXDATA)


LINK MAP OF MODULE:  超速报警 (?C_STARTUP)


            TYPE    BASE      LENGTH    RELOCATION   SEGMENT NAME
            -----------------------------------------------------

            * * * * * * *   D A T A   M E M O R Y   * * * * * * *
            REG     0000H     0008H     ABSOLUTE     "REG BANK 0"
                    0008H     0018H                  *** GAP ***
            BIT     0020H.0   0000H.2   UNIT         ?BI?UART
                    0020H.2   0000H.6                *** GAP ***
            IDATA   0021H     0001H     UNIT         ?STACK

BL51 BANKED LINKER/LOCATER V6.22                                                      06/03/2016  19:37:36  PAGE 2


            * * * * * * *  X D A T A   M E M O R Y  * * * * * * *
            XDATA   0000H     0052H     UNIT         _XDATA_GROUP_
            XDATA   0052H     0019H     UNIT         ?XD?MAIN
            XDATA   006BH     0010H     UNIT         ?XD?TIMER
            XDATA   007BH     000DH     UNIT         ?XD?ULTRASOUND
            XDATA   0088H     000DH     UNIT         ?XD?DHT11
            XDATA   0095H     0008H     UNIT         ?XD?_DS1302INIT?DS1302
            XDATA   009DH     0006H     UNIT         ?XD?_DATA_SWAP?DS1302
            XDATA   00A3H     0002H     UNIT         ?XD?UART
            XDATA   00A5H     0002H     UNIT         ?XD?STC_AD

            * * * * * * *   C O D E   M E M O R Y   * * * * * * *
            CODE    0000H     0003H     ABSOLUTE     
            CODE    0003H     0003H     ABSOLUTE     
            CODE    0006H     0005H     UNIT         ?PR?DELAY2US?DELAY
            CODE    000BH     0003H     ABSOLUTE     
            CODE    000EH     000DH     UNIT         ?PR?TIMER1INIT?TIMER
            CODE    001BH     0003H     ABSOLUTE     
            CODE    001EH     0005H     UNIT         ?PR?DISABLETIMER0?TIMER
            CODE    0023H     0003H     ABSOLUTE     
            CODE    0026H     0005H     UNIT         ?PR?DISABLETIMER1?TIMER
            CODE    002BH     0003H     ABSOLUTE     
            CODE    002EH     0015H     UNIT         ?PR?CLEAR_DS1302_WP?DS1302
            CODE    0043H     0003H     ABSOLUTE     
            CODE    0046H     004EH     UNIT         ?PR?ADC?STC_AD
            CODE    0094H     0007H     UNIT         ?PR?DISABLETIMER4?TIMER
            CODE    009BH     0003H     ABSOLUTE     
            CODE    009EH     0005H     UNIT         ?PR?INT0_INIT?BUTTON
            CODE    00A3H     0003H     ABSOLUTE     
            CODE    00A6H     0826H     UNIT         ?PR?ENTERSETTING?BUTTON
            CODE    08CCH     054FH     UNIT         ?C?LIB_CODE
            CODE    0E1BH     027EH     UNIT         ?PR?ULTRASOUNDDISPLAY?ULTRASOUND
            CODE    1099H     0197H     UNIT         ?PR?MAIN?MAIN
            CODE    1230H     0121H     UNIT         ?PR?DS1302SENDTIMEBYUART?DS1302
            CODE    1351H     0108H     UNIT         ?PR?_DATA_SWAP?DS1302
            CODE    1459H     00DDH     UNIT         ?PR?ADCDISPLAY?STC_AD
            CODE    1536H     00D0H     UNIT         ?PR?READDHT11?DHT11
            CODE    1606H     00D0H     UNIT         ?PR?_LCD12864_SEND_TIME?DS1302
            CODE    16D6H     00CFH     UNIT         ?PR?_DS1302_READOUTTIME?DS1302
            CODE    17A5H     00C7H     UNIT         ?PR?DS1302SENDTIMEBYWIFI?DS1302
            CODE    186CH     00C3H     UNIT         ?PR?_SETVELOCITYTHRESHOLD?FLASH
            CODE    192FH     00B5H     UNIT         ?PR?TIMER0_ISR?TIMER
            CODE    19E4H     008CH     UNIT         ?C_C51STARTUP
            CODE    1A70H     0079H     UNIT         ?PR?EXT0?BUTTON
            CODE    1AE9H     0075H     UNIT         ?PR?TIMER3_ISR?TIMER
            CODE    1B5EH     006CH     UNIT         ?PR?SUPER_COUNT?ULTRASOUND
            CODE    1BCAH     006BH     UNIT         ?PR?_DISPLAY_STRING?LCD12864
            CODE    1C35H     0069H     UNIT         ?PR?_SET_TIME?DS1302
            CODE    1C9EH     0064H     UNIT         ?PR?COM?DHT11
            CODE    1D02H     0061H     UNIT         ?CO?UART
            CODE    1D63H     0061H     UNIT         ?PR?DISPLAYDHT11?DHT11
            CODE    1DC4H     004DH     UNIT         ?PR?_LCD12864DISPLAYTWOCHAR?LCD12864
            CODE    1E11H     0048H     UNIT         ?PR?_EEPROM_READ_N?FLASH
            CODE    1E59H     0047H     UNIT         ?PR?UART2SENDUART1STRING?UART
            CODE    1EA0H     0046H     UNIT         ?CO?BUTTON
            CODE    1EE6H     0045H     UNIT         ?PR?_LCD12864DISPLAYCHAR?LCD12864
            CODE    1F2BH     0043H     UNIT         ?CO?STC_AD
BL51 BANKED LINKER/LOCATER V6.22                                                      06/03/2016  19:37:36  PAGE 3


            CODE    1F6EH     0040H     UNIT         ?PR?LCM_INIT?LCD12864
            CODE    1FAEH     003CH     UNIT         ?PR?_SENDSTRING?UART
            CODE    1FEAH     003CH     UNIT         ?PR?_EEPROM_WRITE_N?FLASH
            CODE    2026H     003BH     UNIT         ?PR?GETVELOCITYTHRESHOLD?FLASH
            CODE    2061H     003AH     UNIT         ?PR?TIMER4_ISR?TIMER
            CODE    209BH     0037H     UNIT         ?PR?LCD12864SETTINGINIT?LCD12864
            CODE    20D2H     0037H     UNIT         ?PR?LCD12864SETTINGEXIT?LCD12864
            CODE    2109H     0037H     UNIT         ?PR?_WRITE_DS1302_NBYTE?DS1302
            CODE    2140H     0035H     UNIT         ?PR?TIMER1_ISR?TIMER
            CODE    2175H     0033H     UNIT         ?PR?_SENDSTRING2?UART
            CODE    21A8H     002DH     UNIT         ?PR?_SENDSTRING2LENGTH?UART
            CODE    21D5H     002CH     UNIT         ?PR?DS3231READ_TIME?DS1302
            CODE    2201H     002CH     UNIT         ?PR?_ADDYEAR?BUTTON
            CODE    222DH     002CH     UNIT         ?PR?_ADDHOUR?BUTTON
            CODE    2259H     002BH     UNIT         ?PR?ADC_P12_INIT?STC_AD
            CODE    2284H     002AH     UNIT         ?CO?MAIN
            CODE    22AEH     0029H     UNIT         ?PR?_ADDMONTH?BUTTON
            CODE    22D7H     0029H     UNIT         ?PR?_ADDDAY?BUTTON
            CODE    2300H     0027H     UNIT         ?PR?UART?UART
            CODE    2327H     0027H     UNIT         ?PR?_WR_COMMAND?LCD12864
            CODE    234EH     0027H     UNIT         ?PR?_WRITE_DS1302_BYTE?DS1302
            CODE    2375H     0026H     UNIT         ?PR?_ADDMINUTE?BUTTON
            CODE    239BH     0026H     UNIT         ?PR?_ADDSECOND?BUTTON
            CODE    23C1H     0025H     UNIT         ?PR?UART2?UART
            CODE    23E6H     0020H     UNIT         ?PR?_EEPROM_SECTORERASE?FLASH
            CODE    2406H     001EH     UNIT         ?PR?TIMER0INIT?TIMER
            CODE    2424H     001DH     UNIT         ?PR?ENABLETIMER3?TIMER
            CODE    2441H     001DH     UNIT         ?PR?_WR_DATA?LCD12864
            CODE    245EH     001AH     UNIT         ?PR?_DS1302INIT?DS1302
            CODE    2478H     0019H     UNIT         ?PR?UARTINIT?UART
            CODE    2491H     0019H     UNIT         ?PR?UART2INIT?UART
            CODE    24AAH     0017H     UNIT         ?PR?READ_DS1302_BYTE?DS1302
            CODE    24C1H     0016H     UNIT         ?PR?PORT_MODE?MAIN
            CODE    24D7H     0016H     UNIT         ?PR?ENABLETIMER0?TIMER
            CODE    24EDH     0015H     UNIT         ?PR?SET_DS1302_WP?DS1302
            CODE    2502H     0014H     UNIT         ?C_INITSEG
            CODE    2516H     0013H     UNIT         ?PR?TIMER4INIT?TIMER
            CODE    2529H     0013H     UNIT         ?PR?DISULTRASOUND?ULTRASOUND
            CODE    253CH     0012H     UNIT         ?PR?ENABLETIMER4?TIMER
            CODE    254EH     0011H     UNIT         ?CO?ULTRASOUND
            CODE    255FH     0011H     UNIT         ?CO?DHT11
            CODE    2570H     0011H     UNIT         ?PR?RDBF?LCD12864
            CODE    2581H     0010H     UNIT         ?PR?ENABLETIMER1?TIMER
            CODE    2591H     0010H     UNIT         ?CO?DS1302
            CODE    25A1H     0010H     UNIT         ?PR?ADCSTOP?STC_AD
            CODE    25B1H     000FH     UNIT         ?PR?DELAY100MS?DELAY
            CODE    25C0H     000FH     UNIT         ?PR?DELAY20MS?DELAY
            CODE    25CFH     000FH     UNIT         ?PR?DELAY50MS?DELAY
            CODE    25DEH     000FH     UNIT         ?PR?DELAY1000MS?DELAY
            CODE    25EDH     000EH     UNIT         ?PR?DISABLEEEPROM?FLASH
            CODE    25FBH     000DH     UNIT         ?PR?TIMER3INIT?TIMER
            CODE    2608H     000DH     UNIT         ?PR?DISABLETIMER3?TIMER
            CODE    2615H     000DH     UNIT         ?PR?DELAY_1S?DS1302
            CODE    2622H     000CH     UNIT         ?PR?SUPER_START?ULTRASOUND
            CODE    262EH     000BH     UNIT         ?PR?DELAY1MS?DELAY
            CODE    2639H     000BH     UNIT         ?PR?DELAY2MS?DELAY
            CODE    2644H     000BH     UNIT         ?PR?_DELAY?ULTRASOUND
BL51 BANKED LINKER/LOCATER V6.22                                                      06/03/2016  19:37:36  PAGE 4


            CODE    264FH     000BH     UNIT         ?PR?ADCSTART?STC_AD
            CODE    265AH     0009H     UNIT         ?PR?_SENDDATA?UART
            CODE    2663H     0009H     UNIT         ?PR?_SENDDATA2?UART
            CODE    266CH     0009H     UNIT         ?PR?DELAY10MS?DELAY
            CODE    2675H     0009H     UNIT         ?PR?DELAY5MS?DELAY
            CODE    267EH     0008H     UNIT         ?PR?UART1SENDUART2STRING?UART
            CODE    2686H     0008H     UNIT         ?PR?REFRESHTIMER4?TIMER
            CODE    268EH     0007H     UNIT         ?PR?BUZZER?BUZZER
            CODE    2695H     0006H     UNIT         ?PR?DELAY10US?DELAY
            CODE    269BH     0006H     UNIT         ?PR?DELAY5US?DELAY



OVERLAY MAP OF MODULE:   超速报警 (?C_STARTUP)


SEGMENT                                        XDATA_GROUP
  +--> CALLED SEGMENT                        START    LENGTH
------------------------------------------------------------
?C_C51STARTUP                                -----    -----
  +--> ?PR?MAIN?MAIN
  +--> ?C_INITSEG

?PR?MAIN?MAIN                                -----    -----
  +--> ?PR?PORT_MODE?MAIN
  +--> ?PR?UARTINIT?UART
  +--> ?PR?UART2INIT?UART
  +--> ?PR?TIMER1INIT?TIMER
  +--> ?PR?ADC_P12_INIT?STC_AD
  +--> ?PR?_SETVELOCITYTHRESHOLD?FLASH
  +--> ?PR?DELAY1000MS?DELAY
  +--> ?PR?LCM_INIT?LCD12864
  +--> ?PR?TIMER3INIT?TIMER
  +--> ?PR?INT0_INIT?BUTTON
  +--> ?PR?TIMER0INIT?TIMER
  +--> ?CO?MAIN
  +--> ?PR?_DISPLAY_STRING?LCD12864
  +--> ?PR?_SENDSTRING2?UART
  +--> ?PR?DELAY5MS?DELAY
  +--> ?PR?DS1302SENDTIMEBYWIFI?DS1302
  +--> ?PR?UART1SENDUART2STRING?UART
  +--> ?PR?UART2SENDUART1STRING?UART
  +--> ?PR?DISABLETIMER3?TIMER
  +--> ?PR?DISPLAYDHT11?DHT11
  +--> ?PR?ULTRASOUNDDISPLAY?ULTRASOUND
  +--> ?PR?ENABLETIMER3?TIMER
  +--> ?PR?_SENDSTRING?UART
  +--> ?PR?DS1302SENDTIMEBYUART?DS1302
  +--> ?PR?DS3231READ_TIME?DS1302
  +--> ?PR?ADCSTART?STC_AD
  +--> ?PR?ADCSTOP?STC_AD
  +--> ?PR?ADCDISPLAY?STC_AD
  +--> ?PR?ENTERSETTING?BUTTON

?PR?_SETVELOCITYTHRESHOLD?FLASH              0045H    0007H
  +--> ?PR?_EEPROM_READ_N?FLASH
  +--> ?PR?_EEPROM_SECTORERASE?FLASH
BL51 BANKED LINKER/LOCATER V6.22                                                      06/03/2016  19:37:36  PAGE 5


  +--> ?PR?_EEPROM_WRITE_N?FLASH

?PR?_EEPROM_READ_N?FLASH                     004CH    0006H
  +--> ?PR?DISABLEEEPROM?FLASH

?PR?_EEPROM_SECTORERASE?FLASH                -----    -----
  +--> ?PR?DISABLEEEPROM?FLASH

?PR?_EEPROM_WRITE_N?FLASH                    004CH    0006H
  +--> ?PR?DISABLEEEPROM?FLASH

?PR?LCM_INIT?LCD12864                        -----    -----
  +--> ?PR?DELAY5MS?DELAY
  +--> ?PR?_WR_COMMAND?LCD12864

?PR?_WR_COMMAND?LCD12864                     0049H    0001H
  +--> ?PR?RDBF?LCD12864
  +--> ?PR?DELAY5US?DELAY

?PR?_DISPLAY_STRING?LCD12864                 0045H    0004H
  +--> ?PR?_WR_COMMAND?LCD12864
  +--> ?PR?_WR_DATA?LCD12864

?PR?_WR_DATA?LCD12864                        0049H    0001H
  +--> ?PR?RDBF?LCD12864
  +--> ?PR?DELAY5US?DELAY

?PR?_SENDSTRING2?UART                        0000H    0003H
  +--> ?PR?_SENDDATA2?UART

?PR?DS1302SENDTIMEBYWIFI?DS1302              0000H    0020H
  +--> ?PR?_DS1302_READOUTTIME?DS1302
  +--> ?PR?_SENDSTRING2LENGTH?UART

?PR?_DS1302_READOUTTIME?DS1302               0045H    000BH
  +--> ?CO?DS1302
  +--> ?PR?_WRITE_DS1302_BYTE?DS1302
  +--> ?PR?READ_DS1302_BYTE?DS1302

?PR?_SENDSTRING2LENGTH?UART                  0020H    0003H
  +--> ?PR?_SENDDATA2?UART

?PR?UART1SENDUART2STRING?UART                -----    -----
  +--> ?PR?_SENDDATA?UART

?PR?UART2SENDUART1STRING?UART                -----    -----
  +--> ?PR?_SENDDATA2?UART
  +--> ?CO?UART
  +--> ?PR?_SENDSTRING2?UART
  +--> ?PR?DELAY5MS?DELAY

?PR?DISPLAYDHT11?DHT11                       0000H    0011H
  +--> ?CO?DHT11
  +--> ?PR?READDHT11?DHT11
  +--> ?PR?_DISPLAY_STRING?LCD12864

?PR?READDHT11?DHT11                          0011H    0001H
BL51 BANKED LINKER/LOCATER V6.22                                                      06/03/2016  19:37:36  PAGE 6


  +--> ?PR?DELAY1MS?DELAY
  +--> ?PR?DELAY10US?DELAY
  +--> ?PR?COM?DHT11

?PR?COM?DHT11                                0012H    0001H
  +--> ?PR?DELAY10US?DELAY

?PR?ULTRASOUNDDISPLAY?ULTRASOUND             0000H    0020H
  +--> ?CO?ULTRASOUND
  +--> ?PR?GETVELOCITYTHRESHOLD?FLASH
  +--> ?PR?DISULTRASOUND?ULTRASOUND
  +--> ?PR?DELAY50MS?DELAY
  +--> ?PR?_DISPLAY_STRING?LCD12864

?PR?GETVELOCITYTHRESHOLD?FLASH               0045H    0004H
  +--> ?PR?_EEPROM_READ_N?FLASH

?PR?DISULTRASOUND?ULTRASOUND                 -----    -----
  +--> ?PR?SUPER_START?ULTRASOUND
  +--> ?PR?ENABLETIMER1?TIMER
  +--> ?PR?DISABLETIMER1?TIMER
  +--> ?PR?SUPER_COUNT?ULTRASOUND

?PR?SUPER_START?ULTRASOUND                   -----    -----
  +--> ?PR?_DELAY?ULTRASOUND

?PR?_SENDSTRING?UART                         0000H    0003H
  +--> ?PR?_SENDDATA?UART

?PR?DS1302SENDTIMEBYUART?DS1302              0000H    0013H
  +--> ?PR?_DS1302_READOUTTIME?DS1302
  +--> ?PR?_SENDDATA?UART

?PR?DS3231READ_TIME?DS1302                   0000H    0008H
  +--> ?CO?DS1302
  +--> ?PR?_WRITE_DS1302_BYTE?DS1302
  +--> ?PR?READ_DS1302_BYTE?DS1302
  +--> ?PR?_LCD12864_SEND_TIME?DS1302

?PR?_LCD12864_SEND_TIME?DS1302               0008H    0019H
  +--> ?PR?_DISPLAY_STRING?LCD12864

?PR?ADCDISPLAY?STC_AD                        0000H    000FH
  +--> ?CO?STC_AD
  +--> ?PR?_DISPLAY_STRING?LCD12864

?PR?ENTERSETTING?BUTTON                      0000H    0045H
  +--> ?CO?BUTTON
  +--> ?PR?LCD12864SETTINGINIT?LCD12864
  +--> ?PR?_DISPLAY_STRING?LCD12864
  +--> ?PR?GETVELOCITYTHRESHOLD?FLASH
  +--> ?PR?_DS1302_READOUTTIME?DS1302
  +--> ?PR?_LCD12864DISPLAYCHAR?LCD12864
  +--> ?PR?_LCD12864DISPLAYTWOCHAR?LCD12864
  +--> ?PR?DELAY20MS?DELAY
  +--> ?PR?_ADDYEAR?BUTTON
  +--> ?PR?_ADDMONTH?BUTTON
BL51 BANKED LINKER/LOCATER V6.22                                                      06/03/2016  19:37:36  PAGE 7


  +--> ?PR?_ADDDAY?BUTTON
  +--> ?PR?_ADDHOUR?BUTTON
  +--> ?PR?_ADDMINUTE?BUTTON
  +--> ?PR?_ADDSECOND?BUTTON
  +--> ?PR?_SETVELOCITYTHRESHOLD?FLASH
  +--> ?PR?_SET_TIME?DS1302
  +--> ?PR?LCD12864SETTINGEXIT?LCD12864

?PR?LCD12864SETTINGINIT?LCD12864             -----    -----
  +--> ?PR?_WR_COMMAND?LCD12864
  +--> ?PR?DELAY5MS?DELAY

?PR?_LCD12864DISPLAYCHAR?LCD12864            0045H    0002H
  +--> ?PR?_WR_COMMAND?LCD12864
  +--> ?PR?_WR_DATA?LCD12864

?PR?_LCD12864DISPLAYTWOCHAR?LCD12864         0045H    0004H
  +--> ?PR?_WR_COMMAND?LCD12864
  +--> ?PR?_WR_DATA?LCD12864

?PR?_SET_TIME?DS1302                         0045H    0003H
  +--> ?PR?CLEAR_DS1302_WP?DS1302
  +--> ?PR?_WRITE_DS1302_NBYTE?DS1302
  +--> ?PR?SET_DS1302_WP?DS1302

?PR?CLEAR_DS1302_WP?DS1302                   -----    -----
  +--> ?PR?_WRITE_DS1302_BYTE?DS1302

?PR?_WRITE_DS1302_NBYTE?DS1302               0048H    0003H
  +--> ?PR?_WRITE_DS1302_BYTE?DS1302

?PR?SET_DS1302_WP?DS1302                     -----    -----
  +--> ?PR?_WRITE_DS1302_BYTE?DS1302

?PR?LCD12864SETTINGEXIT?LCD12864             -----    -----
  +--> ?PR?_WR_COMMAND?LCD12864
  +--> ?PR?DELAY5MS?DELAY

*** NEW ROOT ***************************************************

?PR?TIMER3_ISR?TIMER                         -----    -----
  +--> ?PR?BUZZER?BUZZER

*** NEW ROOT ***************************************************

?PR?TIMER4_ISR?TIMER                         -----    -----
  +--> ?PR?DISABLETIMER4?TIMER

*** NEW ROOT ***************************************************

?PR?EXT0?BUTTON                              -----    -----
  +--> ?PR?DELAY20MS?DELAY
  +--> ?PR?DISABLETIMER0?TIMER
  +--> ?PR?DISABLETIMER3?TIMER
  +--> ?PR?ENABLETIMER0?TIMER
  +--> ?PR?ENABLETIMER3?TIMER

BL51 BANKED LINKER/LOCATER V6.22                                                      06/03/2016  19:37:36  PAGE 8




SYMBOL TABLE OF MODULE:  超速报警 (?C_STARTUP)

  VALUE           TYPE          NAME
  ----------------------------------

  -------         MODULE        ?C_STARTUP
  C:19E4H         SEGMENT       ?C_C51STARTUP
  I:0021H         SEGMENT       ?STACK
  C:0000H         PUBLIC        ?C_STARTUP
  D:00E0H         SYMBOL        ACC
  D:00F0H         SYMBOL        B
  D:0083H         SYMBOL        DPH
  D:0082H         SYMBOL        DPL
  N:0000H         SYMBOL        IBPSTACK
  N:0100H         SYMBOL        IBPSTACKTOP
  N:0080H         SYMBOL        IDATALEN
  C:19E7H         SYMBOL        IDATALOOP
  N:0000H         SYMBOL        PBPSTACK
  N:0100H         SYMBOL        PBPSTACKTOP
  N:0000H         SYMBOL        PDATALEN
  N:0000H         SYMBOL        PDATASTART
  N:0000H         SYMBOL        PPAGE
  N:0000H         SYMBOL        PPAGEENABLE
  D:00A0H         SYMBOL        PPAGE_SFR
  D:0081H         SYMBOL        SP
  C:19E4H         SYMBOL        STARTUP1
  N:0000H         SYMBOL        XBPSTACK
  N:0000H         SYMBOL        XBPSTACKTOP
  N:0000H         SYMBOL        XDATALEN
  N:0000H         SYMBOL        XDATASTART
  C:0000H         LINE#         126
  C:19E4H         LINE#         133
  C:19E6H         LINE#         134
  C:19E7H         LINE#         135
  C:19E8H         LINE#         136
  C:19EAH         LINE#         185
  C:19EDH         LINE#         196
  -------         ENDMOD        ?C_STARTUP

  -------         MODULE        MAIN
  C:0000H         SYMBOL        _ICE_DUMMY_
  D:0092H         PUBLIC        P1M0
  D:0093H         PUBLIC        P0M1
  X:0052H         PUBLIC        TEMPSTOP
  D:0096H         PUBLIC        P2M0
  D:0091H         PUBLIC        P1M1
  D:0080H         PUBLIC        P0
  D:00B2H         PUBLIC        P3M0
  D:0095H         PUBLIC        P2M1
  D:0090H         PUBLIC        P1
  D:00B4H         PUBLIC        P4M0
  D:00B1H         PUBLIC        P3M1
  D:00A0H         PUBLIC        P2
  X:0053H         PUBLIC        UART1RIREADY
  D:00B3H         PUBLIC        P4M1
BL51 BANKED LINKER/LOCATER V6.22                                                      06/03/2016  19:37:36  PAGE 9


  D:00B0H         PUBLIC        P3
  X:0054H         PUBLIC        UART2RIREADY
  D:00C0H         PUBLIC        P4
  D:00C8H         PUBLIC        P5
  B:00A8H.7       PUBLIC        EA
  D:00E8H         PUBLIC        P6
  D:00F8H         PUBLIC        P7
  X:0055H         PUBLIC        ADCSTOPREADY
  D:00A8H         PUBLIC        IE
  X:0056H         PUBLIC        FirstSetVelocity
  X:0058H         PUBLIC        WifiDataSendReady
  D:00B8H         PUBLIC        IP
  X:0059H         PUBLIC        ULTRAISREADY
  X:005AH         PUBLIC        StartTime
  X:0061H         PUBLIC        FASTSPEED
  D:00D8H         PUBLIC        CCON
  C:1099H         PUBLIC        main
  C:22A2H         PUBLIC        StrHello
  D:0098H         PUBLIC        SCON
  D:0088H         PUBLIC        TCON
  B:0090H.4       PUBLIC        P14
  B:0090H.5       PUBLIC        P15
  B:00C0H.4       PUBLIC        P44
  B:00C8H.4       PUBLIC        P54
  B:00C8H.5       PUBLIC        P55
  X:0062H         PUBLIC        ISSETTING
  X:0063H         PUBLIC        WifiDataSendType
  X:0064H         PUBLIC        WIFINEEDDELAY
  C:24C1H         PUBLIC        port_mode
  X:0065H         PUBLIC        ADCSTARTREADY
  X:0066H         PUBLIC        DHT11ISREADY
  X:0067H         PUBLIC        ADCDISPLAYREADY
  X:0068H         PUBLIC        EXITSETTING
  X:0069H         PUBLIC        BUZZERTIMER3STOP
  X:006AH         PUBLIC        DS3231ISREADY
  D:00D0H         PUBLIC        PSW
  D:0094H         PUBLIC        P0M0
  -------         PROC          PORT_MODE
  C:24C1H         LINE#         47
  C:24C1H         LINE#         48
  C:24C1H         LINE#         49
  C:24D2H         LINE#         50
  C:24D6H         LINE#         52
  -------         ENDPROC       PORT_MODE
  -------         PROC          MAIN
  C:1099H         LINE#         54
  C:1099H         LINE#         55
  C:1099H         LINE#         60
  C:109CH         LINE#         61
  C:109FH         LINE#         62
  C:10A2H         LINE#         64
  C:10A4H         LINE#         65
  C:10A6H         LINE#         66
  C:10A8H         LINE#         68
  C:10ADH         LINE#         69
  C:10B1H         LINE#         70
  C:10B5H         LINE#         71
BL51 BANKED LINKER/LOCATER V6.22                                                      06/03/2016  19:37:36  PAGE 10


  C:10B9H         LINE#         72
  C:10BDH         LINE#         73
  C:10C1H         LINE#         74
  C:10C5H         LINE#         75
  C:10C9H         LINE#         76
  C:10CDH         LINE#         77
  C:10D1H         LINE#         78
  C:10D5H         LINE#         79
  C:10D9H         LINE#         81
  C:10DDH         LINE#         83
  C:10E1H         LINE#         89
  C:10E4H         LINE#         90
  C:10E7H         LINE#         91
  C:10F4H         LINE#         93
  C:10F7H         LINE#         94
  C:10FAH         LINE#         95
  C:10FDH         LINE#         97
  C:1100H         LINE#         98
  C:1103H         LINE#         99
  C:1106H         LINE#         103
  C:1111H         LINE#         104
  C:111CH         LINE#         105
  C:1127H         LINE#         106
  C:1132H         LINE#         108
  C:1134H         LINE#         109
  C:1136H         LINE#         111
  C:1139H         LINE#         112
  C:113BH         LINE#         116
  C:113BH         LINE#         117
  C:113BH         LINE#         118
  C:1141H         LINE#         119
  C:1141H         LINE#         120
  C:1148H         LINE#         121
  C:1148H         LINE#         122
  C:114BH         LINE#         123
  C:114BH         LINE#         124
  C:1154H         LINE#         125
  C:115AH         LINE#         127
  C:115CH         LINE#         128
  C:115EH         LINE#         130
  C:115EH         LINE#         131
  C:1161H         LINE#         132
  C:1164H         LINE#         133
  C:1169H         LINE#         134
  C:116BH         LINE#         135
  C:116DH         LINE#         136
  C:116DH         LINE#         137
  C:116FH         LINE#         139
  C:116FH         LINE#         140
  C:1175H         LINE#         141
  C:1175H         LINE#         142
  C:1178H         LINE#         143
  C:117DH         LINE#         144
  C:117FH         LINE#         145
  C:1185H         LINE#         146
  C:1185H         LINE#         147
  C:1188H         LINE#         148
BL51 BANKED LINKER/LOCATER V6.22                                                      06/03/2016  19:37:36  PAGE 11


  C:118DH         LINE#         149
  C:118FH         LINE#         151
  C:118FH         LINE#         153
  C:118FH         LINE#         154
  C:118FH         LINE#         155
  C:118FH         LINE#         157
  C:118FH         LINE#         159
  C:1198H         LINE#         160
  C:1198H         LINE#         162
  C:119EH         LINE#         163
  C:119EH         LINE#         164
  C:11A1H         LINE#         166
  C:11A1H         LINE#         168
  C:11A7H         LINE#         169
  C:11A7H         LINE#         170
  C:11AAH         LINE#         171
  C:11AFH         LINE#         172
  C:11B1H         LINE#         173
  C:11B7H         LINE#         174
  C:11B7H         LINE#         175
  C:11BAH         LINE#         176
  C:11BFH         LINE#         177
  C:11C8H         LINE#         178
  C:11C8H         LINE#         179
  C:11CDH         LINE#         180
  C:11D0H         LINE#         185
  C:11D9H         LINE#         186
  C:11E2H         LINE#         187
  C:11E5H         LINE#         189
  C:11EBH         LINE#         190
  C:11EFH         LINE#         191
  C:11EFH         LINE#         192
  C:11F2H         LINE#         193
  C:11F8H         LINE#         194
  C:11F8H         LINE#         195
  C:11FBH         LINE#         196
  C:1200H         LINE#         197
  C:1203H         LINE#         198
  C:1209H         LINE#         199
  C:1209H         LINE#         200
  C:120CH         LINE#         201
  C:120FH         LINE#         202
  C:1215H         LINE#         203
  C:1215H         LINE#         204
  C:1218H         LINE#         205
  C:121BH         LINE#         206
  C:1224H         LINE#         207
  C:1224H         LINE#         208
  C:1227H         LINE#         209
  C:122AH         LINE#         211
  C:122AH         LINE#         214
  C:122AH         LINE#         219
  C:122DH         LINE#         220
  C:122DH         LINE#         221
  C:122DH         LINE#         223
  -------         ENDPROC       MAIN
  -------         ENDMOD        MAIN
BL51 BANKED LINKER/LOCATER V6.22                                                      06/03/2016  19:37:36  PAGE 12



  -------         MODULE        UART
  C:0000H         SYMBOL        _ICE_DUMMY_
  D:0090H         PUBLIC        P1
  D:00A0H         PUBLIC        P2
  C:2491H         PUBLIC        UART2Init
  X:00A3H         PUBLIC        UART1Temp
  C:1FAEH         PUBLIC        _SendString
  X:00A4H         PUBLIC        UART2Temp
  C:265AH         PUBLIC        _SendData
  B:00A8H.4       PUBLIC        ES
  B:0098H.0       PUBLIC        RI
  B:0098H.1       PUBLIC        TI
  C:2300H         PUBLIC        Uart
  C:21A8H         PUBLIC        _SendString2Length
  B:00B8H.4       PUBLIC        PS
  C:1E59H         PUBLIC        Uart2SendUart1String
  C:267EH         PUBLIC        Uart1SendUart2String
  D:0099H         PUBLIC        SBUF
  D:0098H         PUBLIC        SCON
  D:0089H         PUBLIC        TMOD
  B:0090H.5       PUBLIC        P15
  C:2175H         PUBLIC        _SendString2
  C:2663H         PUBLIC        _SendData2
  D:00AFH         PUBLIC        IE2
  D:008EH         PUBLIC        AUXR
  B:0020H.0       PUBLIC        busy
  D:00E0H         PUBLIC        ACC
  B:00A8H.3       PUBLIC        ET1
  D:00B5H         PUBLIC        IP2
  D:00D6H         PUBLIC        T2H
  B:00D0H.0       PUBLIC        P
  C:23C1H         PUBLIC        Uart2
  D:00D7H         PUBLIC        T2L
  C:2478H         PUBLIC        UARTInit
  D:009BH         PUBLIC        S2BUF
  D:009AH         PUBLIC        S2CON
  B:0020H.1       PUBLIC        busy2
  -------         PROC          UARTINIT
  C:2478H         LINE#         57
  C:2478H         LINE#         58
  C:2478H         LINE#         60
  C:247BH         LINE#         67
  C:247EH         LINE#         68
  C:2481H         LINE#         71
  C:2484H         LINE#         72
  C:2487H         LINE#         73
  C:248AH         LINE#         75
  C:248CH         LINE#         76
  C:248EH         LINE#         77
  C:2490H         LINE#         78
  -------         ENDPROC       UARTINIT
  -------         PROC          UART2INIT
  C:2491H         LINE#         80
  C:2491H         LINE#         81
  C:2491H         LINE#         83
  C:2494H         LINE#         89
BL51 BANKED LINKER/LOCATER V6.22                                                      06/03/2016  19:37:36  PAGE 13


  C:2497H         LINE#         90
  C:249AH         LINE#         91
  C:249DH         LINE#         92
  C:24A0H         LINE#         93
  C:24A3H         LINE#         95
  C:24A6H         LINE#         96
  C:24A9H         LINE#         98
  -------         ENDPROC       UART2INIT
  -------         PROC          UART
  C:2300H         LINE#         103
  C:2306H         LINE#         105
  C:2308H         LINE#         106
  C:230BH         LINE#         107
  C:230BH         LINE#         108
  C:230DH         LINE#         109
  C:2313H         LINE#         111
  C:2319H         LINE#         121
  C:2319H         LINE#         122
  C:231CH         LINE#         123
  C:231CH         LINE#         124
  C:231EH         LINE#         125
  C:2320H         LINE#         126
  C:2320H         LINE#         127
  -------         ENDPROC       UART
  -------         PROC          _SENDDATA
  D:0007H         SYMBOL        dat
  C:265AH         LINE#         132
  C:265AH         LINE#         133
  C:265AH         LINE#         134
  C:265DH         LINE#         135
  C:265EH         LINE#         136
  C:265EH         LINE#         137
  C:265EH         LINE#         143
  C:265EH         LINE#         145
  C:265EH         LINE#         151
  C:265EH         LINE#         152
  C:2660H         LINE#         153
  C:2662H         LINE#         155
  -------         ENDPROC       _SENDDATA
  -------         PROC          _SENDSTRING
  X:0000H         SYMBOL        s
  -------         DO            
  D:0006H         SYMBOL        FUCK
  -------         ENDDO         
  C:1FAEH         LINE#         160
  C:1FB9H         LINE#         161
  C:1FB9H         LINE#         162
  C:1FBBH         LINE#         163
  C:1FCBH         LINE#         164
  C:1FCBH         LINE#         165
  C:1FE0H         LINE#         166
  C:1FE1H         LINE#         167
  C:1FE5H         LINE#         168
  C:1FE5H         LINE#         169
  C:1FE7H         LINE#         170
  C:1FE7H         LINE#         171
  C:1FE9H         LINE#         173
BL51 BANKED LINKER/LOCATER V6.22                                                      06/03/2016  19:37:36  PAGE 14


  -------         ENDPROC       _SENDSTRING
  -------         PROC          UART1SENDUART2STRING
  C:267EH         LINE#         178
  C:267EH         LINE#         179
  C:267EH         LINE#         186
  -------         ENDPROC       UART1SENDUART2STRING
  -------         PROC          UART2
  C:23C1H         LINE#         192
  C:23C7H         LINE#         194
  C:23CCH         LINE#         195
  C:23CCH         LINE#         196
  C:23CFH         LINE#         199
  C:23D5H         LINE#         211
  C:23D5H         LINE#         212
  C:23DAH         LINE#         213
  C:23DAH         LINE#         214
  C:23DDH         LINE#         215
  C:23DFH         LINE#         216
  C:23DFH         LINE#         217
  -------         ENDPROC       UART2
  -------         PROC          _SENDDATA2
  D:0007H         SYMBOL        dat
  C:2663H         LINE#         222
  C:2663H         LINE#         223
  C:2663H         LINE#         224
  C:2666H         LINE#         225
  C:2667H         LINE#         226
  C:2667H         LINE#         227
  C:2667H         LINE#         233
  C:2667H         LINE#         235
  C:2667H         LINE#         241
  C:2667H         LINE#         242
  C:2669H         LINE#         243
  C:266BH         LINE#         245
  -------         ENDPROC       _SENDDATA2
  -------         PROC          _SENDSTRING2
  X:0000H         SYMBOL        s
  C:2175H         LINE#         250
  C:2180H         LINE#         251
  C:2180H         LINE#         252
  C:2190H         LINE#         253
  C:2190H         LINE#         254
  C:21A5H         LINE#         255
  C:21A7H         LINE#         256
  -------         ENDPROC       _SENDSTRING2
  -------         PROC          _SENDSTRING2LENGTH
  X:0020H         SYMBOL        s
  D:0005H         SYMBOL        length
  -------         DO            
  D:0006H         SYMBOL        i
  -------         ENDDO         
  C:21A8H         LINE#         258
  C:21B3H         LINE#         259
  C:21B3H         LINE#         261
  C:21BAH         LINE#         262
  C:21BAH         LINE#         263
  C:21D1H         LINE#         264
BL51 BANKED LINKER/LOCATER V6.22                                                      06/03/2016  19:37:36  PAGE 15


  C:21D4H         LINE#         266
  -------         ENDPROC       _SENDSTRING2LENGTH
  -------         PROC          UART2SENDUART1STRING
  C:1E59H         LINE#         271
  C:1E59H         LINE#         272
  C:1E59H         LINE#         276
  C:1E61H         LINE#         277
  C:1E66H         LINE#         278
  C:1E66H         LINE#         279
  C:1E6FH         LINE#         280
  C:1E72H         LINE#         281
  C:1E7BH         LINE#         282
  C:1E7EH         LINE#         283
  C:1E87H         LINE#         284
  C:1E8AH         LINE#         285
  C:1E93H         LINE#         286
  C:1E96H         LINE#         287
  C:1E9FH         LINE#         288
  C:1E9FH         LINE#         291
  -------         ENDPROC       UART2SENDUART1STRING
  -------         ENDMOD        UART

  -------         MODULE        DELAY
  C:0000H         SYMBOL        _ICE_DUMMY_
  D:0080H         PUBLIC        P0
  D:0090H         PUBLIC        P1
  D:00A0H         PUBLIC        P2
  D:00B0H         PUBLIC        P3
  D:00C0H         PUBLIC        P4
  C:262EH         PUBLIC        Delay1ms
  D:00C8H         PUBLIC        P5
  C:2639H         PUBLIC        Delay2ms
  D:00E8H         PUBLIC        P6
  D:00F8H         PUBLIC        P7
  D:00A8H         PUBLIC        IE
  C:269BH         PUBLIC        Delay5us
  C:25DEH         PUBLIC        Delay1000ms
  D:00B8H         PUBLIC        IP
  D:00D8H         PUBLIC        CCON
  D:0098H         PUBLIC        SCON
  C:266CH         PUBLIC        Delay10ms
  D:0088H         PUBLIC        TCON
  C:25C0H         PUBLIC        Delay20ms
  C:25CFH         PUBLIC        Delay50ms
  C:2695H         PUBLIC        Delay10us
  C:25B1H         PUBLIC        Delay100ms
  C:2675H         PUBLIC        Delay5Ms
  C:0006H         PUBLIC        Delay2uS
  D:00D0H         PUBLIC        PSW
  -------         PROC          DELAY100MS
  -------         DO            
  D:0007H         SYMBOL        i
  D:0006H         SYMBOL        j
  D:0005H         SYMBOL        k
  -------         ENDDO         
  C:25B1H         LINE#         4
  C:25B1H         LINE#         5
BL51 BANKED LINKER/LOCATER V6.22                                                      06/03/2016  19:37:36  PAGE 16


  C:25B1H         LINE#         8
  C:25B2H         LINE#         9
  C:25B3H         LINE#         10
  C:25B5H         LINE#         11
  C:25B7H         LINE#         12
  C:25B9H         LINE#         14
  C:25B9H         LINE#         16
  C:25B9H         LINE#         17
  C:25BBH         LINE#         18
  C:25BDH         LINE#         19
  C:25BFH         LINE#         20
  -------         ENDPROC       DELAY100MS
  -------         PROC          DELAY1MS
  -------         DO            
  D:0007H         SYMBOL        i
  D:0006H         SYMBOL        j
  -------         ENDDO         
  C:262EH         LINE#         22
  C:262EH         LINE#         23
  C:262EH         LINE#         25
  C:262FH         LINE#         26
  C:2630H         LINE#         27
  C:2632H         LINE#         28
  C:2634H         LINE#         30
  C:2634H         LINE#         31
  C:2636H         LINE#         32
  C:2638H         LINE#         33
  -------         ENDPROC       DELAY1MS
  -------         PROC          DELAY2MS
  -------         DO            
  D:0007H         SYMBOL        i
  D:0006H         SYMBOL        j
  -------         ENDDO         
  C:2639H         LINE#         35
  C:2639H         LINE#         36
  C:2639H         LINE#         39
  C:263AH         LINE#         40
  C:263BH         LINE#         41
  C:263DH         LINE#         42
  C:263FH         LINE#         44
  C:263FH         LINE#         45
  C:2641H         LINE#         46
  C:2643H         LINE#         47
  -------         ENDPROC       DELAY2MS
  -------         PROC          DELAY20MS
  -------         DO            
  D:0007H         SYMBOL        i
  D:0006H         SYMBOL        j
  D:0005H         SYMBOL        k
  -------         ENDDO         
  C:25C0H         LINE#         49
  C:25C0H         LINE#         50
  C:25C0H         LINE#         53
  C:25C1H         LINE#         54
  C:25C2H         LINE#         55
  C:25C4H         LINE#         56
  C:25C6H         LINE#         57
BL51 BANKED LINKER/LOCATER V6.22                                                      06/03/2016  19:37:36  PAGE 17


  C:25C8H         LINE#         59
  C:25C8H         LINE#         61
  C:25C8H         LINE#         62
  C:25CAH         LINE#         63
  C:25CCH         LINE#         64
  C:25CEH         LINE#         65
  -------         ENDPROC       DELAY20MS
  -------         PROC          DELAY10MS
  -------         DO            
  D:0007H         SYMBOL        i
  D:0006H         SYMBOL        j
  -------         ENDDO         
  C:266CH         LINE#         67
  C:266CH         LINE#         68
  C:266CH         LINE#         71
  C:266EH         LINE#         72
  C:2670H         LINE#         74
  C:2670H         LINE#         75
  C:2672H         LINE#         76
  C:2674H         LINE#         77
  -------         ENDPROC       DELAY10MS
  -------         PROC          DELAY50MS
  -------         DO            
  D:0007H         SYMBOL        i
  D:0006H         SYMBOL        j
  D:0005H         SYMBOL        k
  -------         ENDDO         
  C:25CFH         LINE#         79
  C:25CFH         LINE#         80
  C:25CFH         LINE#         83
  C:25D0H         LINE#         84
  C:25D1H         LINE#         85
  C:25D3H         LINE#         86
  C:25D5H         LINE#         87
  C:25D7H         LINE#         89
  C:25D7H         LINE#         91
  C:25D7H         LINE#         92
  C:25D9H         LINE#         93
  C:25DBH         LINE#         94
  C:25DDH         LINE#         95
  -------         ENDPROC       DELAY50MS
  -------         PROC          DELAY10US
  -------         DO            
  D:0007H         SYMBOL        i
  -------         ENDDO         
  C:2695H         LINE#         98
  C:2695H         LINE#         99
  C:2695H         LINE#         102
  C:2696H         LINE#         103
  C:2698H         LINE#         104
  C:269AH         LINE#         105
  -------         ENDPROC       DELAY10US
  -------         PROC          DELAY2US
  -------         DO            
  D:0007H         SYMBOL        i
  -------         ENDDO         
  C:0006H         LINE#         107
BL51 BANKED LINKER/LOCATER V6.22                                                      06/03/2016  19:37:36  PAGE 18


  C:0006H         LINE#         108
  C:0006H         LINE#         111
  C:0008H         LINE#         112
  C:000AH         LINE#         113
  -------         ENDPROC       DELAY2US
  -------         PROC          DELAY5MS
  -------         DO            
  D:0007H         SYMBOL        i
  D:0006H         SYMBOL        j
  -------         ENDDO         
  C:2675H         LINE#         115
  C:2675H         LINE#         116
  C:2675H         LINE#         119
  C:2677H         LINE#         120
  C:2679H         LINE#         122
  C:2679H         LINE#         123
  C:267BH         LINE#         124
  C:267DH         LINE#         125
  -------         ENDPROC       DELAY5MS
  -------         PROC          DELAY5US
  -------         DO            
  D:0007H         SYMBOL        i
  -------         ENDDO         
  C:269BH         LINE#         127
  C:269BH         LINE#         128
  C:269BH         LINE#         131
  C:269CH         LINE#         132
  C:269EH         LINE#         133
  C:26A0H         LINE#         134
  -------         ENDPROC       DELAY5US
  -------         PROC          DELAY1000MS
  -------         DO            
  D:0007H         SYMBOL        i
  D:0006H         SYMBOL        j
  D:0005H         SYMBOL        k
  -------         ENDDO         
  C:25DEH         LINE#         136
  C:25DEH         LINE#         137
  C:25DEH         LINE#         140
  C:25DFH         LINE#         141
  C:25E0H         LINE#         142
  C:25E2H         LINE#         143
  C:25E4H         LINE#         144
  C:25E6H         LINE#         146
  C:25E6H         LINE#         148
  C:25E6H         LINE#         149
  C:25E8H         LINE#         150
  C:25EAH         LINE#         151
  C:25ECH         LINE#         152
  -------         ENDPROC       DELAY1000MS
  -------         ENDMOD        DELAY

  -------         MODULE        TIMER
  C:0000H         SYMBOL        _ICE_DUMMY_
  C:24D7H         PUBLIC        EnableTimer0
  D:0080H         PUBLIC        P0
  C:2581H         PUBLIC        EnableTimer1
BL51 BANKED LINKER/LOCATER V6.22                                                      06/03/2016  19:37:36  PAGE 19


  D:0090H         PUBLIC        P1
  D:00A0H         PUBLIC        P2
  C:2424H         PUBLIC        EnableTimer3
  D:00B0H         PUBLIC        P3
  C:253CH         PUBLIC        EnableTimer4
  C:192FH         PUBLIC        Timer0_ISR
  D:00C0H         PUBLIC        P4
  C:2140H         PUBLIC        Timer1_ISR
  D:00C8H         PUBLIC        P5
  B:00A8H.7       PUBLIC        EA
  D:00E8H         PUBLIC        P6
  C:1AE9H         PUBLIC        Timer3_ISR
  D:00F8H         PUBLIC        P7
  C:2061H         PUBLIC        Timer4_ISR
  C:2686H         PUBLIC        RefreshTimer4
  X:006BH         PUBLIC        T3TimesValue
  D:00A8H         PUBLIC        IE
  D:00B8H         PUBLIC        IP
  D:00D8H         PUBLIC        CCON
  X:006DH         PUBLIC        T1times
  X:006FH         PUBLIC        T3times
  X:0071H         PUBLIC        T4times
  B:00A0H.0       PUBLIC        P20
  D:0098H         PUBLIC        SCON
  D:0089H         PUBLIC        TMOD
  D:0088H         PUBLIC        TCON
  B:00C0H.4       PUBLIC        P44
  B:00C8H.4       PUBLIC        P54
  B:00C8H.5       PUBLIC        P55
  D:00AFH         PUBLIC        IE2
  D:008EH         PUBLIC        AUXR
  B:00A8H.1       PUBLIC        ET0
  B:00A8H.3       PUBLIC        ET1
  C:2406H         PUBLIC        Timer0Init
  C:000EH         PUBLIC        Timer1Init
  D:008CH         PUBLIC        TH0
  D:008DH         PUBLIC        TH1
  C:25FBH         PUBLIC        Timer3Init
  C:2516H         PUBLIC        Timer4Init
  D:00D4H         PUBLIC        T3H
  D:00D2H         PUBLIC        T4H
  D:008AH         PUBLIC        TL0
  D:008BH         PUBLIC        TL1
  D:00D5H         PUBLIC        T3L
  D:00D3H         PUBLIC        T4L
  B:00B8H.1       PUBLIC        PT0
  B:00B8H.3       PUBLIC        PT1
  B:0088H.4       PUBLIC        TR0
  B:0088H.6       PUBLIC        TR1
  X:0073H         PUBLIC        T0times0
  X:0075H         PUBLIC        T0times1
  X:0077H         PUBLIC        T0times2
  X:0079H         PUBLIC        T0times3
  D:00D1H         PUBLIC        T4T3M
  C:001EH         PUBLIC        DisableTimer0
  C:0026H         PUBLIC        DisableTimer1
  C:2608H         PUBLIC        DisableTimer3
BL51 BANKED LINKER/LOCATER V6.22                                                      06/03/2016  19:37:36  PAGE 20


  C:0094H         PUBLIC        DisableTimer4
  D:00D0H         PUBLIC        PSW
  -------         PROC          TIMER0INIT
  C:2406H         LINE#         23
  C:2406H         LINE#         24
  C:2406H         LINE#         25
  C:2409H         LINE#         26
  C:240CH         LINE#         27
  C:240FH         LINE#         28
  C:2412H         LINE#         29
  C:2414H         LINE#         30
  C:2416H         LINE#         31
  C:2418H         LINE#         32
  C:241FH         LINE#         33
  C:2423H         LINE#         34
  -------         ENDPROC       TIMER0INIT
  -------         PROC          ENABLETIMER0
  C:24D7H         LINE#         36
  C:24D7H         LINE#         37
  C:24D7H         LINE#         38
  C:24DAH         LINE#         39
  C:24DDH         LINE#         40
  C:24DFH         LINE#         41
  C:24E1H         LINE#         42
  C:24E8H         LINE#         43
  C:24ECH         LINE#         44
  -------         ENDPROC       ENABLETIMER0
  -------         PROC          DISABLETIMER0
  C:001EH         LINE#         46
  C:001EH         LINE#         47
  C:001EH         LINE#         48
  C:0020H         LINE#         49
  C:0022H         LINE#         50
  -------         ENDPROC       DISABLETIMER0
  -------         PROC          TIMER0_ISR
  C:192FH         LINE#         53
  C:1937H         LINE#         56
  C:1946H         LINE#         57
  C:1946H         LINE#         58
  C:1952H         LINE#         59
  C:1954H         LINE#         61
  C:1954H         LINE#         62
  C:195BH         LINE#         63
  C:1960H         LINE#         64
  C:1960H         LINE#         66
  C:196FH         LINE#         67
  C:196FH         LINE#         68
  C:197BH         LINE#         69
  C:197DH         LINE#         71
  C:197DH         LINE#         72
  C:1984H         LINE#         73
  C:1989H         LINE#         74
  C:1989H         LINE#         76
  C:1998H         LINE#         77
  C:1998H         LINE#         78
  C:19A4H         LINE#         79
  C:19A6H         LINE#         81
BL51 BANKED LINKER/LOCATER V6.22                                                      06/03/2016  19:37:36  PAGE 21


  C:19A6H         LINE#         82
  C:19ADH         LINE#         83
  C:19B2H         LINE#         84
  C:19B2H         LINE#         86
  C:19C1H         LINE#         87
  C:19C1H         LINE#         88
  C:19CDH         LINE#         89
  C:19CFH         LINE#         91
  C:19CFH         LINE#         92
  C:19D6H         LINE#         93
  C:19DBH         LINE#         94
  C:19DBH         LINE#         97
  -------         ENDPROC       TIMER0_ISR
  -------         PROC          TIMER1INIT
  C:000EH         LINE#         100
  C:000EH         LINE#         101
  C:000EH         LINE#         102
  C:0011H         LINE#         103
  C:0014H         LINE#         104
  C:0016H         LINE#         105
  C:0018H         LINE#         106
  C:001AH         LINE#         107
  -------         ENDPROC       TIMER1INIT
  -------         PROC          ENABLETIMER1
  C:2581H         LINE#         109
  C:2581H         LINE#         110
  C:2581H         LINE#         111
  C:2584H         LINE#         112
  C:2586H         LINE#         113
  C:2588H         LINE#         114
  C:258AH         LINE#         115
  C:2590H         LINE#         116
  -------         ENDPROC       ENABLETIMER1
  -------         PROC          DISABLETIMER1
  C:0026H         LINE#         118
  C:0026H         LINE#         119
  C:0026H         LINE#         120
  C:0028H         LINE#         121
  C:002AH         LINE#         122
  -------         ENDPROC       DISABLETIMER1
  -------         PROC          TIMER1_ISR
  C:2140H         LINE#         125
  C:2148H         LINE#         128
  C:2157H         LINE#         129
  C:2157H         LINE#         130
  C:2163H         LINE#         131
  C:2165H         LINE#         133
  C:2165H         LINE#         134
  C:216CH         LINE#         135
  C:216CH         LINE#         137
  C:216CH         LINE#         138
  C:216CH         LINE#         141
  C:216CH         LINE#         142
  -------         ENDPROC       TIMER1_ISR
  -------         PROC          TIMER3INIT
  C:25FBH         LINE#         145
  C:25FBH         LINE#         146
BL51 BANKED LINKER/LOCATER V6.22                                                      06/03/2016  19:37:36  PAGE 22


  C:25FBH         LINE#         147
  C:25FEH         LINE#         148
  C:2601H         LINE#         149
  C:2604H         LINE#         150
  C:2607H         LINE#         151
  -------         ENDPROC       TIMER3INIT
  -------         PROC          ENABLETIMER3
  C:2424H         LINE#         153
  C:2424H         LINE#         154
  C:2424H         LINE#         155
  C:2427H         LINE#         156
  C:242AH         LINE#         157
  C:242DH         LINE#         158
  C:2430H         LINE#         159
  C:2437H         LINE#         160
  C:2440H         LINE#         161
  -------         ENDPROC       ENABLETIMER3
  -------         PROC          DISABLETIMER3
  C:2608H         LINE#         163
  C:2608H         LINE#         164
  C:2608H         LINE#         165
  C:260BH         LINE#         166
  C:260EH         LINE#         167
  C:2610H         LINE#         168
  C:2612H         LINE#         169
  C:2614H         LINE#         170
  -------         ENDPROC       DISABLETIMER3
  -------         PROC          TIMER3_ISR
  C:1AE9H         LINE#         173
  C:1B06H         LINE#         175
  C:1B08H         LINE#         176
  C:1B1DH         LINE#         177
  C:1B1DH         LINE#         178
  C:1B20H         LINE#         179
  C:1B2EH         LINE#         180
  C:1B30H         LINE#         182
  C:1B30H         LINE#         183
  C:1B35H         LINE#         184
  C:1B3AH         LINE#         185
  C:1B41H         LINE#         186
  C:1B41H         LINE#         187
  C:1B43H         LINE#         188
  -------         ENDPROC       TIMER3_ISR
  -------         PROC          TIMER4INIT
  C:2516H         LINE#         191
  C:2516H         LINE#         192
  C:2516H         LINE#         193
  C:2519H         LINE#         194
  C:251CH         LINE#         195
  C:251FH         LINE#         196
  C:2522H         LINE#         197
  C:2525H         LINE#         198
  C:2528H         LINE#         199
  -------         ENDPROC       TIMER4INIT
  -------         PROC          ENABLETIMER4
  C:253CH         LINE#         201
  C:253CH         LINE#         202
BL51 BANKED LINKER/LOCATER V6.22                                                      06/03/2016  19:37:36  PAGE 23


  C:253CH         LINE#         203
  C:253FH         LINE#         204
  C:2542H         LINE#         205
  C:2545H         LINE#         206
  C:2547H         LINE#         207
  C:254DH         LINE#         208
  -------         ENDPROC       ENABLETIMER4
  -------         PROC          DISABLETIMER4
  C:0094H         LINE#         210
  C:0094H         LINE#         211
  C:0094H         LINE#         212
  C:0097H         LINE#         213
  C:009AH         LINE#         214
  -------         ENDPROC       DISABLETIMER4
  -------         PROC          REFRESHTIMER4
  C:2686H         LINE#         216
  C:2686H         LINE#         217
  C:2686H         LINE#         218
  C:268DH         LINE#         219
  -------         ENDPROC       REFRESHTIMER4
  -------         PROC          TIMER4_ISR
  C:2061H         LINE#         222
  C:2069H         LINE#         225
  C:2078H         LINE#         226
  C:2078H         LINE#         227
  C:2084H         LINE#         228
  C:2086H         LINE#         230
  C:2086H         LINE#         231
  C:208DH         LINE#         232
  C:2090H         LINE#         234
  C:2092H         LINE#         239
  C:2092H         LINE#         241
  -------         ENDPROC       TIMER4_ISR
  -------         ENDMOD        TIMER

  -------         MODULE        ULTRASOUND
  C:0000H         SYMBOL        _ICE_DUMMY_
  D:0080H         PUBLIC        P0
  D:0090H         PUBLIC        P1
  D:00A0H         PUBLIC        P2
  D:00B0H         PUBLIC        P3
  D:00C0H         PUBLIC        P4
  D:00C8H         PUBLIC        P5
  D:00E8H         PUBLIC        P6
  D:00F8H         PUBLIC        P7
  D:00A8H         PUBLIC        IE
  C:2644H         PUBLIC        _delay
  D:00B8H         PUBLIC        IP
  B:00C0H.2       PUBLIC        echo
  D:00D8H         PUBLIC        CCON
  D:0098H         PUBLIC        SCON
  D:0088H         PUBLIC        TCON
  X:007BH         PUBLIC        RealDistance
  X:007DH         PUBLIC        bat
  B:00C0H.1       PUBLIC        trig
  C:2529H         PUBLIC        DisUltraSound
  X:0084H         PUBLIC        RawTime
BL51 BANKED LINKER/LOCATER V6.22                                                      06/03/2016  19:37:36  PAGE 24


  C:1B5EH         PUBLIC        super_count
  C:254EH         SYMBOL        _?ix1000
  C:2622H         PUBLIC        super_start
  D:008DH         PUBLIC        TH1
  D:008BH         PUBLIC        TL1
  C:0E1BH         PUBLIC        UltraSoundDisplay
  D:00D0H         PUBLIC        PSW
  -------         PROC          _DELAY
  D:0006H         SYMBOL        i
  C:2644H         LINE#         18
  C:2644H         LINE#         19
  C:2644H         LINE#         20
  C:264EH         LINE#         21
  -------         ENDPROC       _DELAY
  -------         PROC          SUPER_START
  C:2622H         LINE#         23
  C:2622H         LINE#         24
  C:2622H         LINE#         25
  C:2624H         LINE#         26
  C:262BH         LINE#         27
  C:262DH         LINE#         28
  -------         ENDPROC       SUPER_START
  -------         PROC          SUPER_COUNT
  C:1B5EH         LINE#         29
  C:1B5EH         LINE#         30
  C:1B5EH         LINE#         31
  C:1BA1H         LINE#         32
  C:1BC9H         LINE#         42
  C:1BC9H         LINE#         43
  -------         ENDPROC       SUPER_COUNT
  -------         PROC          DISULTRASOUND
  -------         DO            
  D:0006H         SYMBOL        t
  -------         ENDDO         
  C:2529H         LINE#         45
  C:2529H         LINE#         46
  C:2529H         LINE#         48
  C:252CH         LINE#         49
  C:252FH         LINE#         50
  C:2532H         LINE#         51
  C:2535H         LINE#         52
  C:2538H         LINE#         53
  C:253BH         LINE#         54
  C:253BH         LINE#         55
  -------         ENDPROC       DISULTRASOUND
  -------         PROC          ULTRASOUNDDISPLAY
  -------         DO            
  X:0000H         SYMBOL        VelocityData
  X:0011H         SYMBOL        Dis1
  X:0015H         SYMBOL        Dis2
  X:0019H         SYMBOL        DDis
  X:001DH         SYMBOL        i
  X:001EH         SYMBOL        TempVelocityThreshold
  -------         ENDDO         
  C:0E1BH         LINE#         57
  C:0E1BH         LINE#         58
  C:0E1BH         LINE#         63
BL51 BANKED LINKER/LOCATER V6.22                                                      06/03/2016  19:37:36  PAGE 25


  C:0E2EH         LINE#         69
  C:0E39H         LINE#         75
  C:0E48H         LINE#         76
  C:0E4DH         LINE#         77
  C:0E4DH         LINE#         78
  C:0E50H         LINE#         79
  C:0E5CH         LINE#         80
  C:0E6BH         LINE#         82
  C:0EA0H         LINE#         83
  C:0EA0H         LINE#         84
  C:0EA6H         LINE#         85
  C:0EAAH         LINE#         86
  C:0EAEH         LINE#         87
  C:0EB2H         LINE#         88
  C:0EB6H         LINE#         89
  C:0EBAH         LINE#         90
  C:0EBEH         LINE#         91
  C:0EC2H         LINE#         92
  C:0EC5H         LINE#         94
  C:0ED0H         LINE#         95
  C:0ED0H         LINE#         97
  C:0ED0H         LINE#         98
  C:0EF2H         LINE#         99
  C:0EF2H         LINE#         100
  C:0F1EH         LINE#         101
  C:0F24H         LINE#         102
  C:0F26H         LINE#         104
  C:0F26H         LINE#         105
  C:0F4FH         LINE#         106
  C:0F55H         LINE#         107
  C:0F55H         LINE#         108
  C:0F72H         LINE#         109
  C:0F97H         LINE#         110
  C:0FC9H         LINE#         111
  C:0FFAH         LINE#         112
  C:0FFEH         LINE#         113
  C:102EH         LINE#         114
  C:105DH         LINE#         116
  C:1061H         LINE#         117
  C:1065H         LINE#         118
  C:1069H         LINE#         119
  C:106DH         LINE#         120
  C:1070H         LINE#         122
  C:107BH         LINE#         124
  C:1092H         LINE#         125
  C:1092H         LINE#         126
  C:1098H         LINE#         133
  C:1098H         LINE#         134
  C:1098H         LINE#         135
  -------         ENDPROC       ULTRASOUNDDISPLAY
  -------         ENDMOD        ULTRASOUND

  -------         MODULE        DHT11
  C:0000H         SYMBOL        _ICE_DUMMY_
  D:0080H         PUBLIC        P0
  D:0090H         PUBLIC        P1
  D:00A0H         PUBLIC        P2
BL51 BANKED LINKER/LOCATER V6.22                                                      06/03/2016  19:37:36  PAGE 26


  D:00B0H         PUBLIC        P3
  D:00C0H         PUBLIC        P4
  D:00C8H         PUBLIC        P5
  D:00E8H         PUBLIC        P6
  D:00F8H         PUBLIC        P7
  D:00A8H         PUBLIC        IE
  D:00B8H         PUBLIC        IP
  X:0088H         PUBLIC        HumidityH
  C:1D63H         PUBLIC        DisplayDHT11
  X:0089H         PUBLIC        HumidityL
  X:008AH         PUBLIC        U8T_data_H_temp
  X:008BH         PUBLIC        U8T_data_L_temp
  D:00D8H         PUBLIC        CCON
  X:008CH         PUBLIC        U8FLAG
  D:0098H         PUBLIC        SCON
  D:0088H         PUBLIC        TCON
  X:008DH         PUBLIC        TempearatureH
  C:1536H         PUBLIC        ReadDHT11
  C:255FH         SYMBOL        _?ix1000
  X:008EH         PUBLIC        TempearatureL
  X:008FH         PUBLIC        U8checkdata_temp
  X:0090H         PUBLIC        U8temp
  C:1C9EH         PUBLIC        COM
  X:0091H         PUBLIC        CHECK
  X:0092H         PUBLIC        U8RH_data_H_temp
  X:0093H         PUBLIC        U8RH_data_L_temp
  X:0094H         PUBLIC        U8comdata
  D:00D0H         PUBLIC        PSW
  B:00B0H.7       PUBLIC        DHTDATA
  -------         PROC          COM
  -------         DO            
  X:0012H         SYMBOL        i
  -------         ENDDO         
  C:1C9EH         LINE#         23
  C:1C9EH         LINE#         24
  C:1C9EH         LINE#         26
  C:1CA3H         LINE#         27
  C:1CA3H         LINE#         28
  C:1CA9H         LINE#         29
  C:1CB6H         LINE#         30
  C:1CB9H         LINE#         31
  C:1CBCH         LINE#         32
  C:1CBFH         LINE#         33
  C:1CC4H         LINE#         34
  C:1CC9H         LINE#         35
  C:1CCFH         LINE#         36
  C:1CDCH         LINE#         38
  C:1CE4H         LINE#         43
  C:1CECH         LINE#         44
  C:1CF5H         LINE#         45
  C:1D01H         LINE#         46
  -------         ENDPROC       COM
  -------         PROC          READDHT11
  -------         DO            
  X:0011H         SYMBOL        DelayTemp
  -------         ENDDO         
  C:1536H         LINE#         65
BL51 BANKED LINKER/LOCATER V6.22                                                      06/03/2016  19:37:36  PAGE 27


  C:1536H         LINE#         66
  C:1536H         LINE#         69
  C:1538H         LINE#         70
  C:153DH         LINE#         71
  C:153DH         LINE#         72
  C:1540H         LINE#         73
  C:154CH         LINE#         74
  C:154EH         LINE#         76
  C:1551H         LINE#         77
  C:1554H         LINE#         78
  C:1557H         LINE#         79
  C:155AH         LINE#         81
  C:155CH         LINE#         83
  C:1562H         LINE#         84
  C:1562H         LINE#         85
  C:1568H         LINE#         87
  C:1575H         LINE#         88
  C:157BH         LINE#         90
  C:1588H         LINE#         92
  C:158BH         LINE#         93
  C:1593H         LINE#         94
  C:1596H         LINE#         95
  C:159EH         LINE#         96
  C:15A1H         LINE#         97
  C:15A9H         LINE#         98
  C:15ACH         LINE#         99
  C:15B4H         LINE#         100
  C:15B7H         LINE#         101
  C:15C0H         LINE#         102
  C:15C2H         LINE#         105
  C:15DDH         LINE#         106
  C:15E3H         LINE#         107
  C:15E3H         LINE#         108
  C:15E5H         LINE#         109
  C:15E8H         LINE#         110
  C:15EDH         LINE#         111
  C:15F0H         LINE#         112
  C:15F4H         LINE#         113
  C:15F6H         LINE#         115
  C:15F6H         LINE#         116
  C:15F9H         LINE#         117
  C:15FBH         LINE#         118
  C:15FFH         LINE#         119
  C:1601H         LINE#         120
  C:1605H         LINE#         121
  C:1605H         LINE#         122
  C:1605H         LINE#         123
  -------         ENDPROC       READDHT11
  -------         PROC          DISPLAYDHT11
  -------         DO            
  X:0000H         SYMBOL        HumidityAndTemperatureData
  -------         ENDDO         
  C:1D63H         LINE#         128
  C:1D63H         LINE#         129
  C:1D63H         LINE#         130
  C:1D76H         LINE#         133
  C:1D79H         LINE#         148
BL51 BANKED LINKER/LOCATER V6.22                                                      06/03/2016  19:37:36  PAGE 28


  C:1D8EH         LINE#         149
  C:1D99H         LINE#         150
  C:1DAEH         LINE#         151
  C:1DB9H         LINE#         152
  -------         ENDPROC       DISPLAYDHT11
  -------         ENDMOD        DHT11

  -------         MODULE        BUZZER
  C:0000H         SYMBOL        _ICE_DUMMY_
  D:0080H         PUBLIC        P0
  D:0090H         PUBLIC        P1
  D:00A0H         PUBLIC        P2
  D:00B0H         PUBLIC        P3
  D:00C0H         PUBLIC        P4
  D:00C8H         PUBLIC        P5
  C:268EH         PUBLIC        Buzzer
  D:00E8H         PUBLIC        P6
  D:00F8H         PUBLIC        P7
  D:00A8H         PUBLIC        IE
  D:00B8H         PUBLIC        IP
  D:00D8H         PUBLIC        CCON
  D:0098H         PUBLIC        SCON
  D:0088H         PUBLIC        TCON
  B:00C0H.4       PUBLIC        P44
  B:00C8H.4       PUBLIC        P54
  B:00C8H.5       PUBLIC        P55
  D:00D0H         PUBLIC        PSW
  -------         PROC          BUZZER
  C:268EH         LINE#         4
  C:268EH         LINE#         5
  C:268EH         LINE#         7
  C:2690H         LINE#         8
  C:2692H         LINE#         9
  C:2694H         LINE#         10
  -------         ENDPROC       BUZZER
  -------         ENDMOD        BUZZER

  -------         MODULE        LCD12864
  C:0000H         SYMBOL        _ICE_DUMMY_
  D:0080H         PUBLIC        P0
  D:0090H         PUBLIC        P1
  D:00A0H         PUBLIC        P2
  D:00B0H         PUBLIC        P3
  D:00C0H         PUBLIC        P4
  D:00C8H         PUBLIC        P5
  D:00E8H         PUBLIC        P6
  D:00F8H         PUBLIC        P7
  D:00A8H         PUBLIC        IE
  C:1F6EH         PUBLIC        Lcm_Init
  D:00B8H         PUBLIC        IP
  D:00D8H         PUBLIC        CCON
  B:00A0H.7       PUBLIC        RS
  C:2441H         PUBLIC        _Wr_Data
  B:00A0H.6       PUBLIC        RW
  D:0098H         PUBLIC        SCON
  D:0088H         PUBLIC        TCON
  C:1BCAH         PUBLIC        _Display_String
BL51 BANKED LINKER/LOCATER V6.22                                                      06/03/2016  19:37:36  PAGE 29


  C:1EE6H         PUBLIC        _LCD12864DisplayChar
  B:00A0H.4       PUBLIC        REST
  B:00A0H.5       PUBLIC        E
  C:209BH         PUBLIC        LCD12864SettingInit
  C:20D2H         PUBLIC        LCD12864SettingExit
  C:2570H         PUBLIC        RDbf
  C:232DH         PUBLIC        _Wr_Command
  C:1DC4H         PUBLIC        _LCD12864DisplayTwoChar
  D:00D0H         PUBLIC        PSW
  -------         PROC          _DISPLAY_STRING
  D:0007H         SYMBOL        line
  X:0045H         SYMBOL        string
  -------         DO            
  X:0048H         SYMBOL        addr
  -------         ENDDO         
  C:1BCAH         LINE#         20
  C:1BD5H         LINE#         21
  C:1BD5H         LINE#         23
  C:1BDFH         LINE#         24
  C:1BEBH         LINE#         25
  C:1BF7H         LINE#         26
  C:1C01H         LINE#         27
  C:1C0DH         LINE#         28
  C:1C1DH         LINE#         29
  C:1C1DH         LINE#         30
  C:1C32H         LINE#         31
  C:1C34H         LINE#         33
  -------         ENDPROC       _DISPLAY_STRING
  -------         PROC          _WR_DATA
  X:0049H         SYMBOL        wrdata
  C:2441H         LINE#         35
  C:2446H         LINE#         36
  C:2446H         LINE#         37
  C:2449H         LINE#         38
  C:244BH         LINE#         39
  C:244DH         LINE#         40
  C:2450H         LINE#         41
  C:2452H         LINE#         42
  C:2458H         LINE#         43
  C:245BH         LINE#         44
  C:245DH         LINE#         45
  -------         ENDPROC       _WR_DATA
  C:2327H         SYMBOL        L?0042
  -------         PROC          L?0041
  -------         ENDPROC       L?0041
  C:2327H         SYMBOL        L?0042
  -------         PROC          _WR_COMMAND
  X:0049H         SYMBOL        wrcommand
  D:0004H         SYMBOL        busyc
  C:232DH         LINE#         47
  C:2332H         LINE#         48
  C:2332H         LINE#         49
  C:2339H         LINE#         50
  C:233BH         LINE#         51
  C:233DH         LINE#         52
  C:2340H         LINE#         53
  C:2342H         LINE#         54
BL51 BANKED LINKER/LOCATER V6.22                                                      06/03/2016  19:37:36  PAGE 30


  C:2348H         LINE#         55
  C:234BH         LINE#         56
  C:234DH         LINE#         57
  -------         ENDPROC       _WR_COMMAND
  -------         PROC          RDBF
  C:2570H         LINE#         59
  C:2570H         LINE#         60
  C:2570H         LINE#         61
  C:2570H         LINE#         62
  C:2570H         LINE#         63
  C:2572H         LINE#         64
  C:2574H         LINE#         65
  C:2576H         LINE#         66
  C:2579H         LINE#         67
  C:257BH         LINE#         68
  -------         ENDPROC       RDBF
  -------         PROC          _LCD12864DISPLAYCHAR
  D:0007H         SYMBOL        line
  X:0045H         SYMBOL        column
  X:0046H         SYMBOL        Str
  C:1EE6H         LINE#         72
  C:1EEEH         LINE#         73
  C:1EEEH         LINE#         74
  C:1EFDH         LINE#         75
  C:1EFDH         LINE#         76
  C:1EFDH         LINE#         77
  C:1EFDH         LINE#         78
  C:1F03H         LINE#         79
  C:1F05H         LINE#         80
  C:1F05H         LINE#         81
  C:1F05H         LINE#         82
  C:1F05H         LINE#         83
  C:1F0BH         LINE#         84
  C:1F0DH         LINE#         85
  C:1F0DH         LINE#         86
  C:1F0DH         LINE#         87
  C:1F0DH         LINE#         88
  C:1F13H         LINE#         89
  C:1F15H         LINE#         90
  C:1F15H         LINE#         91
  C:1F15H         LINE#         92
  C:1F15H         LINE#         93
  C:1F23H         LINE#         94
  C:1F23H         LINE#         95
  C:1F23H         LINE#         96
  C:1F23H         LINE#         97
  C:1F23H         LINE#         99
  C:1F23H         LINE#         100
  C:1F23H         LINE#         102
  -------         ENDPROC       _LCD12864DISPLAYCHAR
  -------         PROC          _LCD12864DISPLAYTWOCHAR
  D:0007H         SYMBOL        line
  X:0046H         SYMBOL        column
  X:0047H         SYMBOL        Str1
  X:0048H         SYMBOL        Str2
  C:1DC4H         LINE#         109
  C:1DCCH         LINE#         110
BL51 BANKED LINKER/LOCATER V6.22                                                      06/03/2016  19:37:36  PAGE 31


  C:1DCCH         LINE#         111
  C:1DDBH         LINE#         112
  C:1DDBH         LINE#         113
  C:1DDBH         LINE#         114
  C:1DDBH         LINE#         115
  C:1DE1H         LINE#         116
  C:1DE3H         LINE#         117
  C:1DE3H         LINE#         118
  C:1DE3H         LINE#         119
  C:1DE3H         LINE#         120
  C:1DE9H         LINE#         121
  C:1DEBH         LINE#         122
  C:1DEBH         LINE#         123
  C:1DEBH         LINE#         124
  C:1DEBH         LINE#         125
  C:1DF1H         LINE#         126
  C:1DF3H         LINE#         127
  C:1DF3H         LINE#         128
  C:1DF3H         LINE#         129
  C:1DF3H         LINE#         130
  C:1E01H         LINE#         131
  C:1E01H         LINE#         132
  C:1E01H         LINE#         133
  C:1E01H         LINE#         134
  C:1E01H         LINE#         136
  C:1E01H         LINE#         137
  C:1E01H         LINE#         139
  C:1E09H         LINE#         140
  -------         ENDPROC       _LCD12864DISPLAYTWOCHAR
  -------         PROC          LCD12864SETTINGINIT
  C:209BH         LINE#         143
  C:209BH         LINE#         144
  C:209BH         LINE#         147
  C:20A3H         LINE#         148
  C:20A6H         LINE#         149
  C:20AEH         LINE#         150
  C:20B1H         LINE#         151
  C:20BAH         LINE#         152
  C:20BDH         LINE#         155
  C:20C0H         LINE#         156
  C:20C3H         LINE#         157
  C:20C6H         LINE#         158
  C:20CFH         LINE#         159
  -------         ENDPROC       LCD12864SETTINGINIT
  -------         PROC          LCD12864SETTINGEXIT
  C:20D2H         LINE#         163
  C:20D2H         LINE#         164
  C:20D2H         LINE#         165
  C:20DAH         LINE#         166
  C:20DDH         LINE#         167
  C:20E5H         LINE#         168
  C:20E8H         LINE#         169
  C:20F1H         LINE#         170
  C:20F4H         LINE#         171
  C:20F7H         LINE#         172
  C:20FAH         LINE#         173
  C:20FDH         LINE#         174
BL51 BANKED LINKER/LOCATER V6.22                                                      06/03/2016  19:37:36  PAGE 32


  C:2106H         LINE#         175
  -------         ENDPROC       LCD12864SETTINGEXIT
  -------         PROC          LCM_INIT
  C:1F6EH         LINE#         178
  C:1F6EH         LINE#         179
  C:1F6EH         LINE#         180
  C:1F71H         LINE#         181
  C:1F73H         LINE#         182
  C:1F75H         LINE#         183
  C:1F77H         LINE#         184
  C:1F7FH         LINE#         185
  C:1F82H         LINE#         186
  C:1F8AH         LINE#         187
  C:1F8DH         LINE#         188
  C:1F96H         LINE#         189
  C:1F99H         LINE#         190
  C:1F9CH         LINE#         191
  C:1F9FH         LINE#         192
  C:1FA2H         LINE#         193
  C:1FABH         LINE#         194
  -------         ENDPROC       LCM_INIT
  -------         ENDMOD        LCD12864

  -------         MODULE        DS1302
  C:0000H         SYMBOL        _ICE_DUMMY_
  D:0080H         PUBLIC        P0
  D:0090H         PUBLIC        P1
  D:00A0H         PUBLIC        P2
  D:00B0H         PUBLIC        P3
  D:00C0H         PUBLIC        P4
  D:00C8H         PUBLIC        P5
  D:00E8H         PUBLIC        P6
  D:00F8H         PUBLIC        P7
  D:00A8H         PUBLIC        IE
  C:002EH         PUBLIC        clear_ds1302_WP
  C:21D5H         PUBLIC        DS3231read_time
  D:00B8H         PUBLIC        IP
  D:00D8H         PUBLIC        CCON
  C:2109H         PUBLIC        _write_ds1302_nbyte
  D:0098H         PUBLIC        SCON
  C:24AAH         PUBLIC        read_ds1302_byte
  D:0088H         PUBLIC        TCON
  C:2591H         SYMBOL        _?ix1000
  C:2599H         SYMBOL        _?ix1001
  C:2361H         PUBLIC        _write_ds1302_byte
  C:16D6H         PUBLIC        _DS1302_readoutTime
  C:17A5H         PUBLIC        DS1302SendTimeByWifi
  C:24EDH         PUBLIC        set_ds1302_WP
  C:1606H         PUBLIC        _LCD12864_Send_TIME
  B:00A0H.2       PUBLIC        SDA
  C:1C35H         PUBLIC        _set_time
  B:00A0H.3       PUBLIC        SCK
  C:245EH         PUBLIC        _DS1302Init
  C:2615H         PUBLIC        delay_1S
  C:1230H         PUBLIC        DS1302SendTimeByUART
  C:1351H         PUBLIC        _Data_Swap
  B:00A0H.1       PUBLIC        RST
BL51 BANKED LINKER/LOCATER V6.22                                                      06/03/2016  19:37:36  PAGE 33


  D:00D0H         PUBLIC        PSW
  -------         PROC          _DATA_SWAP
  X:009DH         SYMBOL        StartTime
  X:00A0H         SYMBOL        time
  C:1351H         LINE#         27
  C:135CH         LINE#         28
  C:135CH         LINE#         29
  C:137DH         LINE#         30
  C:13A1H         LINE#         31
  C:13C5H         LINE#         32
  C:13E9H         LINE#         33
  C:140DH         LINE#         34
  C:1431H         LINE#         35
  C:1452H         LINE#         36
  -------         ENDPROC       _DATA_SWAP
  -------         PROC          L?0043
  -------         ENDPROC       L?0043
  -------         PROC          _WRITE_DS1302_BYTE
  D:0007H         SYMBOL        dat
  -------         DO            
  D:0006H         SYMBOL        i
  -------         ENDDO         
  C:2361H         LINE#         40
  C:2361H         LINE#         41
  C:2361H         LINE#         43
  C:2363H         LINE#         44
  C:2363H         LINE#         45
  C:2367H         LINE#         46
  C:2369H         LINE#         47
  C:236DH         LINE#         48
  C:236FH         LINE#         49
  C:2374H         LINE#         50
  -------         ENDPROC       _WRITE_DS1302_BYTE
  -------         PROC          CLEAR_DS1302_WP
  C:002EH         LINE#         52
  C:002EH         LINE#         53
  C:002EH         LINE#         54
  C:0030H         LINE#         55
  C:0032H         LINE#         56
  C:0034H         LINE#         57
  C:0039H         LINE#         58
  C:003EH         LINE#         59
  C:0040H         LINE#         60
  C:0042H         LINE#         61
  -------         ENDPROC       CLEAR_DS1302_WP
  -------         PROC          SET_DS1302_WP
  C:24EDH         LINE#         63
  C:24EDH         LINE#         64
  C:24EDH         LINE#         65
  C:24EFH         LINE#         66
  C:24F1H         LINE#         67
  C:24F3H         LINE#         68
  C:24F8H         LINE#         69
  C:24FDH         LINE#         70
  C:24FFH         LINE#         71
  C:2501H         LINE#         72
  -------         ENDPROC       SET_DS1302_WP
BL51 BANKED LINKER/LOCATER V6.22                                                      06/03/2016  19:37:36  PAGE 34


  -------         PROC          _WRITE_DS1302_NBYTE
  X:0048H         SYMBOL        dat
  -------         DO            
  D:0005H         SYMBOL        i
  -------         ENDDO         
  C:2109H         LINE#         75
  C:2114H         LINE#         76
  C:2114H         LINE#         78
  C:2116H         LINE#         79
  C:2118H         LINE#         80
  C:211AH         LINE#         81
  C:211FH         LINE#         82
  C:2121H         LINE#         83
  C:2121H         LINE#         84
  C:2138H         LINE#         85
  C:213DH         LINE#         86
  C:213FH         LINE#         87
  -------         ENDPROC       _WRITE_DS1302_NBYTE
  -------         PROC          _SET_TIME
  X:0045H         SYMBOL        timedata
  -------         DO            
  D:0007H         SYMBOL        i
  D:0006H         SYMBOL        tmp
  -------         ENDDO         
  C:1C35H         LINE#         89
  C:1C40H         LINE#         90
  C:1C40H         LINE#         92
  C:1C42H         LINE#         93
  C:1C42H         LINE#         94
  C:1C5AH         LINE#         95
  C:1C6CH         LINE#         96
  C:1C85H         LINE#         97
  C:1C8AH         LINE#         98
  C:1C8DH         LINE#         99
  C:1C9BH         LINE#         100
  -------         ENDPROC       _SET_TIME
  -------         PROC          READ_DS1302_BYTE
  -------         DO            
  D:0006H         SYMBOL        i
  D:0007H         SYMBOL        dat
  -------         ENDDO         
  C:24AAH         LINE#         104
  C:24AAH         LINE#         105
  C:24AAH         LINE#         106
  C:24ACH         LINE#         107
  C:24ADH         LINE#         108
  C:24ADH         LINE#         109
  C:24B1H         LINE#         110
  C:24B7H         LINE#         111
  C:24B9H         LINE#         112
  C:24BBH         LINE#         113
  C:24C0H         LINE#         114
  C:24C0H         LINE#         115
  -------         ENDPROC       READ_DS1302_BYTE
  -------         PROC          _LCD12864_SEND_TIME
  X:0008H         SYMBOL        tmp
  -------         DO            
BL51 BANKED LINKER/LOCATER V6.22                                                      06/03/2016  19:37:36  PAGE 35


  X:000BH         SYMBOL        str
  X:001EH         SYMBOL        nowstrloc
  -------         ENDDO         
  C:1606H         LINE#         119
  C:1611H         LINE#         120
  C:1611H         LINE#         123
  C:161FH         LINE#         126
  C:163AH         LINE#         127
  C:1641H         LINE#         128
  C:1645H         LINE#         129
  C:1655H         LINE#         130
  C:165CH         LINE#         131
  C:1660H         LINE#         132
  C:1670H         LINE#         133
  C:1677H         LINE#         134
  C:167BH         LINE#         139
  C:168BH         LINE#         140
  C:1692H         LINE#         141
[...]
  C:0507H         LINE#         339
  C:050EH         LINE#         340
  C:050EH         LINE#         341
  C:0511H         LINE#         342
  C:0531H         LINE#         344
  C:0533H         LINE#         346
  C:0533H         LINE#         347
  C:0539H         LINE#         348
  C:0547H         LINE#         349
  C:0547H         LINE#         350
  C:054AH         LINE#         351
  C:054AH         LINE#         353
  C:054CH         LINE#         354
  C:054EH         LINE#         355
  C:0551H         LINE#         356
  C:0557H         LINE#         357
  C:0557H         LINE#         358
  C:055AH         LINE#         359
  C:055DH         LINE#         360
  C:0563H         LINE#         361
  C:056BH         LINE#         362
  C:056BH         LINE#         363
BL51 BANKED LINKER/LOCATER V6.22                                                      06/03/2016  19:37:36  PAGE 44


  C:0571H         LINE#         364
  C:0571H         LINE#         365
  C:0573H         LINE#         366
  C:0573H         LINE#         367
  C:0575H         LINE#         369
  C:0575H         LINE#         370
  C:0580H         LINE#         371
  C:0580H         LINE#         372
  C:0582H         LINE#         373
  C:058AH         LINE#         374
  C:058AH         LINE#         375
  C:0590H         LINE#         376
  C:0590H         LINE#         377
  C:0592H         LINE#         378
  C:0592H         LINE#         379
  C:0594H         LINE#         381
  C:0594H         LINE#         382
  C:059FH         LINE#         383
  C:059FH         LINE#         384
  C:05A1H         LINE#         385
  C:05A9H         LINE#         386
  C:05A9H         LINE#         387
  C:05AFH         LINE#         388
  C:05AFH         LINE#         389
  C:05B1H         LINE#         390
  C:05B1H         LINE#         391
  C:05B3H         LINE#         393
  C:05B3H         LINE#         394
  C:05C3H         LINE#         395
  C:05C3H         LINE#         396
  C:05C6H         LINE#         397
  C:05CEH         LINE#         398
  C:05CEH         LINE#         400
  C:05D3H         LINE#         401
  C:05ECH         LINE#         402
  C:05EEH         LINE#         403
  C:05F6H         LINE#         404
  C:05F6H         LINE#         406
  C:05FBH         LINE#         407
  C:0616H         LINE#         408
  C:0618H         LINE#         409
  C:0620H         LINE#         410
  C:0620H         LINE#         412
  C:0625H         LINE#         413
  C:0642H         LINE#         414
  C:0645H         LINE#         416
  C:064DH         LINE#         417
  C:064DH         LINE#         419
  C:0652H         LINE#         420
  C:066DH         LINE#         421
  C:066FH         LINE#         422
  C:0679H         LINE#         423
  C:0679H         LINE#         425
  C:0682H         LINE#         426
  C:069DH         LINE#         427
  C:069FH         LINE#         430
  C:069FH         LINE#         432
BL51 BANKED LINKER/LOCATER V6.22                                                      06/03/2016  19:37:36  PAGE 45


  C:06A8H         LINE#         433
  C:06C8H         LINE#         434
  C:06C8H         LINE#         435
  C:06CBH         LINE#         436
  C:06CBH         LINE#         438
  C:06D1H         LINE#         439
  C:06D1H         LINE#         440
  C:06D4H         LINE#         441
  C:06D7H         LINE#         442
  C:06DDH         LINE#         443
  C:06E5H         LINE#         444
  C:06E5H         LINE#         445
  C:06ECH         LINE#         446
  C:06ECH         LINE#         447
  C:06EDH         LINE#         448
  C:06EDH         LINE#         449
  C:06EFH         LINE#         451
  C:06EFH         LINE#         452
  C:06FAH         LINE#         453
  C:06FAH         LINE#         454
  C:06FCH         LINE#         455
  C:0704H         LINE#         456
  C:0704H         LINE#         457
  C:070BH         LINE#         458
  C:070BH         LINE#         459
  C:070CH         LINE#         460
  C:070CH         LINE#         461
  C:070EH         LINE#         463
  C:070EH         LINE#         464
  C:0719H         LINE#         465
  C:0719H         LINE#         466
  C:071BH         LINE#         467
  C:0723H         LINE#         468
  C:0723H         LINE#         469
  C:072AH         LINE#         470
  C:072AH         LINE#         471
  C:072BH         LINE#         472
  C:072BH         LINE#         473
  C:072DH         LINE#         475
  C:072DH         LINE#         476
  C:073DH         LINE#         477
  C:073DH         LINE#         478
  C:0740H         LINE#         479
  C:0748H         LINE#         480
  C:0748H         LINE#         482
  C:074DH         LINE#         483
  C:0768H         LINE#         484
  C:076AH         LINE#         485
  C:0772H         LINE#         486
  C:0772H         LINE#         488
  C:0777H         LINE#         489
  C:0792H         LINE#         490
  C:0794H         LINE#         491
  C:079CH         LINE#         492
  C:079CH         LINE#         494
  C:07A1H         LINE#         495
  C:07BEH         LINE#         496
BL51 BANKED LINKER/LOCATER V6.22                                                      06/03/2016  19:37:36  PAGE 46


  C:07C1H         LINE#         498
  C:07C9H         LINE#         499
  C:07C9H         LINE#         501
  C:07CEH         LINE#         502
  C:07EBH         LINE#         503
  C:07EDH         LINE#         504
  C:07F7H         LINE#         505
  C:07F7H         LINE#         507
  C:0800H         LINE#         508
  C:081BH         LINE#         509
  C:081DH         LINE#         512
  C:081DH         LINE#         514
  C:0826H         LINE#         515
  C:0846H         LINE#         516
  C:0846H         LINE#         517
  C:0849H         LINE#         518
  C:0849H         LINE#         519
  C:0849H         LINE#         520
  C:0852H         LINE#         522
  C:0883H         LINE#         523
  C:0888H         LINE#         525
  C:088EH         LINE#         526
  C:0896H         LINE#         527
  C:089EH         LINE#         528
  C:08A6H         LINE#         529
  C:08AEH         LINE#         530
  C:08B2H         LINE#         531
  C:08BAH         LINE#         532
  C:08C3H         LINE#         534
  C:08C6H         LINE#         535
  C:08CBH         LINE#         536
  -------         ENDPROC       ENTERSETTING
  -------         ENDMOD        BUTTON

  -------         MODULE        FLASH
  C:0000H         SYMBOL        _ICE_DUMMY_
  D:0080H         PUBLIC        P0
  D:0090H         PUBLIC        P1
  D:00A0H         PUBLIC        P2
  D:00B0H         PUBLIC        P3
  C:25EDH         PUBLIC        DisableEEPROM
  D:00C0H         PUBLIC        P4
  D:00C6H         PUBLIC        ISP_TRIG
  D:00C8H         PUBLIC        P5
  B:00A8H.7       PUBLIC        EA
  D:00E8H         PUBLIC        P6
  D:00F8H         PUBLIC        P7
  D:00A8H         PUBLIC        IE
  C:23E6H         PUBLIC        _EEPROM_SectorErase
  C:1E1DH         PUBLIC        _EEPROM_read_n
  D:00B8H         PUBLIC        IP
  D:00C5H         PUBLIC        ISP_CMD
  D:00D8H         PUBLIC        CCON
  C:1FEAH         PUBLIC        _EEPROM_write_n
  C:2026H         PUBLIC        GetVelocityThreshold
  D:00C3H         PUBLIC        ISP_ADDRH
  B:00A0H.0       PUBLIC        P20
BL51 BANKED LINKER/LOCATER V6.22                                                      06/03/2016  19:37:36  PAGE 47


  D:0098H         PUBLIC        SCON
  D:0088H         PUBLIC        TCON
  D:00C4H         PUBLIC        ISP_ADDRL
  C:186CH         PUBLIC        _SetVelocityThreshold
  D:00C7H         PUBLIC        ISP_CONTR
  D:00C2H         PUBLIC        ISP_DATA
  D:00D0H         PUBLIC        PSW
  -------         PROC          DISABLEEEPROM
  C:25EDH         LINE#         48
  C:25EDH         LINE#         49
  C:25EDH         LINE#         50
  C:25F0H         LINE#         51
  C:25F2H         LINE#         52
  C:25F4H         LINE#         53
  C:25F7H         LINE#         54
  C:25FAH         LINE#         55
  -------         ENDPROC       DISABLEEEPROM
  -------         PROC          _EEPROM_WRITE_N
  D:0004H         SYMBOL        EE_address
  D:0001H         SYMBOL        DataAddress
  X:0051H         SYMBOL        lenth
  C:1FEAH         LINE#         57
  C:1FEEH         LINE#         58
  C:1FEEH         LINE#         59
  C:1FF0H         LINE#         60
  C:1FF3H         LINE#         61
  C:1FF6H         LINE#         63
  C:1FF6H         LINE#         64
  C:1FF9H         LINE#         65
  C:1FFDH         LINE#         66
  C:2002H         LINE#         67
  C:2005H         LINE#         68
  C:2008H         LINE#         69
  C:2009H         LINE#         70
  C:200AH         LINE#         71
  C:200BH         LINE#         72
  C:200CH         LINE#         73
  C:2011H         LINE#         74
  C:2018H         LINE#         75
  C:2020H         LINE#         76
  C:2023H         LINE#         77
  C:2025H         LINE#         78
  -------         ENDPROC       _EEPROM_WRITE_N
  -------         PROC          L?0018
  -------         ENDPROC       L?0018
  -------         PROC          _EEPROM_READ_N
  D:0004H         SYMBOL        EE_address
  D:0001H         SYMBOL        DataAddress
  X:0051H         SYMBOL        lenth
  C:1E1DH         LINE#         81
  C:1E21H         LINE#         82
  C:1E21H         LINE#         83
  C:1E23H         LINE#         84
  C:1E26H         LINE#         85
  C:1E29H         LINE#         87
  C:1E29H         LINE#         88
  C:1E2CH         LINE#         89
BL51 BANKED LINKER/LOCATER V6.22                                                      06/03/2016  19:37:36  PAGE 48


  C:1E30H         LINE#         90
  C:1E33H         LINE#         91
  C:1E36H         LINE#         92
  C:1E37H         LINE#         93
  C:1E38H         LINE#         94
  C:1E39H         LINE#         95
  C:1E3AH         LINE#         96
  C:1E3FH         LINE#         97
  C:1E44H         LINE#         98
  C:1E4BH         LINE#         99
  C:1E53H         LINE#         100
  C:1E56H         LINE#         101
  C:1E58H         LINE#         102
  -------         ENDPROC       _EEPROM_READ_N
  -------         PROC          _EEPROM_SECTORERASE
  D:0004H         SYMBOL        EE_address
  C:23E6H         LINE#         105
  C:23EAH         LINE#         106
  C:23EAH         LINE#         107
  C:23ECH         LINE#         109
  C:23EFH         LINE#         110
  C:23F3H         LINE#         111
  C:23F6H         LINE#         112
  C:23F9H         LINE#         113
  C:23FCH         LINE#         114
  C:23FFH         LINE#         115
  C:2400H         LINE#         116
  C:2403H         LINE#         117
  C:2405H         LINE#         118
  -------         ENDPROC       _EEPROM_SECTORERASE
  -------         PROC          _SETVELOCITYTHRESHOLD
  X:0045H         SYMBOL        Velocity
  X:0047H         SYMBOL        IsInit
  -------         DO            
  X:0048H         SYMBOL        TempData
  -------         ENDDO         
  C:186CH         LINE#         127
  C:1877H         LINE#         128
  C:1877H         LINE#         131
  C:187EH         LINE#         132
  C:18A4H         LINE#         133
  C:18A4H         LINE#         135
  C:18A4H         LINE#         137
  C:18A4H         LINE#         138
  C:18ABH         LINE#         139
  C:18ADH         LINE#         142
  C:18D1H         LINE#         143
  C:18ECH         LINE#         144
  C:190DH         LINE#         145
  C:191BH         LINE#         146
  C:192EH         LINE#         147
  C:192EH         LINE#         148
  -------         ENDPROC       _SETVELOCITYTHRESHOLD
  -------         PROC          GETVELOCITYTHRESHOLD
  -------         DO            
  X:0045H         SYMBOL        TempData
  D:0006H         SYMBOL        Velocity
BL51 BANKED LINKER/LOCATER V6.22                                                      06/03/2016  19:37:36  PAGE 49


  -------         ENDDO         
  C:2026H         LINE#         155
  C:2026H         LINE#         156
  C:2026H         LINE#         159
  C:202DH         LINE#         160
  C:2060H         LINE#         162
  C:2060H         LINE#         163
  -------         ENDPROC       GETVELOCITYTHRESHOLD
  -------         ENDMOD        FLASH

  -------         MODULE        STC_AD
  C:0000H         SYMBOL        _ICE_DUMMY_
  D:0080H         PUBLIC        P0
  D:0090H         PUBLIC        P1
  D:00A0H         PUBLIC        P2
  D:00B0H         PUBLIC        P3
  D:00C0H         PUBLIC        P4
  D:00C8H         PUBLIC        P5
  D:00E8H         PUBLIC        P6
  D:00F8H         PUBLIC        P7
  B:00A8H.5       PUBLIC        EADC
  D:00A8H         PUBLIC        IE
  D:00BDH         PUBLIC        ADC_RES
  D:00B8H         PUBLIC        IP
  C:1459H         PUBLIC        ADCDisplay
  D:00D8H         PUBLIC        CCON
  X:00A5H         PUBLIC        ADvalue
  D:00BCH         PUBLIC        ADC_CONTR
  D:0098H         PUBLIC        SCON
  D:0088H         PUBLIC        TCON
  C:1F5FH         SYMBOL        _?ix1000
  C:0046H         PUBLIC        ADC
  C:264FH         PUBLIC        ADCStart
  D:009DH         PUBLIC        P1ASF
  D:00BEH         PUBLIC        ADC_RESL
  C:25A1H         PUBLIC        ADCStop
  C:2259H         PUBLIC        ADC_P12_init
  D:00D0H         PUBLIC        PSW
  -------         PROC          ADC_P12_INIT
  -------         DO            
  D:0006H         SYMBOL        i
  -------         ENDDO         
  C:2259H         LINE#         9
  C:2259H         LINE#         10
  C:2259H         LINE#         12
  C:225CH         LINE#         13
  C:226AH         LINE#         15
  C:226DH         LINE#         16
  C:2270H         LINE#         17
  C:2273H         LINE#         18
  C:2276H         LINE#         19
  C:2283H         LINE#         23
  -------         ENDPROC       ADC_P12_INIT
  -------         PROC          ADCSTART
  C:264FH         LINE#         28
  C:264FH         LINE#         29
  C:264FH         LINE#         30
BL51 BANKED LINKER/LOCATER V6.22                                                      06/03/2016  19:37:36  PAGE 50


  C:2652H         LINE#         31
  C:2654H         LINE#         32
  C:2659H         LINE#         33
  -------         ENDPROC       ADCSTART
  -------         PROC          ADCSTOP
  C:25A1H         LINE#         35
  C:25A1H         LINE#         36
  C:25A1H         LINE#         37
  C:25A4H         LINE#         38
  C:25A6H         LINE#         39
  C:25ABH         LINE#         40
  C:25B0H         LINE#         41
  -------         ENDPROC       ADCSTOP
  -------         PROC          ADC
  -------         DO            
  D:0006H         SYMBOL        AD_Dat
  D:0005H         SYMBOL        Tmp
  -------         ENDDO         
  C:0046H         LINE#         43
  C:0059H         LINE#         45
  C:005BH         LINE#         46
  C:005CH         LINE#         47
  C:005FH         LINE#         50
  C:0061H         LINE#         51
  C:006CH         LINE#         52
  C:006EH         LINE#         53
  C:0072H         LINE#         54
  C:0075H         LINE#         55
  C:007DH         LINE#         56
  C:0083H         LINE#         57
  -------         ENDPROC       ADC
  -------         PROC          ADCDISPLAY
  -------         DO            
  X:0000H         SYMBOL        TempData
  -------         ENDDO         
  C:1459H         LINE#         62
  C:1459H         LINE#         63
  C:1459H         LINE#         64
  C:146CH         LINE#         65
  C:1492H         LINE#         66
  C:14AFH         LINE#         67
  C:14D2H         LINE#         68
  C:14E2H         LINE#         69
  C:14F1H         LINE#         70
  C:14F1H         LINE#         71
  C:14F7H         LINE#         72
  C:14F9H         LINE#         73
  C:1508H         LINE#         74
  C:1508H         LINE#         75
  C:150EH         LINE#         76
  C:1510H         LINE#         77
  C:1521H         LINE#         78
  C:1521H         LINE#         79
  C:1525H         LINE#         80
  C:1527H         LINE#         82
  C:1527H         LINE#         83
  C:1530H         LINE#         84
BL51 BANKED LINKER/LOCATER V6.22                                                      06/03/2016  19:37:36  PAGE 51


  C:1530H         LINE#         86
  C:1535H         LINE#         87
  -------         ENDPROC       ADCDISPLAY
  -------         ENDMOD        STC_AD

  -------         MODULE        ?C?FPMUL
  C:08CCH         PUBLIC        ?C?FPMUL
  -------         ENDMOD        ?C?FPMUL

  -------         MODULE        ?C?FCAST
  C:09DCH         PUBLIC        ?C?FCASTC
  C:09D7H         PUBLIC        ?C?FCASTI
  C:09D2H         PUBLIC        ?C?FCASTL
  -------         ENDMOD        ?C?FCAST

  -------         MODULE        ?C?CASTF
  C:0A10H         PUBLIC        ?C?CASTF
  -------         ENDMOD        ?C?CASTF

  -------         MODULE        ?C?COPY
  C:0B61H         PUBLIC        ?C?COPY
  -------         ENDMOD        ?C?COPY

  -------         MODULE        ?C?CLDPTR
  C:0B87H         PUBLIC        ?C?CLDPTR
  -------         ENDMOD        ?C?CLDPTR

  -------         MODULE        ?C?CLDOPTR
  C:0BA0H         PUBLIC        ?C?CLDOPTR
  -------         ENDMOD        ?C?CLDOPTR

  -------         MODULE        ?C?CILDPTR
  C:0BCDH         PUBLIC        ?C?CILDPTR
  -------         ENDMOD        ?C?CILDPTR

  -------         MODULE        ?C?CILDOPTR
  C:0BEFH         PUBLIC        ?C?CILDOPTR
  -------         ENDMOD        ?C?CILDOPTR

  -------         MODULE        ?C?CSTPTR
  C:0C22H         PUBLIC        ?C?CSTPTR
  -------         ENDMOD        ?C?CSTPTR

  -------         MODULE        ?C?CSTOPTR
  C:0C34H         PUBLIC        ?C?CSTOPTR
  -------         ENDMOD        ?C?CSTOPTR

  -------         MODULE        ?C?IMUL
  C:0C56H         PUBLIC        ?C?IMUL
  -------         ENDMOD        ?C?IMUL

  -------         MODULE        ?C?UIDIV
  C:0C68H         PUBLIC        ?C?UIDIV
  -------         ENDMOD        ?C?UIDIV

  -------         MODULE        ?C?ILDIX
  C:0CBDH         PUBLIC        ?C?ILDIX
BL51 BANKED LINKER/LOCATER V6.22                                                      06/03/2016  19:37:36  PAGE 52


  -------         ENDMOD        ?C?ILDIX

  -------         MODULE        ?C?LMUL
  C:0CD3H         PUBLIC        ?C?LMUL
  -------         ENDMOD        ?C?LMUL

  -------         MODULE        ?C?ULDIV
  C:0D5EH         PUBLIC        ?C?ULDIV
  -------         ENDMOD        ?C?ULDIV

  -------         MODULE        ?C?LNEG
  C:0DF0H         PUBLIC        ?C?LNEG
  -------         ENDMOD        ?C?LNEG

  -------         MODULE        ?C?ULCMP
  C:0DFEH         PUBLIC        ?C?ULCMP
  -------         ENDMOD        ?C?ULCMP

  -------         MODULE        ?C?LSTXDATA
  C:0E0FH         PUBLIC        ?C?LSTXDATA
  -------         ENDMOD        ?C?LSTXDATA

*** WARNING L16: UNCALLED SEGMENT, IGNORED FOR OVERLAY PROCESS
    SEGMENT: ?PR?DELAY100MS?DELAY

*** WARNING L16: UNCALLED SEGMENT, IGNORED FOR OVERLAY PROCESS
    SEGMENT: ?PR?DELAY2MS?DELAY

*** WARNING L16: UNCALLED SEGMENT, IGNORED FOR OVERLAY PROCESS
    SEGMENT: ?PR?DELAY10MS?DELAY

*** WARNING L16: UNCALLED SEGMENT, IGNORED FOR OVERLAY PROCESS
    SEGMENT: ?PR?DELAY2US?DELAY

*** WARNING L16: UNCALLED SEGMENT, IGNORED FOR OVERLAY PROCESS
    SEGMENT: ?PR?TIMER4INIT?TIMER

*** WARNING L16: UNCALLED SEGMENT, IGNORED FOR OVERLAY PROCESS
    SEGMENT: ?PR?ENABLETIMER4?TIMER

*** WARNING L16: UNCALLED SEGMENT, IGNORED FOR OVERLAY PROCESS
    SEGMENT: ?PR?REFRESHTIMER4?TIMER

*** WARNING L16: UNCALLED SEGMENT, IGNORED FOR OVERLAY PROCESS
    SEGMENT: ?PR?DELAY_1S?DS1302

*** WARNING L16: UNCALLED SEGMENT, IGNORED FOR OVERLAY PROCESS
    SEGMENT: ?PR?_DS1302INIT?DS1302

Program Size: data=9.2 xdata=167 code=9889
LINK/LOCATE RUN COMPLETE.  9 WARNING(S),  0 ERROR(S)
