BL51 BANKED LINKER/LOCATER V6.22                                                        06/02/2016  01:11:46  PAGE 1


BL51 BANKED LINKER/LOCATER V6.22, INVOKED BY:
E:\SOFTWARE\DEVELOPMENTSOFTWARE\INSTALLSRC\KEILC51\C51\BIN\BL51.EXE STARTUP.obj, main.obj, UART.obj, Delay.obj, Timer.ob
>> j, UltraSound.obj, DHT11.obj, Buzzer.obj, LCD12864.obj, DS1302.obj, Button.obj, FLASH.obj, STC_AD.obj TO 超速报警 RAM
>> SIZE (256)


MEMORY MODEL: LARGE WITH FLOATING POINT ARITHMETIC


INPUT MODULES INCLUDED:
  STARTUP.obj (?C_STARTUP)
  main.obj (MAIN)
  UART.obj (UART)
  Delay.obj (DELAY)
  Timer.obj (TIMER)
  UltraSound.obj (ULTRASOUND)
  DHT11.obj (DHT11)
  Buzzer.obj (BUZZER)
  LCD12864.obj (LCD12864)
  DS1302.obj (DS1302)
  Button.obj (BUTTON)
  FLASH.obj (FLASH)
  STC_AD.obj (STC_AD)
  E:\SOFTWARE\DEVELOPMENTSOFTWARE\INSTALLSRC\KEILC51\C51\LIB\C51FPL.LIB (?C?FPMUL)
  E:\SOFTWARE\DEVELOPMENTSOFTWARE\INSTALLSRC\KEILC51\C51\LIB\C51FPL.LIB (?C?FCAST)
  E:\SOFTWARE\DEVELOPMENTSOFTWARE\INSTALLSRC\KEILC51\C51\LIB\C51FPL.LIB (?C?CASTF)
  E:\SOFTWARE\DEVELOPMENTSOFTWARE\INSTALLSRC\KEILC51\C51\LIB\C51FPL.LIB (?C?FPGETOPN)
  E:\SOFTWARE\DEVELOPMENTSOFTWARE\INSTALLSRC\KEILC51\C51\LIB\C51L.LIB (?C_INIT)
  E:\SOFTWARE\DEVELOPMENTSOFTWARE\INSTALLSRC\KEILC51\C51\LIB\C51L.LIB (?C?COPY)
  E:\SOFTWARE\DEVELOPMENTSOFTWARE\INSTALLSRC\KEILC51\C51\LIB\C51L.LIB (?C?CLDPTR)
  E:\SOFTWARE\DEVELOPMENTSOFTWARE\INSTALLSRC\KEILC51\C51\LIB\C51L.LIB (?C?CLDOPTR)
  E:\SOFTWARE\DEVELOPMENTSOFTWARE\INSTALLSRC\KEILC51\C51\LIB\C51L.LIB (?C?CILDPTR)
  E:\SOFTWARE\DEVELOPMENTSOFTWARE\INSTALLSRC\KEILC51\C51\LIB\C51L.LIB (?C?CILDOPTR)
  E:\SOFTWARE\DEVELOPMENTSOFTWARE\INSTALLSRC\KEILC51\C51\LIB\C51L.LIB (?C?CSTPTR)
  E:\SOFTWARE\DEVELOPMENTSOFTWARE\INSTALLSRC\KEILC51\C51\LIB\C51L.LIB (?C?CSTOPTR)
  E:\SOFTWARE\DEVELOPMENTSOFTWARE\INSTALLSRC\KEILC51\C51\LIB\C51L.LIB (?C?IMUL)
  E:\SOFTWARE\DEVELOPMENTSOFTWARE\INSTALLSRC\KEILC51\C51\LIB\C51L.LIB (?C?UIDIV)
  E:\SOFTWARE\DEVELOPMENTSOFTWARE\INSTALLSRC\KEILC51\C51\LIB\C51L.LIB (?C?ILDIX)
  E:\SOFTWARE\DEVELOPMENTSOFTWARE\INSTALLSRC\KEILC51\C51\LIB\C51L.LIB (?C?LMUL)
  E:\SOFTWARE\DEVELOPMENTSOFTWARE\INSTALLSRC\KEILC51\C51\LIB\C51L.LIB (?C?ULDIV)
  E:\SOFTWARE\DEVELOPMENTSOFTWARE\INSTALLSRC\KEILC51\C51\LIB\C51L.LIB (?C?LNEG)
  E:\SOFTWARE\DEVELOPMENTSOFTWARE\INSTALLSRC\KEILC51\C51\LIB\C51L.LIB (?C?ULCMP)
  E:\SOFTWARE\DEVELOPMENTSOFTWARE\INSTALLSRC\KEILC51\C51\LIB\C51L.LIB (?C?LSTXDATA)


LINK MAP OF MODULE:  超速报警 (?C_STARTUP)


            TYPE    BASE      LENGTH    RELOCATION   SEGMENT NAME
            -----------------------------------------------------

            * * * * * * *   D A T A   M E M O R Y   * * * * * * *
            REG     0000H     0008H     ABSOLUTE     "REG BANK 0"
                    0008H     0018H                  *** GAP ***
            BIT     0020H.0   0000H.2   UNIT         ?BI?UART
                    0020H.2   0000H.6                *** GAP ***
            IDATA   0021H     0001H     UNIT         ?STACK

BL51 BANKED LINKER/LOCATER V6.22                                                      06/02/2016  01:11:46  PAGE 2


            * * * * * * *  X D A T A   M E M O R Y  * * * * * * *
            XDATA   0000H     0052H     UNIT         _XDATA_GROUP_
            XDATA   0052H     0017H     UNIT         ?XD?MAIN
            XDATA   0069H     0010H     UNIT         ?XD?TIMER
            XDATA   0079H     000DH     UNIT         ?XD?ULTRASOUND
            XDATA   0086H     000DH     UNIT         ?XD?DHT11
            XDATA   0093H     0008H     UNIT         ?XD?_DS1302INIT?DS1302
            XDATA   009BH     0006H     UNIT         ?XD?_DATA_SWAP?DS1302
            XDATA   00A1H     0003H     UNIT         ?XD?_SENDSTRING?UART
            XDATA   00A4H     0003H     UNIT         ?XD?_SENDSTRING2LENGTH?UART
            XDATA   00A7H     0002H     UNIT         ?XD?UART
            XDATA   00A9H     0002H     UNIT         ?XD?STC_AD

            * * * * * * *   C O D E   M E M O R Y   * * * * * * *
            CODE    0000H     0003H     ABSOLUTE     
            CODE    0003H     0003H     ABSOLUTE     
            CODE    0006H     0005H     UNIT         ?PR?DELAY2US?DELAY
            CODE    000BH     0003H     ABSOLUTE     
            CODE    000EH     000DH     UNIT         ?PR?TIMER1INIT?TIMER
            CODE    001BH     0003H     ABSOLUTE     
            CODE    001EH     0005H     UNIT         ?PR?DISABLETIMER0?TIMER
            CODE    0023H     0003H     ABSOLUTE     
            CODE    0026H     0005H     UNIT         ?PR?DISABLETIMER1?TIMER
            CODE    002BH     0003H     ABSOLUTE     
            CODE    002EH     0015H     UNIT         ?PR?CLEAR_DS1302_WP?DS1302
            CODE    0043H     0003H     ABSOLUTE     
            CODE    0046H     0050H     UNIT         ?PR?ADC?STC_AD
            CODE    0096H     0005H     UNIT         ?PR?INT0_INIT?BUTTON
            CODE    009BH     0003H     ABSOLUTE     
            CODE    009EH     0003H     UNIT         ?PR?BUZZER?BUZZER
            CODE    00A1H     0001H     UNIT         ?PR?ULTRASOUNDINIT?ULTRASOUND
                    00A2H     0001H                  *** GAP ***
            CODE    00A3H     0003H     ABSOLUTE     
            CODE    00A6H     080CH     UNIT         ?PR?ENTERSETTING?BUTTON
            CODE    08B2H     054FH     UNIT         ?C?LIB_CODE
            CODE    0E01H     0280H     UNIT         ?PR?ULTRASOUNDDISPLAY?ULTRASOUND
            CODE    1081H     014FH     UNIT         ?PR?MAIN?MAIN
            CODE    11D0H     0108H     UNIT         ?PR?_DATA_SWAP?DS1302
            CODE    12D8H     00D0H     UNIT         ?PR?READDHT11?DHT11
            CODE    13A8H     00D0H     UNIT         ?PR?_LCD12864_SEND_TIME?DS1302
            CODE    1478H     00CFH     UNIT         ?PR?_DS1302_READOUTTIME?DS1302
            CODE    1547H     00C3H     UNIT         ?PR?_SETVELOCITYTHRESHOLD?FLASH
            CODE    160AH     00B5H     UNIT         ?PR?TIMER0_ISR?TIMER
            CODE    16BFH     009AH     UNIT         ?PR?ADCDISPLAY?STC_AD
            CODE    1759H     008CH     UNIT         ?C_C51STARTUP
            CODE    17E5H     0075H     UNIT         ?PR?TIMER3_ISR?TIMER
            CODE    185AH     006CH     UNIT         ?PR?UART2?UART
            CODE    18C6H     006CH     UNIT         ?PR?SUPER_COUNT?ULTRASOUND
            CODE    1932H     006BH     UNIT         ?PR?_DISPLAY_STRING?LCD12864
            CODE    199DH     0069H     UNIT         ?PR?_SET_TIME?DS1302
            CODE    1A06H     0066H     UNIT         ?PR?UART?UART
            CODE    1A6CH     0065H     UNIT         ?PR?EXT0?BUTTON
            CODE    1AD1H     0064H     UNIT         ?PR?COM?DHT11
            CODE    1B35H     0061H     UNIT         ?PR?DISPLAYDHT11?DHT11
            CODE    1B96H     004DH     UNIT         ?PR?_LCD12864DISPLAYTWOCHAR?LCD12864
            CODE    1BE3H     0048H     UNIT         ?PR?_EEPROM_READ_N?FLASH
            CODE    1C2BH     0046H     UNIT         ?CO?BUTTON
BL51 BANKED LINKER/LOCATER V6.22                                                      06/02/2016  01:11:46  PAGE 3


            CODE    1C71H     0045H     UNIT         ?PR?_LCD12864DISPLAYCHAR?LCD12864
            CODE    1CB6H     0040H     UNIT         ?PR?LCM_INIT?LCD12864
            CODE    1CF6H     003EH     UNIT         ?PR?TIMER4_ISR?TIMER
            CODE    1D34H     003CH     UNIT         ?PR?_EEPROM_WRITE_N?FLASH
            CODE    1D70H     003BH     UNIT         ?PR?GETVELOCITYTHRESHOLD?FLASH
            CODE    1DABH     0037H     UNIT         ?PR?LCD12864SETTINGINIT?LCD12864
            CODE    1DE2H     0037H     UNIT         ?PR?LCD12864SETTINGEXIT?LCD12864
            CODE    1E19H     0037H     UNIT         ?PR?_WRITE_DS1302_NBYTE?DS1302
            CODE    1E50H     0035H     UNIT         ?PR?TIMER1_ISR?TIMER
            CODE    1E85H     0033H     UNIT         ?PR?_SENDSTRING?UART
            CODE    1EB8H     0033H     UNIT         ?PR?_SENDSTRING2?UART
            CODE    1EEBH     002DH     UNIT         ?PR?_SENDSTRING2LENGTH?UART
            CODE    1F18H     002CH     UNIT         ?PR?DS3231READ_TIME?DS1302
            CODE    1F44H     002CH     UNIT         ?PR?_ADDYEAR?BUTTON
            CODE    1F70H     002CH     UNIT         ?PR?_ADDHOUR?BUTTON
            CODE    1F9CH     0029H     UNIT         ?PR?_ADDMONTH?BUTTON
            CODE    1FC5H     0029H     UNIT         ?PR?_ADDDAY?BUTTON
            CODE    1FEEH     0029H     UNIT         ?PR?ADC_P12_INIT?STC_AD
            CODE    2017H     0027H     UNIT         ?PR?_WR_COMMAND?LCD12864
            CODE    203EH     0027H     UNIT         ?PR?_WRITE_DS1302_BYTE?DS1302
            CODE    2065H     0026H     UNIT         ?PR?_ADDMINUTE?BUTTON
            CODE    208BH     0026H     UNIT         ?PR?_ADDSECOND?BUTTON
            CODE    20B1H     0020H     UNIT         ?CO?MAIN
            CODE    20D1H     0020H     UNIT         ?PR?_EEPROM_SECTORERASE?FLASH
            CODE    20F1H     001EH     UNIT         ?PR?TIMER0INIT?TIMER
            CODE    210FH     001DH     UNIT         ?PR?ENABLETIMER3?TIMER
            CODE    212CH     001DH     UNIT         ?PR?_WR_DATA?LCD12864
            CODE    2149H     001AH     UNIT         ?PR?_DS1302INIT?DS1302
            CODE    2163H     0019H     UNIT         ?PR?UARTINIT?UART
            CODE    217CH     0019H     UNIT         ?PR?UART2INIT?UART
            CODE    2195H     0017H     UNIT         ?PR?READ_DS1302_BYTE?DS1302
            CODE    21ACH     0016H     UNIT         ?PR?PORT_MODE?MAIN
            CODE    21C2H     0016H     UNIT         ?PR?ENABLETIMER0?TIMER
            CODE    21D8H     0015H     UNIT         ?PR?SET_DS1302_WP?DS1302
            CODE    21EDH     0013H     UNIT         ?PR?TIMER4INIT?TIMER
            CODE    2200H     0013H     UNIT         ?PR?DISULTRASOUND?ULTRASOUND
            CODE    2213H     0011H     UNIT         ?CO?ULTRASOUND
            CODE    2224H     0011H     UNIT         ?CO?DHT11
            CODE    2235H     0011H     UNIT         ?PR?RDBF?LCD12864
            CODE    2246H     0010H     UNIT         ?C_INITSEG
            CODE    2256H     0010H     UNIT         ?PR?ENABLETIMER1?TIMER
            CODE    2266H     0010H     UNIT         ?CO?DS1302
            CODE    2276H     0010H     UNIT         ?PR?ADCSTOP?STC_AD
            CODE    2286H     000FH     UNIT         ?PR?DELAY100MS?DELAY
            CODE    2295H     000FH     UNIT         ?PR?DELAY20MS?DELAY
            CODE    22A4H     000FH     UNIT         ?PR?DELAY50MS?DELAY
            CODE    22B3H     000FH     UNIT         ?PR?DELAY1000MS?DELAY
            CODE    22C2H     000FH     UNIT         ?CO?STC_AD
            CODE    22D1H     000EH     UNIT         ?PR?ENABLETIMER4?TIMER
            CODE    22DFH     000EH     UNIT         ?PR?DISABLEEEPROM?FLASH
            CODE    22EDH     000DH     UNIT         ?PR?TIMER3INIT?TIMER
            CODE    22FAH     000DH     UNIT         ?PR?DELAY_1S?DS1302
            CODE    2307H     000CH     UNIT         ?PR?SUPER_START?ULTRASOUND
            CODE    2313H     000BH     UNIT         ?PR?DELAY1MS?DELAY
            CODE    231EH     000BH     UNIT         ?PR?DELAY2MS?DELAY
            CODE    2329H     000BH     UNIT         ?PR?_DELAY?ULTRASOUND
            CODE    2334H     000BH     UNIT         ?PR?ADCSTART?STC_AD
BL51 BANKED LINKER/LOCATER V6.22                                                      06/02/2016  01:11:46  PAGE 4


            CODE    233FH     0009H     UNIT         ?PR?_SENDDATA?UART
            CODE    2348H     0009H     UNIT         ?PR?_SENDDATA2?UART
            CODE    2351H     0009H     UNIT         ?PR?DELAY10MS?DELAY
            CODE    235AH     0009H     UNIT         ?PR?DELAY5MS?DELAY
            CODE    2363H     0009H     UNIT         ?PR?DISABLETIMER3?TIMER
            CODE    236CH     0008H     UNIT         ?PR?UART1SENDUART2STRING?UART
            CODE    2374H     0008H     UNIT         ?PR?UART2SENDUART1STRING?UART
            CODE    237CH     0008H     UNIT         ?PR?REFRESHTIMER4?TIMER
            CODE    2384H     0007H     UNIT         ?PR?DISABLETIMER4?TIMER
            CODE    238BH     0006H     UNIT         ?PR?DELAY10US?DELAY
            CODE    2391H     0006H     UNIT         ?PR?DELAY5US?DELAY



OVERLAY MAP OF MODULE:   超速报警 (?C_STARTUP)


SEGMENT                                        XDATA_GROUP
  +--> CALLED SEGMENT                        START    LENGTH
------------------------------------------------------------
?C_C51STARTUP                                -----    -----
  +--> ?PR?MAIN?MAIN
  +--> ?C_INITSEG

?PR?MAIN?MAIN                                -----    -----
  +--> ?PR?PORT_MODE?MAIN
  +--> ?PR?UARTINIT?UART
  +--> ?PR?UART2INIT?UART
  +--> ?PR?ULTRASOUNDINIT?ULTRASOUND
  +--> ?PR?ADC_P12_INIT?STC_AD
  +--> ?PR?_SETVELOCITYTHRESHOLD?FLASH
  +--> ?PR?DELAY1000MS?DELAY
  +--> ?PR?LCM_INIT?LCD12864
  +--> ?PR?TIMER3INIT?TIMER
  +--> ?PR?INT0_INIT?BUTTON
  +--> ?PR?TIMER0INIT?TIMER
  +--> ?PR?TIMER4INIT?TIMER
  +--> ?CO?MAIN
  +--> ?PR?_DISPLAY_STRING?LCD12864
  +--> ?PR?UART1SENDUART2STRING?UART
  +--> ?PR?UART2SENDUART1STRING?UART
  +--> ?PR?DISABLETIMER3?TIMER
  +--> ?PR?DISPLAYDHT11?DHT11
  +--> ?PR?ULTRASOUNDDISPLAY?ULTRASOUND
  +--> ?PR?ENABLETIMER3?TIMER
  +--> ?PR?_SENDSTRING2?UART
  +--> ?PR?DS3231READ_TIME?DS1302
  +--> ?PR?ADCSTART?STC_AD
  +--> ?PR?ADCSTOP?STC_AD
  +--> ?PR?ADCDISPLAY?STC_AD
  +--> ?PR?ENTERSETTING?BUTTON

?PR?_SETVELOCITYTHRESHOLD?FLASH              0045H    0007H
  +--> ?PR?_EEPROM_READ_N?FLASH
  +--> ?PR?_EEPROM_SECTORERASE?FLASH
  +--> ?PR?_EEPROM_WRITE_N?FLASH

BL51 BANKED LINKER/LOCATER V6.22                                                      06/02/2016  01:11:46  PAGE 5


?PR?_EEPROM_READ_N?FLASH                     004CH    0006H
  +--> ?PR?DISABLEEEPROM?FLASH

?PR?_EEPROM_SECTORERASE?FLASH                -----    -----
  +--> ?PR?DISABLEEEPROM?FLASH

?PR?_EEPROM_WRITE_N?FLASH                    004CH    0006H
  +--> ?PR?DISABLEEEPROM?FLASH

?PR?LCM_INIT?LCD12864                        -----    -----
  +--> ?PR?DELAY5MS?DELAY
  +--> ?PR?_WR_COMMAND?LCD12864

?PR?_WR_COMMAND?LCD12864                     0049H    0001H
  +--> ?PR?RDBF?LCD12864
  +--> ?PR?DELAY5US?DELAY

?PR?_DISPLAY_STRING?LCD12864                 0045H    0004H
  +--> ?PR?_WR_COMMAND?LCD12864
  +--> ?PR?_WR_DATA?LCD12864

?PR?_WR_DATA?LCD12864                        0049H    0001H
  +--> ?PR?RDBF?LCD12864
  +--> ?PR?DELAY5US?DELAY

?PR?UART1SENDUART2STRING?UART                -----    -----
  +--> ?PR?_SENDDATA?UART

?PR?UART2SENDUART1STRING?UART                -----    -----
  +--> ?PR?_SENDDATA2?UART

?PR?DISPLAYDHT11?DHT11                       0000H    0011H
  +--> ?CO?DHT11
  +--> ?PR?READDHT11?DHT11
  +--> ?PR?_DISPLAY_STRING?LCD12864

?PR?READDHT11?DHT11                          0011H    0001H
  +--> ?PR?DELAY1MS?DELAY
  +--> ?PR?DELAY10US?DELAY
  +--> ?PR?COM?DHT11

?PR?COM?DHT11                                0012H    0001H
  +--> ?PR?DELAY10US?DELAY

?PR?ULTRASOUNDDISPLAY?ULTRASOUND             0000H    0020H
  +--> ?CO?ULTRASOUND
  +--> ?PR?GETVELOCITYTHRESHOLD?FLASH
  +--> ?PR?DISULTRASOUND?ULTRASOUND
  +--> ?PR?DELAY50MS?DELAY
  +--> ?PR?_DISPLAY_STRING?LCD12864

?PR?GETVELOCITYTHRESHOLD?FLASH               0045H    0004H
  +--> ?PR?_EEPROM_READ_N?FLASH

?PR?DISULTRASOUND?ULTRASOUND                 -----    -----
  +--> ?PR?SUPER_START?ULTRASOUND
  +--> ?PR?ENABLETIMER1?TIMER
BL51 BANKED LINKER/LOCATER V6.22                                                      06/02/2016  01:11:46  PAGE 6


  +--> ?PR?DISABLETIMER1?TIMER
  +--> ?PR?SUPER_COUNT?ULTRASOUND

?PR?SUPER_START?ULTRASOUND                   -----    -----
  +--> ?PR?_DELAY?ULTRASOUND

?PR?_SENDSTRING2?UART                        0000H    0003H
  +--> ?PR?_SENDDATA2?UART

?PR?DS3231READ_TIME?DS1302                   0000H    0008H
  +--> ?CO?DS1302
  +--> ?PR?_WRITE_DS1302_BYTE?DS1302
  +--> ?PR?READ_DS1302_BYTE?DS1302
  +--> ?PR?_LCD12864_SEND_TIME?DS1302

?PR?_LCD12864_SEND_TIME?DS1302               0008H    0019H
  +--> ?PR?_DISPLAY_STRING?LCD12864

?PR?ADCDISPLAY?STC_AD                        0000H    000FH
  +--> ?CO?STC_AD
  +--> ?PR?_DISPLAY_STRING?LCD12864

?PR?ENTERSETTING?BUTTON                      0000H    0045H
  +--> ?CO?BUTTON
  +--> ?PR?LCD12864SETTINGINIT?LCD12864
  +--> ?PR?_DISPLAY_STRING?LCD12864
  +--> ?PR?GETVELOCITYTHRESHOLD?FLASH
  +--> ?PR?_DS1302_READOUTTIME?DS1302
  +--> ?PR?_LCD12864DISPLAYCHAR?LCD12864
  +--> ?PR?_LCD12864DISPLAYTWOCHAR?LCD12864
  +--> ?PR?DELAY20MS?DELAY
  +--> ?PR?_ADDYEAR?BUTTON
  +--> ?PR?_ADDMONTH?BUTTON
  +--> ?PR?_ADDDAY?BUTTON
  +--> ?PR?_ADDHOUR?BUTTON
  +--> ?PR?_ADDMINUTE?BUTTON
  +--> ?PR?_ADDSECOND?BUTTON
  +--> ?PR?_SETVELOCITYTHRESHOLD?FLASH
  +--> ?PR?_SET_TIME?DS1302
  +--> ?PR?LCD12864SETTINGEXIT?LCD12864

?PR?LCD12864SETTINGINIT?LCD12864             -----    -----
  +--> ?PR?_WR_COMMAND?LCD12864
  +--> ?PR?DELAY5MS?DELAY

?PR?_DS1302_READOUTTIME?DS1302               0045H    000BH
  +--> ?CO?DS1302
  +--> ?PR?_WRITE_DS1302_BYTE?DS1302
  +--> ?PR?READ_DS1302_BYTE?DS1302

?PR?_LCD12864DISPLAYCHAR?LCD12864            0045H    0002H
  +--> ?PR?_WR_COMMAND?LCD12864
  +--> ?PR?_WR_DATA?LCD12864

?PR?_LCD12864DISPLAYTWOCHAR?LCD12864         0045H    0004H
  +--> ?PR?_WR_COMMAND?LCD12864
  +--> ?PR?_WR_DATA?LCD12864
BL51 BANKED LINKER/LOCATER V6.22                                                      06/02/2016  01:11:46  PAGE 7



?PR?_SET_TIME?DS1302                         0045H    0003H
  +--> ?PR?CLEAR_DS1302_WP?DS1302
  +--> ?PR?_WRITE_DS1302_NBYTE?DS1302
  +--> ?PR?SET_DS1302_WP?DS1302

?PR?CLEAR_DS1302_WP?DS1302                   -----    -----
  +--> ?PR?_WRITE_DS1302_BYTE?DS1302

?PR?_WRITE_DS1302_NBYTE?DS1302               0048H    0003H
  +--> ?PR?_WRITE_DS1302_BYTE?DS1302

?PR?SET_DS1302_WP?DS1302                     -----    -----
  +--> ?PR?_WRITE_DS1302_BYTE?DS1302

?PR?LCD12864SETTINGEXIT?LCD12864             -----    -----
  +--> ?PR?_WR_COMMAND?LCD12864
  +--> ?PR?DELAY5MS?DELAY

*** NEW ROOT ***************************************************

?PR?UART?UART                                -----    -----
  +--> ?PR?ENABLETIMER4?TIMER

*** NEW ROOT ***************************************************

?PR?UART2?UART                               -----    -----
  +--> ?PR?ENABLETIMER4?TIMER

*** NEW ROOT ***************************************************

?PR?TIMER3_ISR?TIMER                         -----    -----
  +--> ?PR?BUZZER?BUZZER

*** NEW ROOT ***************************************************

?PR?TIMER4_ISR?TIMER                         -----    -----
  +--> ?PR?DISABLETIMER4?TIMER

*** NEW ROOT ***************************************************

?PR?EXT0?BUTTON                              -----    -----
  +--> ?PR?DELAY20MS?DELAY
  +--> ?PR?DISABLETIMER0?TIMER
  +--> ?PR?DISABLETIMER3?TIMER
  +--> ?PR?ENABLETIMER0?TIMER
  +--> ?PR?ENABLETIMER3?TIMER



SYMBOL TABLE OF MODULE:  超速报警 (?C_STARTUP)

  VALUE           TYPE          NAME
  ----------------------------------

  -------         MODULE        ?C_STARTUP
  C:1759H         SEGMENT       ?C_C51STARTUP
BL51 BANKED LINKER/LOCATER V6.22                                                      06/02/2016  01:11:46  PAGE 8


  I:0021H         SEGMENT       ?STACK
  C:0000H         PUBLIC        ?C_STARTUP
  D:00E0H         SYMBOL        ACC
  D:00F0H         SYMBOL        B
  D:0083H         SYMBOL        DPH
  D:0082H         SYMBOL        DPL
  N:0000H         SYMBOL        IBPSTACK
  N:0100H         SYMBOL        IBPSTACKTOP
  N:0080H         SYMBOL        IDATALEN
  C:175CH         SYMBOL        IDATALOOP
  N:0000H         SYMBOL        PBPSTACK
  N:0100H         SYMBOL        PBPSTACKTOP
  N:0000H         SYMBOL        PDATALEN
  N:0000H         SYMBOL        PDATASTART
  N:0000H         SYMBOL        PPAGE
  N:0000H         SYMBOL        PPAGEENABLE
  D:00A0H         SYMBOL        PPAGE_SFR
  D:0081H         SYMBOL        SP
  C:1759H         SYMBOL        STARTUP1
  N:0000H         SYMBOL        XBPSTACK
  N:0000H         SYMBOL        XBPSTACKTOP
  N:0000H         SYMBOL        XDATALEN
  N:0000H         SYMBOL        XDATASTART
  C:0000H         LINE#         126
  C:1759H         LINE#         133
  C:175BH         LINE#         134
  C:175CH         LINE#         135
  C:175DH         LINE#         136
  C:175FH         LINE#         185
  C:1762H         LINE#         196
  -------         ENDMOD        ?C_STARTUP

  -------         MODULE        MAIN
  C:0000H         SYMBOL        _ICE_DUMMY_
  D:0092H         PUBLIC        P1M0
  D:0093H         PUBLIC        P0M1
  X:0052H         PUBLIC        TEMPSTOP
  D:0096H         PUBLIC        P2M0
  D:0091H         PUBLIC        P1M1
  D:0080H         PUBLIC        P0
  D:00B2H         PUBLIC        P3M0
  D:0095H         PUBLIC        P2M1
  D:0090H         PUBLIC        P1
  D:00B4H         PUBLIC        P4M0
  D:00B1H         PUBLIC        P3M1
  D:00A0H         PUBLIC        P2
  X:0053H         PUBLIC        UART1RIREADY
  D:00B3H         PUBLIC        P4M1
  D:00B0H         PUBLIC        P3
  X:0054H         PUBLIC        UART2RIREADY
  D:00C0H         PUBLIC        P4
  D:00C8H         PUBLIC        P5
  B:00A8H.7       PUBLIC        EA
  D:00E8H         PUBLIC        P6
  D:00F8H         PUBLIC        P7
  X:0055H         PUBLIC        ADCSTOPREADY
  D:00A8H         PUBLIC        IE
BL51 BANKED LINKER/LOCATER V6.22                                                      06/02/2016  01:11:46  PAGE 9


  X:0056H         PUBLIC        FirstSetVelocity
  D:00B8H         PUBLIC        IP
  X:0058H         PUBLIC        ULTRAISREADY
  X:0059H         PUBLIC        StartTime
  X:0060H         PUBLIC        FASTSPEED
  D:00D8H         PUBLIC        CCON
  C:1081H         PUBLIC        main
  C:20C5H         PUBLIC        StrHello
  B:00A0H.0       PUBLIC        P20
  D:0098H         PUBLIC        SCON
  D:0088H         PUBLIC        TCON
  B:00A0H.5       PUBLIC        P25
  X:0061H         PUBLIC        ISSETTING
  X:0062H         PUBLIC        WIFINEEDDELAY
  C:21ACH         PUBLIC        port_mode
  X:0063H         PUBLIC        ADCSTARTREADY
  X:0064H         PUBLIC        DHT11ISREADY
  X:0065H         PUBLIC        ADCDISPLAYREADY
  X:0066H         PUBLIC        EXITSETTING
  X:0067H         PUBLIC        BUZZERTIMER3STOP
  X:0068H         PUBLIC        DS3231ISREADY
  D:00D0H         PUBLIC        PSW
  D:0094H         PUBLIC        P0M0
  -------         PROC          PORT_MODE
  C:21ACH         LINE#         42
  C:21ACH         LINE#         43
  C:21ACH         LINE#         44
  C:21BDH         LINE#         45
  C:21C1H         LINE#         47
  -------         ENDPROC       PORT_MODE
  -------         PROC          MAIN
  C:1081H         LINE#         49
  C:1081H         LINE#         50
  C:1081H         LINE#         55
  C:1084H         LINE#         56
  C:1087H         LINE#         57
  C:108AH         LINE#         60
  C:108FH         LINE#         61
  C:1093H         LINE#         62
  C:1097H         LINE#         63
  C:109BH         LINE#         64
  C:109FH         LINE#         65
  C:10A3H         LINE#         66
  C:10A7H         LINE#         67
  C:10ABH         LINE#         68
  C:10AFH         LINE#         69
  C:10B3H         LINE#         70
  C:10B7H         LINE#         71
  C:10BBH         LINE#         73
  C:10BFH         LINE#         77
  C:10C2H         LINE#         78
  C:10C5H         LINE#         79
  C:10D2H         LINE#         85
  C:10D5H         LINE#         86
  C:10D8H         LINE#         87
  C:10DBH         LINE#         89
  C:10DEH         LINE#         90
BL51 BANKED LINKER/LOCATER V6.22                                                      06/02/2016  01:11:46  PAGE 10


  C:10E1H         LINE#         91
  C:10E4H         LINE#         92
  C:10E7H         LINE#         94
  C:10F2H         LINE#         95
  C:10FDH         LINE#         96
  C:1108H         LINE#         97
  C:1113H         LINE#         100
  C:1116H         LINE#         101
  C:1118H         LINE#         105
  C:1118H         LINE#         106
  C:1118H         LINE#         107
  C:111EH         LINE#         108
  C:111EH         LINE#         109
  C:1124H         LINE#         110
  C:1124H         LINE#         111
  C:1127H         LINE#         112
  C:112CH         LINE#         113
  C:112EH         LINE#         114
  C:112EH         LINE#         115
  C:1134H         LINE#         116
  C:1134H         LINE#         118
  C:1137H         LINE#         119
  C:113CH         LINE#         120
  C:113EH         LINE#         121
  C:113EH         LINE#         122
  C:1140H         LINE#         124
  C:1140H         LINE#         126
  C:1149H         LINE#         127
  C:1149H         LINE#         129
  C:114FH         LINE#         130
  C:114FH         LINE#         131
  C:1152H         LINE#         133
  C:1152H         LINE#         135
  C:1158H         LINE#         136
  C:1158H         LINE#         137
  C:115BH         LINE#         138
  C:1160H         LINE#         139
  C:1162H         LINE#         140
  C:1168H         LINE#         141
  C:1168H         LINE#         142
  C:116BH         LINE#         143
  C:1170H         LINE#         144
  C:1176H         LINE#         145
  C:1176H         LINE#         146
  C:117BH         LINE#         147
  C:117EH         LINE#         148
  C:1187H         LINE#         149
  C:1190H         LINE#         151
  C:1190H         LINE#         152
  C:1192H         LINE#         153
  C:1198H         LINE#         154
  C:1198H         LINE#         155
  C:119BH         LINE#         156
  C:11A0H         LINE#         157
  C:11A3H         LINE#         158
  C:11A9H         LINE#         159
  C:11A9H         LINE#         160
BL51 BANKED LINKER/LOCATER V6.22                                                      06/02/2016  01:11:46  PAGE 11


  C:11ACH         LINE#         161
  C:11AFH         LINE#         162
  C:11B5H         LINE#         163
  C:11B5H         LINE#         164
  C:11B8H         LINE#         165
  C:11BBH         LINE#         166
  C:11C4H         LINE#         167
  C:11C4H         LINE#         168
  C:11C7H         LINE#         169
  C:11CAH         LINE#         171
  C:11CAH         LINE#         174
  C:11CAH         LINE#         179
  C:11CDH         LINE#         180
  C:11CDH         LINE#         182
  C:11CDH         LINE#         183
  -------         ENDPROC       MAIN
  -------         ENDMOD        MAIN

  -------         MODULE        UART
  C:0000H         SYMBOL        _ICE_DUMMY_
  D:00A0H         PUBLIC        P2
  C:217CH         PUBLIC        UART2Init
  X:00A7H         PUBLIC        UART1Temp
  C:1E85H         PUBLIC        _SendString
  X:00A8H         PUBLIC        UART2Temp
  C:233FH         PUBLIC        _SendData
  B:00A8H.4       PUBLIC        ES
  B:0098H.0       PUBLIC        RI
  B:0098H.1       PUBLIC        TI
  C:1A06H         PUBLIC        Uart
  C:1EEBH         PUBLIC        _SendString2Length
  B:00B8H.4       PUBLIC        PS
  C:2374H         PUBLIC        Uart2SendUart1String
  C:236CH         PUBLIC        Uart1SendUart2String
  D:0099H         PUBLIC        SBUF
  D:0098H         PUBLIC        SCON
  D:0089H         PUBLIC        TMOD
  C:1EB8H         PUBLIC        _SendString2
  C:2348H         PUBLIC        _SendData2
  D:00AFH         PUBLIC        IE2
  D:008EH         PUBLIC        AUXR
  B:0020H.0       PUBLIC        busy
  D:00E0H         PUBLIC        ACC
  D:00B5H         PUBLIC        IP2
  D:008DH         PUBLIC        TH1
  D:00D6H         PUBLIC        T2H
  B:00D0H.0       PUBLIC        P
  C:185AH         PUBLIC        Uart2
  D:008BH         PUBLIC        TL1
  D:00D7H         PUBLIC        T2L
  C:2163H         PUBLIC        UARTInit
  B:0088H.6       PUBLIC        TR1
  D:009BH         PUBLIC        S2BUF
  D:009AH         PUBLIC        S2CON
  B:0020H.1       PUBLIC        busy2
  -------         PROC          UARTINIT
  C:2163H         LINE#         54
BL51 BANKED LINKER/LOCATER V6.22                                                      06/02/2016  01:11:46  PAGE 12


  C:2163H         LINE#         55
  C:2163H         LINE#         57
  C:2166H         LINE#         66
  C:2169H         LINE#         67
  C:216CH         LINE#         68
  C:216FH         LINE#         71
  C:2172H         LINE#         72
  C:2175H         LINE#         74
  C:2177H         LINE#         75
  C:2179H         LINE#         76
  C:217BH         LINE#         83
  -------         ENDPROC       UARTINIT
  -------         PROC          UART2INIT
  C:217CH         LINE#         85
  C:217CH         LINE#         86
  C:217CH         LINE#         88
  C:217FH         LINE#         94
  C:2182H         LINE#         95
  C:2185H         LINE#         96
  C:2188H         LINE#         97
  C:218BH         LINE#         98
  C:218EH         LINE#         100
  C:2191H         LINE#         101
  C:2194H         LINE#         103
  -------         ENDPROC       UART2INIT
  -------         PROC          UART
  C:1A06H         LINE#         108
  C:1A23H         LINE#         110
  C:1A26H         LINE#         111
  C:1A26H         LINE#         112
  C:1A28H         LINE#         113
  C:1A2EH         LINE#         115
  C:1A34H         LINE#         116
  C:1A3AH         LINE#         117
  C:1A3AH         LINE#         118
  C:1A3DH         LINE#         119
  C:1A43H         LINE#         120
  C:1A45H         LINE#         122
  C:1A45H         LINE#         123
  C:1A4AH         LINE#         124
  C:1A4AH         LINE#         125
  C:1A4AH         LINE#         126
  C:1A4DH         LINE#         127
  C:1A4DH         LINE#         128
  C:1A4FH         LINE#         129
  C:1A51H         LINE#         130
  C:1A51H         LINE#         131
  -------         ENDPROC       UART
  -------         PROC          _SENDDATA
  D:0007H         SYMBOL        dat
  C:233FH         LINE#         136
  C:233FH         LINE#         137
  C:233FH         LINE#         138
  C:2342H         LINE#         139
  C:2343H         LINE#         140
  C:2343H         LINE#         141
  C:2343H         LINE#         147
BL51 BANKED LINKER/LOCATER V6.22                                                      06/02/2016  01:11:46  PAGE 13


  C:2343H         LINE#         149
  C:2343H         LINE#         155
  C:2343H         LINE#         156
  C:2345H         LINE#         157
  C:2347H         LINE#         159
  -------         ENDPROC       _SENDDATA
  -------         PROC          _SENDSTRING
  X:00A1H         SYMBOL        s
  C:1E85H         LINE#         164
  C:1E90H         LINE#         165
  C:1E90H         LINE#         166
  C:1EA0H         LINE#         167
  C:1EA0H         LINE#         168
  C:1EB5H         LINE#         169
  C:1EB7H         LINE#         171
  -------         ENDPROC       _SENDSTRING
  -------         PROC          UART1SENDUART2STRING
  C:236CH         LINE#         176
  C:236CH         LINE#         177
  C:236CH         LINE#         184
  -------         ENDPROC       UART1SENDUART2STRING
  -------         PROC          UART2
  C:185AH         LINE#         190
  C:1877H         LINE#         192
  C:187CH         LINE#         193
  C:187CH         LINE#         194
  C:187FH         LINE#         196
  C:1885H         LINE#         197
  C:188BH         LINE#         198
  C:1891H         LINE#         199
  C:1891H         LINE#         200
  C:1894H         LINE#         201
  C:189AH         LINE#         202
  C:189CH         LINE#         204
  C:189CH         LINE#         205
  C:18A1H         LINE#         206
  C:18A1H         LINE#         209
  C:18A1H         LINE#         210
  C:18A6H         LINE#         211
  C:18A6H         LINE#         212
  C:18A9H         LINE#         213
  C:18ABH         LINE#         214
  C:18ABH         LINE#         215
  -------         ENDPROC       UART2
  -------         PROC          _SENDDATA2
  D:0007H         SYMBOL        dat
  C:2348H         LINE#         220
  C:2348H         LINE#         221
  C:2348H         LINE#         222
  C:234BH         LINE#         223
  C:234CH         LINE#         224
  C:234CH         LINE#         225
  C:234CH         LINE#         231
  C:234CH         LINE#         233
  C:234CH         LINE#         239
  C:234CH         LINE#         240
  C:234EH         LINE#         241
BL51 BANKED LINKER/LOCATER V6.22                                                      06/02/2016  01:11:46  PAGE 14


  C:2350H         LINE#         243
  -------         ENDPROC       _SENDDATA2
  -------         PROC          _SENDSTRING2
  X:0000H         SYMBOL        s
  C:1EB8H         LINE#         248
  C:1EC3H         LINE#         249
  C:1EC3H         LINE#         250
  C:1ED3H         LINE#         251
  C:1ED3H         LINE#         252
  C:1EE8H         LINE#         253
  C:1EEAH         LINE#         254
  -------         ENDPROC       _SENDSTRING2
  -------         PROC          _SENDSTRING2LENGTH
  X:00A4H         SYMBOL        s
  D:0005H         SYMBOL        length
  -------         DO            
  D:0006H         SYMBOL        i
  -------         ENDDO         
  C:1EEBH         LINE#         256
  C:1EF6H         LINE#         257
  C:1EF6H         LINE#         259
  C:1EFDH         LINE#         260
  C:1EFDH         LINE#         261
  C:1F14H         LINE#         262
  C:1F17H         LINE#         264
  -------         ENDPROC       _SENDSTRING2LENGTH
  -------         PROC          UART2SENDUART1STRING
  C:2374H         LINE#         269
  C:2374H         LINE#         270
  C:2374H         LINE#         274
  -------         ENDPROC       UART2SENDUART1STRING
  -------         ENDMOD        UART

  -------         MODULE        DELAY
  C:0000H         SYMBOL        _ICE_DUMMY_
  D:0080H         PUBLIC        P0
  D:0090H         PUBLIC        P1
  D:00A0H         PUBLIC        P2
  D:00B0H         PUBLIC        P3
  D:00C0H         PUBLIC        P4
  C:2313H         PUBLIC        Delay1ms
  D:00C8H         PUBLIC        P5
  C:231EH         PUBLIC        Delay2ms
  D:00E8H         PUBLIC        P6
  D:00F8H         PUBLIC        P7
  D:00A8H         PUBLIC        IE
  C:2391H         PUBLIC        Delay5us
  C:22B3H         PUBLIC        Delay1000ms
  D:00B8H         PUBLIC        IP
  D:00D8H         PUBLIC        CCON
  D:0098H         PUBLIC        SCON
  C:2351H         PUBLIC        Delay10ms
  D:0088H         PUBLIC        TCON
  C:2295H         PUBLIC        Delay20ms
  C:22A4H         PUBLIC        Delay50ms
  C:238BH         PUBLIC        Delay10us
  C:2286H         PUBLIC        Delay100ms
BL51 BANKED LINKER/LOCATER V6.22                                                      06/02/2016  01:11:46  PAGE 15


  C:235AH         PUBLIC        Delay5Ms
  C:0006H         PUBLIC        Delay2uS
  D:00D0H         PUBLIC        PSW
  -------         PROC          DELAY100MS
  -------         DO            
  D:0007H         SYMBOL        i
  D:0006H         SYMBOL        j
  D:0005H         SYMBOL        k
  -------         ENDDO         
  C:2286H         LINE#         4
  C:2286H         LINE#         5
  C:2286H         LINE#         8
  C:2287H         LINE#         9
  C:2288H         LINE#         10
  C:228AH         LINE#         11
  C:228CH         LINE#         12
  C:228EH         LINE#         14
  C:228EH         LINE#         16
  C:228EH         LINE#         17
  C:2290H         LINE#         18
  C:2292H         LINE#         19
  C:2294H         LINE#         20
  -------         ENDPROC       DELAY100MS
  -------         PROC          DELAY1MS
  -------         DO            
  D:0007H         SYMBOL        i
  D:0006H         SYMBOL        j
  -------         ENDDO         
  C:2313H         LINE#         22
  C:2313H         LINE#         23
  C:2313H         LINE#         25
  C:2314H         LINE#         26
  C:2315H         LINE#         27
  C:2317H         LINE#         28
  C:2319H         LINE#         30
  C:2319H         LINE#         31
  C:231BH         LINE#         32
  C:231DH         LINE#         33
  -------         ENDPROC       DELAY1MS
  -------         PROC          DELAY2MS
  -------         DO            
  D:0007H         SYMBOL        i
  D:0006H         SYMBOL        j
  -------         ENDDO         
  C:231EH         LINE#         35
  C:231EH         LINE#         36
  C:231EH         LINE#         39
  C:231FH         LINE#         40
  C:2320H         LINE#         41
  C:2322H         LINE#         42
  C:2324H         LINE#         44
  C:2324H         LINE#         45
  C:2326H         LINE#         46
  C:2328H         LINE#         47
  -------         ENDPROC       DELAY2MS
  -------         PROC          DELAY20MS
  -------         DO            
BL51 BANKED LINKER/LOCATER V6.22                                                      06/02/2016  01:11:46  PAGE 16


  D:0007H         SYMBOL        i
  D:0006H         SYMBOL        j
  D:0005H         SYMBOL        k
  -------         ENDDO         
  C:2295H         LINE#         49
  C:2295H         LINE#         50
  C:2295H         LINE#         53
  C:2296H         LINE#         54
  C:2297H         LINE#         55
  C:2299H         LINE#         56
  C:229BH         LINE#         57
  C:229DH         LINE#         59
  C:229DH         LINE#         61
  C:229DH         LINE#         62
  C:229FH         LINE#         63
  C:22A1H         LINE#         64
  C:22A3H         LINE#         65
  -------         ENDPROC       DELAY20MS
  -------         PROC          DELAY10MS
  -------         DO            
  D:0007H         SYMBOL        i
  D:0006H         SYMBOL        j
  -------         ENDDO         
  C:2351H         LINE#         67
  C:2351H         LINE#         68
  C:2351H         LINE#         71
  C:2353H         LINE#         72
  C:2355H         LINE#         74
  C:2355H         LINE#         75
  C:2357H         LINE#         76
  C:2359H         LINE#         77
  -------         ENDPROC       DELAY10MS
  -------         PROC          DELAY50MS
  -------         DO            
  D:0007H         SYMBOL        i
  D:0006H         SYMBOL        j
  D:0005H         SYMBOL        k
  -------         ENDDO         
  C:22A4H         LINE#         79
  C:22A4H         LINE#         80
  C:22A4H         LINE#         83
  C:22A5H         LINE#         84
  C:22A6H         LINE#         85
  C:22A8H         LINE#         86
  C:22AAH         LINE#         87
  C:22ACH         LINE#         89
  C:22ACH         LINE#         91
  C:22ACH         LINE#         92
  C:22AEH         LINE#         93
  C:22B0H         LINE#         94
  C:22B2H         LINE#         95
  -------         ENDPROC       DELAY50MS
  -------         PROC          DELAY10US
  -------         DO            
  D:0007H         SYMBOL        i
  -------         ENDDO         
  C:238BH         LINE#         98
BL51 BANKED LINKER/LOCATER V6.22                                                      06/02/2016  01:11:46  PAGE 17


  C:238BH         LINE#         99
  C:238BH         LINE#         102
  C:238CH         LINE#         103
  C:238EH         LINE#         104
  C:2390H         LINE#         105
  -------         ENDPROC       DELAY10US
  -------         PROC          DELAY2US
  -------         DO            
  D:0007H         SYMBOL        i
  -------         ENDDO         
  C:0006H         LINE#         107
  C:0006H         LINE#         108
  C:0006H         LINE#         111
  C:0008H         LINE#         112
  C:000AH         LINE#         113
  -------         ENDPROC       DELAY2US
  -------         PROC          DELAY5MS
  -------         DO            
  D:0007H         SYMBOL        i
  D:0006H         SYMBOL        j
  -------         ENDDO         
  C:235AH         LINE#         115
  C:235AH         LINE#         116
  C:235AH         LINE#         119
  C:235CH         LINE#         120
  C:235EH         LINE#         122
  C:235EH         LINE#         123
  C:2360H         LINE#         124
  C:2362H         LINE#         125
  -------         ENDPROC       DELAY5MS
  -------         PROC          DELAY5US
  -------         DO            
  D:0007H         SYMBOL        i
  -------         ENDDO         
  C:2391H         LINE#         127
  C:2391H         LINE#         128
  C:2391H         LINE#         131
  C:2392H         LINE#         132
  C:2394H         LINE#         133
  C:2396H         LINE#         134
  -------         ENDPROC       DELAY5US
  -------         PROC          DELAY1000MS
  -------         DO            
  D:0007H         SYMBOL        i
  D:0006H         SYMBOL        j
  D:0005H         SYMBOL        k
  -------         ENDDO         
  C:22B3H         LINE#         136
  C:22B3H         LINE#         137
  C:22B3H         LINE#         140
  C:22B4H         LINE#         141
  C:22B5H         LINE#         142
  C:22B7H         LINE#         143
  C:22B9H         LINE#         144
  C:22BBH         LINE#         146
  C:22BBH         LINE#         148
  C:22BBH         LINE#         149
BL51 BANKED LINKER/LOCATER V6.22                                                      06/02/2016  01:11:46  PAGE 18


  C:22BDH         LINE#         150
  C:22BFH         LINE#         151
  C:22C1H         LINE#         152
  -------         ENDPROC       DELAY1000MS
  -------         ENDMOD        DELAY

  -------         MODULE        TIMER
  C:0000H         SYMBOL        _ICE_DUMMY_
  C:21C2H         PUBLIC        EnableTimer0
  D:0080H         PUBLIC        P0
  C:2256H         PUBLIC        EnableTimer1
  D:0090H         PUBLIC        P1
  D:00A0H         PUBLIC        P2
  C:210FH         PUBLIC        EnableTimer3
  D:00B0H         PUBLIC        P3
  C:22D1H         PUBLIC        EnableTimer4
  C:160AH         PUBLIC        Timer0_ISR
  D:00C0H         PUBLIC        P4
  C:1E50H         PUBLIC        Timer1_ISR
  D:00C8H         PUBLIC        P5
  B:00A8H.7       PUBLIC        EA
  D:00E8H         PUBLIC        P6
  C:17E5H         PUBLIC        Timer3_ISR
  D:00F8H         PUBLIC        P7
  C:1CF6H         PUBLIC        Timer4_ISR
  C:237CH         PUBLIC        RefreshTimer4
  X:0069H         PUBLIC        T3TimesValue
  D:00A8H         PUBLIC        IE
  D:00B8H         PUBLIC        IP
  D:00D8H         PUBLIC        CCON
  X:006BH         PUBLIC        T1times
  X:006DH         PUBLIC        T3times
  X:006FH         PUBLIC        T4times
  B:00A0H.0       PUBLIC        P20
  D:0098H         PUBLIC        SCON
  D:0089H         PUBLIC        TMOD
  D:0088H         PUBLIC        TCON
  B:00C8H.5       PUBLIC        P55
  D:00AFH         PUBLIC        IE2
  D:008EH         PUBLIC        AUXR
  B:00A8H.1       PUBLIC        ET0
  B:00A8H.3       PUBLIC        ET1
  C:20F1H         PUBLIC        Timer0Init
  C:000EH         PUBLIC        Timer1Init
  D:008CH         PUBLIC        TH0
  D:008DH         PUBLIC        TH1
  C:22EDH         PUBLIC        Timer3Init
  C:21EDH         PUBLIC        Timer4Init
  D:00D4H         PUBLIC        T3H
  D:00D2H         PUBLIC        T4H
  D:008AH         PUBLIC        TL0
  D:008BH         PUBLIC        TL1
  D:00D5H         PUBLIC        T3L
  D:00D3H         PUBLIC        T4L
  B:00B8H.1       PUBLIC        PT0
  B:00B8H.3       PUBLIC        PT1
  B:0088H.4       PUBLIC        TR0
BL51 BANKED LINKER/LOCATER V6.22                                                      06/02/2016  01:11:46  PAGE 19


  B:0088H.6       PUBLIC        TR1
  X:0071H         PUBLIC        T0times0
  X:0073H         PUBLIC        T0times1
  X:0075H         PUBLIC        T0times2
  X:0077H         PUBLIC        T0times3
  D:00D1H         PUBLIC        T4T3M
  C:001EH         PUBLIC        DisableTimer0
  C:0026H         PUBLIC        DisableTimer1
  C:2363H         PUBLIC        DisableTimer3
  C:2384H         PUBLIC        DisableTimer4
  D:00D0H         PUBLIC        PSW
  -------         PROC          TIMER0INIT
  C:20F1H         LINE#         23
  C:20F1H         LINE#         24
  C:20F1H         LINE#         25
  C:20F4H         LINE#         26
  C:20F7H         LINE#         27
  C:20FAH         LINE#         28
  C:20FDH         LINE#         29
  C:20FFH         LINE#         30
  C:2101H         LINE#         31
  C:2103H         LINE#         32
  C:210AH         LINE#         33
  C:210EH         LINE#         34
  -------         ENDPROC       TIMER0INIT
  -------         PROC          ENABLETIMER0
  C:21C2H         LINE#         36
  C:21C2H         LINE#         37
  C:21C2H         LINE#         38
  C:21C5H         LINE#         39
  C:21C8H         LINE#         40
  C:21CAH         LINE#         41
  C:21CCH         LINE#         42
  C:21D3H         LINE#         43
  C:21D7H         LINE#         44
  -------         ENDPROC       ENABLETIMER0
  -------         PROC          DISABLETIMER0
  C:001EH         LINE#         46
  C:001EH         LINE#         47
  C:001EH         LINE#         48
  C:0020H         LINE#         49
  C:0022H         LINE#         50
  -------         ENDPROC       DISABLETIMER0
  -------         PROC          TIMER0_ISR
  C:160AH         LINE#         53
  C:1612H         LINE#         56
  C:1621H         LINE#         57
  C:1621H         LINE#         58
  C:162DH         LINE#         59
  C:162FH         LINE#         61
  C:162FH         LINE#         62
  C:1636H         LINE#         63
  C:163BH         LINE#         64
  C:163BH         LINE#         66
  C:164AH         LINE#         67
  C:164AH         LINE#         68
  C:1656H         LINE#         69
BL51 BANKED LINKER/LOCATER V6.22                                                      06/02/2016  01:11:46  PAGE 20


  C:1658H         LINE#         71
  C:1658H         LINE#         72
  C:165FH         LINE#         73
  C:1664H         LINE#         74
  C:1664H         LINE#         76
  C:1673H         LINE#         77
  C:1673H         LINE#         78
  C:167FH         LINE#         79
  C:1681H         LINE#         81
  C:1681H         LINE#         82
  C:1688H         LINE#         83
  C:168DH         LINE#         84
  C:168DH         LINE#         86
  C:169CH         LINE#         87
  C:169CH         LINE#         88
  C:16A8H         LINE#         89
  C:16AAH         LINE#         91
  C:16AAH         LINE#         92
  C:16B1H         LINE#         93
  C:16B6H         LINE#         94
  C:16B6H         LINE#         97
  -------         ENDPROC       TIMER0_ISR
  -------         PROC          TIMER1INIT
  C:000EH         LINE#         100
  C:000EH         LINE#         101
  C:000EH         LINE#         102
  C:0011H         LINE#         103
  C:0014H         LINE#         104
  C:0016H         LINE#         105
  C:0018H         LINE#         106
  C:001AH         LINE#         107
  -------         ENDPROC       TIMER1INIT
  -------         PROC          ENABLETIMER1
  C:2256H         LINE#         109
  C:2256H         LINE#         110
  C:2256H         LINE#         111
  C:2259H         LINE#         112
  C:225BH         LINE#         113
  C:225DH         LINE#         114
  C:225FH         LINE#         115
  C:2265H         LINE#         116
  -------         ENDPROC       ENABLETIMER1
  -------         PROC          DISABLETIMER1
  C:0026H         LINE#         118
  C:0026H         LINE#         119
  C:0026H         LINE#         120
  C:0028H         LINE#         121
  C:002AH         LINE#         122
  -------         ENDPROC       DISABLETIMER1
  -------         PROC          TIMER1_ISR
  C:1E50H         LINE#         125
  C:1E58H         LINE#         128
  C:1E67H         LINE#         129
  C:1E67H         LINE#         130
  C:1E73H         LINE#         131
  C:1E75H         LINE#         133
  C:1E75H         LINE#         134
BL51 BANKED LINKER/LOCATER V6.22                                                      06/02/2016  01:11:46  PAGE 21


  C:1E7CH         LINE#         135
  C:1E7CH         LINE#         137
  C:1E7CH         LINE#         138
  C:1E7CH         LINE#         141
  C:1E7CH         LINE#         142
  -------         ENDPROC       TIMER1_ISR
  -------         PROC          TIMER3INIT
  C:22EDH         LINE#         145
  C:22EDH         LINE#         146
  C:22EDH         LINE#         147
  C:22F0H         LINE#         148
  C:22F3H         LINE#         149
  C:22F6H         LINE#         150
  C:22F9H         LINE#         151
  -------         ENDPROC       TIMER3INIT
  -------         PROC          ENABLETIMER3
  C:210FH         LINE#         153
  C:210FH         LINE#         154
  C:210FH         LINE#         155
  C:2112H         LINE#         156
  C:2115H         LINE#         157
  C:2118H         LINE#         158
  C:211BH         LINE#         159
  C:2122H         LINE#         160
  C:212BH         LINE#         161
  -------         ENDPROC       ENABLETIMER3
  -------         PROC          DISABLETIMER3
  C:2363H         LINE#         163
  C:2363H         LINE#         164
  C:2363H         LINE#         165
  C:2366H         LINE#         166
  C:2369H         LINE#         167
  C:236BH         LINE#         168
  -------         ENDPROC       DISABLETIMER3
  -------         PROC          TIMER3_ISR
  C:17E5H         LINE#         171
  C:1802H         LINE#         173
  C:1804H         LINE#         174
  C:1819H         LINE#         175
  C:1819H         LINE#         176
  C:181CH         LINE#         177
  C:182AH         LINE#         178
  C:182CH         LINE#         180
  C:182CH         LINE#         181
  C:1831H         LINE#         182
  C:1836H         LINE#         183
  C:183DH         LINE#         184
  C:183DH         LINE#         185
  C:183FH         LINE#         186
  -------         ENDPROC       TIMER3_ISR
  -------         PROC          TIMER4INIT
  C:21EDH         LINE#         189
  C:21EDH         LINE#         190
  C:21EDH         LINE#         191
  C:21F0H         LINE#         192
  C:21F3H         LINE#         193
  C:21F6H         LINE#         194
BL51 BANKED LINKER/LOCATER V6.22                                                      06/02/2016  01:11:46  PAGE 22


  C:21F9H         LINE#         195
  C:21FCH         LINE#         196
  C:21FFH         LINE#         197
  -------         ENDPROC       TIMER4INIT
  -------         PROC          ENABLETIMER4
  C:22D1H         LINE#         199
  C:22D1H         LINE#         200
  C:22D1H         LINE#         201
  C:22D4H         LINE#         202
  C:22D7H         LINE#         203
  C:22DEH         LINE#         204
  -------         ENDPROC       ENABLETIMER4
  -------         PROC          DISABLETIMER4
  C:2384H         LINE#         206
  C:2384H         LINE#         207
  C:2384H         LINE#         208
  C:2387H         LINE#         209
  C:238AH         LINE#         210
  -------         ENDPROC       DISABLETIMER4
  -------         PROC          REFRESHTIMER4
  C:237CH         LINE#         212
  C:237CH         LINE#         213
  C:237CH         LINE#         214
  C:2383H         LINE#         215
  -------         ENDPROC       REFRESHTIMER4
  -------         PROC          TIMER4_ISR
  C:1CF6H         LINE#         218
  C:1CFEH         LINE#         221
  C:1D0DH         LINE#         222
  C:1D0DH         LINE#         223
  C:1D19H         LINE#         224
  C:1D1BH         LINE#         226
  C:1D1BH         LINE#         227
  C:1D22H         LINE#         228
  C:1D25H         LINE#         229
  C:1D29H         LINE#         230
  C:1D2BH         LINE#         235
  C:1D2BH         LINE#         237
  -------         ENDPROC       TIMER4_ISR
  -------         ENDMOD        TIMER

  -------         MODULE        ULTRASOUND
  C:0000H         SYMBOL        _ICE_DUMMY_
  D:0080H         PUBLIC        P0
  D:0090H         PUBLIC        P1
  D:00A0H         PUBLIC        P2
  D:00B0H         PUBLIC        P3
  D:00C0H         PUBLIC        P4
  D:00C8H         PUBLIC        P5
  D:00E8H         PUBLIC        P6
  D:00F8H         PUBLIC        P7
  D:00A8H         PUBLIC        IE
  C:2329H         PUBLIC        _delay
  D:00B8H         PUBLIC        IP
  B:0090H.4       PUBLIC        echo
  D:00D8H         PUBLIC        CCON
  C:00A1H         PUBLIC        UltraSoundInit
BL51 BANKED LINKER/LOCATER V6.22                                                      06/02/2016  01:11:46  PAGE 23


  B:00A0H.0       PUBLIC        P20
  D:0098H         PUBLIC        SCON
  D:0088H         PUBLIC        TCON
  X:0079H         PUBLIC        RealDistance
  X:007BH         PUBLIC        bat
  B:0090H.3       PUBLIC        trig
  C:2200H         PUBLIC        DisUltraSound
  X:0082H         PUBLIC        RawTime
  C:18C6H         PUBLIC        super_count
  C:2213H         SYMBOL        _?ix1000
  C:2307H         PUBLIC        super_start
  D:008DH         PUBLIC        TH1
  D:008BH         PUBLIC        TL1
  C:0E01H         PUBLIC        UltraSoundDisplay
  D:00D0H         PUBLIC        PSW
  -------         PROC          _DELAY
  D:0006H         SYMBOL        i
  C:2329H         LINE#         18
  C:2329H         LINE#         19
  C:2329H         LINE#         20
  C:2333H         LINE#         21
  -------         ENDPROC       _DELAY
  -------         PROC          ULTRASOUNDINIT
  C:00A1H         LINE#         23
  C:00A1H         LINE#         24
  C:00A1H         LINE#         27
  -------         ENDPROC       ULTRASOUNDINIT
  -------         PROC          SUPER_START
  C:2307H         LINE#         29
  C:2307H         LINE#         30
  C:2307H         LINE#         31
  C:2309H         LINE#         32
  C:2310H         LINE#         33
  C:2312H         LINE#         34
  -------         ENDPROC       SUPER_START
  -------         PROC          SUPER_COUNT
  C:18C6H         LINE#         35
  C:18C6H         LINE#         36
  C:18C6H         LINE#         37
  C:1909H         LINE#         38
  C:1931H         LINE#         48
  C:1931H         LINE#         49
  -------         ENDPROC       SUPER_COUNT
  -------         PROC          DISULTRASOUND
  -------         DO            
  D:0006H         SYMBOL        t
  -------         ENDDO         
  C:2200H         LINE#         51
  C:2200H         LINE#         52
  C:2200H         LINE#         54
  C:2203H         LINE#         55
  C:2206H         LINE#         56
  C:2209H         LINE#         57
  C:220CH         LINE#         58
  C:220FH         LINE#         59
  C:2212H         LINE#         60
  C:2212H         LINE#         61
BL51 BANKED LINKER/LOCATER V6.22                                                      06/02/2016  01:11:46  PAGE 24


  -------         ENDPROC       DISULTRASOUND
  -------         PROC          ULTRASOUNDDISPLAY
  -------         DO            
  X:0000H         SYMBOL        VelocityData
  X:0011H         SYMBOL        Dis1
  X:0015H         SYMBOL        Dis2
  X:0019H         SYMBOL        DDis
  X:001DH         SYMBOL        i
  X:001EH         SYMBOL        TempVelocityThreshold
  -------         ENDDO         
  C:0E01H         LINE#         63
  C:0E01H         LINE#         64
  C:0E01H         LINE#         69
  C:0E14H         LINE#         75
  C:0E1FH         LINE#         81
  C:0E2EH         LINE#         82
  C:0E33H         LINE#         83
  C:0E33H         LINE#         84
  C:0E36H         LINE#         85
  C:0E42H         LINE#         86
  C:0E51H         LINE#         88
  C:0E86H         LINE#         89
  C:0E86H         LINE#         90
  C:0E8CH         LINE#         91
  C:0E90H         LINE#         92
  C:0E94H         LINE#         93
  C:0E98H         LINE#         94
  C:0E9CH         LINE#         95
  C:0EA0H         LINE#         96
  C:0EA4H         LINE#         97
  C:0EA8H         LINE#         98
  C:0EABH         LINE#         100
  C:0EB6H         LINE#         101
  C:0EB6H         LINE#         103
  C:0EB6H         LINE#         104
  C:0ED8H         LINE#         105
  C:0ED8H         LINE#         106
  C:0F04H         LINE#         107
  C:0F0AH         LINE#         108
  C:0F0CH         LINE#         110
  C:0F0CH         LINE#         111
  C:0F35H         LINE#         112
  C:0F3BH         LINE#         113
  C:0F3BH         LINE#         114
  C:0F58H         LINE#         115
  C:0F7DH         LINE#         116
  C:0FAFH         LINE#         117
  C:0FE0H         LINE#         118
  C:0FE4H         LINE#         119
  C:1014H         LINE#         120
  C:1043H         LINE#         122
  C:1047H         LINE#         123
  C:104BH         LINE#         124
  C:104FH         LINE#         125
  C:1053H         LINE#         126
  C:1056H         LINE#         128
  C:1061H         LINE#         130
BL51 BANKED LINKER/LOCATER V6.22                                                      06/02/2016  01:11:46  PAGE 25


  C:1078H         LINE#         131
  C:1078H         LINE#         132
  C:107EH         LINE#         133
  C:1080H         LINE#         139
  C:1080H         LINE#         140
  C:1080H         LINE#         141
  -------         ENDPROC       ULTRASOUNDDISPLAY
  -------         ENDMOD        ULTRASOUND

  -------         MODULE        DHT11
  C:0000H         SYMBOL        _ICE_DUMMY_
  D:0080H         PUBLIC        P0
  D:0090H         PUBLIC        P1
  D:00A0H         PUBLIC        P2
  D:00B0H         PUBLIC        P3
  D:00C0H         PUBLIC        P4
  D:00C8H         PUBLIC        P5
  D:00E8H         PUBLIC        P6
  D:00F8H         PUBLIC        P7
  D:00A8H         PUBLIC        IE
  D:00B8H         PUBLIC        IP
  X:0086H         PUBLIC        HumidityH
  C:1B35H         PUBLIC        DisplayDHT11
  X:0087H         PUBLIC        HumidityL
  X:0088H         PUBLIC        U8T_data_H_temp
  X:0089H         PUBLIC        U8T_data_L_temp
  D:00D8H         PUBLIC        CCON
  X:008AH         PUBLIC        U8FLAG
  D:0098H         PUBLIC        SCON
  D:0088H         PUBLIC        TCON
  X:008BH         PUBLIC        TempearatureH
  C:12D8H         PUBLIC        ReadDHT11
  C:2224H         SYMBOL        _?ix1000
  X:008CH         PUBLIC        TempearatureL
  X:008DH         PUBLIC        U8checkdata_temp
  X:008EH         PUBLIC        U8temp
  C:1AD1H         PUBLIC        COM
  X:008FH         PUBLIC        CHECK
  X:0090H         PUBLIC        U8RH_data_H_temp
  X:0091H         PUBLIC        U8RH_data_L_temp
  X:0092H         PUBLIC        U8comdata
  D:00D0H         PUBLIC        PSW
  B:00B0H.7       PUBLIC        DHTDATA
  -------         PROC          COM
  -------         DO            
  X:0012H         SYMBOL        i
  -------         ENDDO         
  C:1AD1H         LINE#         23
  C:1AD1H         LINE#         24
  C:1AD1H         LINE#         26
  C:1AD6H         LINE#         27
  C:1AD6H         LINE#         28
  C:1ADCH         LINE#         29
  C:1AE9H         LINE#         30
  C:1AECH         LINE#         31
  C:1AEFH         LINE#         32
  C:1AF2H         LINE#         33
BL51 BANKED LINKER/LOCATER V6.22                                                      06/02/2016  01:11:46  PAGE 26


  C:1AF7H         LINE#         34
  C:1AFCH         LINE#         35
  C:1B02H         LINE#         36
  C:1B0FH         LINE#         38
  C:1B17H         LINE#         43
  C:1B1FH         LINE#         44
  C:1B28H         LINE#         45
  C:1B34H         LINE#         46
  -------         ENDPROC       COM
  -------         PROC          READDHT11
  -------         DO            
  X:0011H         SYMBOL        DelayTemp
  -------         ENDDO         
  C:12D8H         LINE#         65
  C:12D8H         LINE#         66
  C:12D8H         LINE#         69
  C:12DAH         LINE#         70
  C:12DFH         LINE#         71
  C:12DFH         LINE#         72
  C:12E2H         LINE#         73
  C:12EEH         LINE#         74
  C:12F0H         LINE#         76
  C:12F3H         LINE#         77
  C:12F6H         LINE#         78
  C:12F9H         LINE#         79
  C:12FCH         LINE#         81
  C:12FEH         LINE#         83
  C:1304H         LINE#         84
  C:1304H         LINE#         85
  C:130AH         LINE#         87
  C:1317H         LINE#         88
  C:131DH         LINE#         90
  C:132AH         LINE#         92
  C:132DH         LINE#         93
  C:1335H         LINE#         94
  C:1338H         LINE#         95
  C:1340H         LINE#         96
  C:1343H         LINE#         97
  C:134BH         LINE#         98
  C:134EH         LINE#         99
  C:1356H         LINE#         100
  C:1359H         LINE#         101
  C:1362H         LINE#         102
  C:1364H         LINE#         105
  C:137FH         LINE#         106
  C:1385H         LINE#         107
  C:1385H         LINE#         108
  C:1387H         LINE#         109
  C:138AH         LINE#         110
  C:138FH         LINE#         111
  C:1392H         LINE#         112
  C:1396H         LINE#         113
  C:1398H         LINE#         115
  C:1398H         LINE#         116
  C:139BH         LINE#         117
  C:139DH         LINE#         118
  C:13A1H         LINE#         119
BL51 BANKED LINKER/LOCATER V6.22                                                      06/02/2016  01:11:46  PAGE 27


  C:13A3H         LINE#         120
  C:13A7H         LINE#         121
  C:13A7H         LINE#         122
  C:13A7H         LINE#         123
  -------         ENDPROC       READDHT11
  -------         PROC          DISPLAYDHT11
  -------         DO            
  X:0000H         SYMBOL        HumidityAndTemperatureData
  -------         ENDDO         
  C:1B35H         LINE#         128
  C:1B35H         LINE#         129
  C:1B35H         LINE#         130
  C:1B48H         LINE#         133
  C:1B4BH         LINE#         148
  C:1B60H         LINE#         149
  C:1B6BH         LINE#         150
  C:1B80H         LINE#         151
  C:1B8BH         LINE#         152
  -------         ENDPROC       DISPLAYDHT11
  -------         ENDMOD        DHT11

  -------         MODULE        BUZZER
  C:0000H         SYMBOL        _ICE_DUMMY_
  D:0080H         PUBLIC        P0
  D:0090H         PUBLIC        P1
  D:00A0H         PUBLIC        P2
  D:00B0H         PUBLIC        P3
  D:00C0H         PUBLIC        P4
  D:00C8H         PUBLIC        P5
  C:009EH         PUBLIC        Buzzer
  D:00E8H         PUBLIC        P6
  D:00F8H         PUBLIC        P7
  D:00A8H         PUBLIC        IE
  D:00B8H         PUBLIC        IP
  D:00D8H         PUBLIC        CCON
  D:0098H         PUBLIC        SCON
  D:0088H         PUBLIC        TCON
  B:00C8H.5       PUBLIC        P55
  D:00D0H         PUBLIC        PSW
  -------         PROC          BUZZER
  C:009EH         LINE#         4
  C:009EH         LINE#         5
  C:009EH         LINE#         7
  C:00A0H         LINE#         8
  -------         ENDPROC       BUZZER
  -------         ENDMOD        BUZZER

  -------         MODULE        LCD12864
  C:0000H         SYMBOL        _ICE_DUMMY_
  D:0080H         PUBLIC        P0
  D:0090H         PUBLIC        P1
  D:00A0H         PUBLIC        P2
  D:00B0H         PUBLIC        P3
  D:00C0H         PUBLIC        P4
  D:00C8H         PUBLIC        P5
  D:00E8H         PUBLIC        P6
  D:00F8H         PUBLIC        P7
BL51 BANKED LINKER/LOCATER V6.22                                                      06/02/2016  01:11:46  PAGE 28


  D:00A8H         PUBLIC        IE
  C:1CB6H         PUBLIC        Lcm_Init
  D:00B8H         PUBLIC        IP
  D:00D8H         PUBLIC        CCON
  B:00A0H.7       PUBLIC        RS
  C:212CH         PUBLIC        _Wr_Data
  B:00A0H.6       PUBLIC        RW
  D:0098H         PUBLIC        SCON
  D:0088H         PUBLIC        TCON
  C:1932H         PUBLIC        _Display_String
  C:1C71H         PUBLIC        _LCD12864DisplayChar
  B:00A0H.4       PUBLIC        REST
  B:00A0H.5       PUBLIC        E
  C:1DABH         PUBLIC        LCD12864SettingInit
  C:1DE2H         PUBLIC        LCD12864SettingExit
  C:2235H         PUBLIC        RDbf
  C:201DH         PUBLIC        _Wr_Command
  C:1B96H         PUBLIC        _LCD12864DisplayTwoChar
  D:00D0H         PUBLIC        PSW
  -------         PROC          _DISPLAY_STRING
  D:0007H         SYMBOL        line
  X:0045H         SYMBOL        string
  -------         DO            
  X:0048H         SYMBOL        addr
  -------         ENDDO         
  C:1932H         LINE#         20
  C:193DH         LINE#         21
  C:193DH         LINE#         23
  C:1947H         LINE#         24
  C:1953H         LINE#         25
  C:195FH         LINE#         26
  C:1969H         LINE#         27
  C:1975H         LINE#         28
  C:1985H         LINE#         29
  C:1985H         LINE#         30
  C:199AH         LINE#         31
  C:199CH         LINE#         33
  -------         ENDPROC       _DISPLAY_STRING
  -------         PROC          _WR_DATA
  X:0049H         SYMBOL        wrdata
  C:212CH         LINE#         35
  C:2131H         LINE#         36
  C:2131H         LINE#         37
  C:2134H         LINE#         38
  C:2136H         LINE#         39
  C:2138H         LINE#         40
  C:213BH         LINE#         41
  C:213DH         LINE#         42
  C:2143H         LINE#         43
  C:2146H         LINE#         44
  C:2148H         LINE#         45
  -------         ENDPROC       _WR_DATA
  C:2017H         SYMBOL        L?0042
  -------         PROC          L?0041
  -------         ENDPROC       L?0041
  C:2017H         SYMBOL        L?0042
  -------         PROC          _WR_COMMAND
BL51 BANKED LINKER/LOCATER V6.22                                                      06/02/2016  01:11:46  PAGE 29


  X:0049H         SYMBOL        wrcommand
  D:0004H         SYMBOL        busyc
  C:201DH         LINE#         47
  C:2022H         LINE#         48
  C:2022H         LINE#         49
  C:2029H         LINE#         50
  C:202BH         LINE#         51
  C:202DH         LINE#         52
  C:2030H         LINE#         53
  C:2032H         LINE#         54
  C:2038H         LINE#         55
  C:203BH         LINE#         56
  C:203DH         LINE#         57
  -------         ENDPROC       _WR_COMMAND
  -------         PROC          RDBF
  C:2235H         LINE#         59
  C:2235H         LINE#         60
  C:2235H         LINE#         61
  C:2235H         LINE#         62
  C:2235H         LINE#         63
  C:2237H         LINE#         64
  C:2239H         LINE#         65
  C:223BH         LINE#         66
  C:223EH         LINE#         67
  C:2240H         LINE#         68
  -------         ENDPROC       RDBF
  -------         PROC          _LCD12864DISPLAYCHAR
  D:0007H         SYMBOL        line
  X:0045H         SYMBOL        column
  X:0046H         SYMBOL        Str
  C:1C71H         LINE#         72
  C:1C79H         LINE#         73
  C:1C79H         LINE#         74
  C:1C88H         LINE#         75
  C:1C88H         LINE#         76
  C:1C88H         LINE#         77
  C:1C88H         LINE#         78
  C:1C8EH         LINE#         79
  C:1C90H         LINE#         80
  C:1C90H         LINE#         81
  C:1C90H         LINE#         82
  C:1C90H         LINE#         83
  C:1C96H         LINE#         84
  C:1C98H         LINE#         85
  C:1C98H         LINE#         86
  C:1C98H         LINE#         87
  C:1C98H         LINE#         88
  C:1C9EH         LINE#         89
  C:1CA0H         LINE#         90
  C:1CA0H         LINE#         91
  C:1CA0H         LINE#         92
  C:1CA0H         LINE#         93
  C:1CAEH         LINE#         94
  C:1CAEH         LINE#         95
  C:1CAEH         LINE#         96
  C:1CAEH         LINE#         97
  C:1CAEH         LINE#         99
BL51 BANKED LINKER/LOCATER V6.22                                                      06/02/2016  01:11:46  PAGE 30


  C:1CAEH         LINE#         100
  C:1CAEH         LINE#         102
  -------         ENDPROC       _LCD12864DISPLAYCHAR
  -------         PROC          _LCD12864DISPLAYTWOCHAR
  D:0007H         SYMBOL        line
  X:0046H         SYMBOL        column
  X:0047H         SYMBOL        Str1
  X:0048H         SYMBOL        Str2
  C:1B96H         LINE#         109
  C:1B9EH         LINE#         110
  C:1B9EH         LINE#         111
  C:1BADH         LINE#         112
  C:1BADH         LINE#         113
  C:1BADH         LINE#         114
  C:1BADH         LINE#         115
  C:1BB3H         LINE#         116
  C:1BB5H         LINE#         117
  C:1BB5H         LINE#         118
  C:1BB5H         LINE#         119
  C:1BB5H         LINE#         120
  C:1BBBH         LINE#         121
  C:1BBDH         LINE#         122
  C:1BBDH         LINE#         123
  C:1BBDH         LINE#         124
  C:1BBDH         LINE#         125
  C:1BC3H         LINE#         126
  C:1BC5H         LINE#         127
  C:1BC5H         LINE#         128
  C:1BC5H         LINE#         129
  C:1BC5H         LINE#         130
  C:1BD3H         LINE#         131
  C:1BD3H         LINE#         132
  C:1BD3H         LINE#         133
  C:1BD3H         LINE#         134
  C:1BD3H         LINE#         136
  C:1BD3H         LINE#         137
  C:1BD3H         LINE#         139
  C:1BDBH         LINE#         140
  -------         ENDPROC       _LCD12864DISPLAYTWOCHAR
  -------         PROC          LCD12864SETTINGINIT
  C:1DABH         LINE#         143
  C:1DABH         LINE#         144
  C:1DABH         LINE#         147
  C:1DB3H         LINE#         148
  C:1DB6H         LINE#         149
  C:1DBEH         LINE#         150
  C:1DC1H         LINE#         151
  C:1DCAH         LINE#         152
  C:1DCDH         LINE#         155
  C:1DD0H         LINE#         156
  C:1DD3H         LINE#         157
  C:1DD6H         LINE#         158
  C:1DDFH         LINE#         159
  -------         ENDPROC       LCD12864SETTINGINIT
  -------         PROC          LCD12864SETTINGEXIT
  C:1DE2H         LINE#         163
  C:1DE2H         LINE#         164
BL51 BANKED LINKER/LOCATER V6.22                                                      06/02/2016  01:11:46  PAGE 31


  C:1DE2H         LINE#         165
  C:1DEAH         LINE#         166
  C:1DEDH         LINE#         167
  C:1DF5H         LINE#         168
  C:1DF8H         LINE#         169
  C:1E01H         LINE#         170
  C:1E04H         LINE#         171
  C:1E07H         LINE#         172
  C:1E0AH         LINE#         173
  C:1E0DH         LINE#         174
  C:1E16H         LINE#         175
  -------         ENDPROC       LCD12864SETTINGEXIT
  -------         PROC          LCM_INIT
  C:1CB6H         LINE#         178
  C:1CB6H         LINE#         179
  C:1CB6H         LINE#         180
  C:1CB9H         LINE#         181
  C:1CBBH         LINE#         182
  C:1CBDH         LINE#         183
  C:1CBFH         LINE#         184
  C:1CC7H         LINE#         185
  C:1CCAH         LINE#         186
  C:1CD2H         LINE#         187
  C:1CD5H         LINE#         188
  C:1CDEH         LINE#         189
  C:1CE1H         LINE#         190
  C:1CE4H         LINE#         191
  C:1CE7H         LINE#         192
  C:1CEAH         LINE#         193
  C:1CF3H         LINE#         194
  -------         ENDPROC       LCM_INIT
  -------         ENDMOD        LCD12864

  -------         MODULE        DS1302
  C:0000H         SYMBOL        _ICE_DUMMY_
  D:0080H         PUBLIC        P0
  D:0090H         PUBLIC        P1
  D:00A0H         PUBLIC        P2
  D:00B0H         PUBLIC        P3
  D:00C0H         PUBLIC        P4
  D:00C8H         PUBLIC        P5
  D:00E8H         PUBLIC        P6
  D:00F8H         PUBLIC        P7
  D:00A8H         PUBLIC        IE
  C:002EH         PUBLIC        clear_ds1302_WP
  C:1F18H         PUBLIC        DS3231read_time
  D:00B8H         PUBLIC        IP
  D:00D8H         PUBLIC        CCON
  C:1E19H         PUBLIC        _write_ds1302_nbyte
  D:0098H         PUBLIC        SCON
  C:2195H         PUBLIC        read_ds1302_byte
  D:0088H         PUBLIC        TCON
  C:2266H         SYMBOL        _?ix1000
  C:226EH         SYMBOL        _?ix1001
  C:2051H         PUBLIC        _write_ds1302_byte
  C:1478H         PUBLIC        _DS1302_readoutTime
  C:21D8H         PUBLIC        set_ds1302_WP
BL51 BANKED LINKER/LOCATER V6.22                                                      06/02/2016  01:11:46  PAGE 32


  C:13A8H         PUBLIC        _LCD12864_Send_TIME
  B:00A0H.2       PUBLIC        SDA
  C:199DH         PUBLIC        _set_time
  B:00A0H.3       PUBLIC        SCK
  C:2149H         PUBLIC        _DS1302Init
  C:22FAH         PUBLIC        delay_1S
  C:11D0H         PUBLIC        _Data_Swap
  B:00A0H.1       PUBLIC        RST
  D:00D0H         PUBLIC        PSW
  -------         PROC          _DATA_SWAP
  X:009BH         SYMBOL        StartTime
  X:009EH         SYMBOL        time
  C:11D0H         LINE#         27
  C:11DBH         LINE#         28
  C:11DBH         LINE#         29
  C:11FCH         LINE#         30
  C:1220H         LINE#         31
  C:1244H         LINE#         32
  C:1268H         LINE#         33
  C:128CH         LINE#         34
  C:12B0H         LINE#         35
  C:12D1H         LINE#         36
  -------         ENDPROC       _DATA_SWAP
  -------         PROC          L?0041
  -------         ENDPROC       L?0041
  -------         PROC          _WRITE_DS1302_BYTE
  D:0007H         SYMBOL        dat
  -------         DO            
  D:0006H         SYMBOL        i
  -------         ENDDO         
  C:2051H         LINE#         40
  C:2051H         LINE#         41
  C:2051H         LINE#         43
  C:2053H         LINE#         44
  C:2053H         LINE#         45
  C:2057H         LINE#         46
  C:2059H         LINE#         47
  C:205DH         LINE#         48
  C:205FH         LINE#         49
  C:2064H         LINE#         50
  -------         ENDPROC       _WRITE_DS1302_BYTE
  -------         PROC          CLEAR_DS1302_WP
  C:002EH         LINE#         52
  C:002EH         LINE#         53
  C:002EH         LINE#         54
  C:0030H         LINE#         55
  C:0032H         LINE#         56
  C:0034H         LINE#         57
  C:0039H         LINE#         58
  C:003EH         LINE#         59
  C:0040H         LINE#         60
  C:0042H         LINE#         61
  -------         ENDPROC       CLEAR_DS1302_WP
  -------         PROC          SET_DS1302_WP
  C:21D8H         LINE#         63
  C:21D8H         LINE#         64
  C:21D8H         LINE#         65
BL51 BANKED LINKER/LOCATER V6.22                                                      06/02/2016  01:11:46  PAGE 33


  C:21DAH         LINE#         66
  C:21DCH         LINE#         67
  C:21DEH         LINE#         68
  C:21E3H         LINE#         69
  C:21E8H         LINE#         70
  C:21EAH         LINE#         71
  C:21ECH         LINE#         72
  -------         ENDPROC       SET_DS1302_WP
  -------         PROC          _WRITE_DS1302_NBYTE
  X:0048H         SYMBOL        dat
  -------         DO            
  D:0005H         SYMBOL        i
  -------         ENDDO         
  C:1E19H         LINE#         75
  C:1E24H         LINE#         76
  C:1E24H         LINE#         78
  C:1E26H         LINE#         79
  C:1E28H         LINE#         80
  C:1E2AH         LINE#         81
  C:1E2FH         LINE#         82
  C:1E31H         LINE#         83
  C:1E31H         LINE#         84
  C:1E48H         LINE#         85
  C:1E4DH         LINE#         86
  C:1E4FH         LINE#         87
  -------         ENDPROC       _WRITE_DS1302_NBYTE
  -------         PROC          _SET_TIME
  X:0045H         SYMBOL        timedata
  -------         DO            
  D:0007H         SYMBOL        i
  D:0006H         SYMBOL        tmp
  -------         ENDDO         
  C:199DH         LINE#         89
  C:19A8H         LINE#         90
  C:19A8H         LINE#         92
  C:19AAH         LINE#         93
  C:19AAH         LINE#         94
  C:19C2H         LINE#         95
  C:19D4H         LINE#         96
  C:19EDH         LINE#         97
  C:19F2H         LINE#         98
  C:19F5H         LINE#         99
  C:1A03H         LINE#         100
  -------         ENDPROC       _SET_TIME
  -------         PROC          READ_DS1302_BYTE
  -------         DO            
  D:0006H         SYMBOL        i
  D:0007H         SYMBOL        dat
  -------         ENDDO         
  C:2195H         LINE#         104
  C:2195H         LINE#         105
  C:2195H         LINE#         106
  C:2197H         LINE#         107
  C:2198H         LINE#         108
  C:2198H         LINE#         109
  C:219CH         LINE#         110
  C:21A2H         LINE#         111
BL51 BANKED LINKER/LOCATER V6.22                                                      06/02/2016  01:11:46  PAGE 34


  C:21A4H         LINE#         112
  C:21A6H         LINE#         113
  C:21ABH         LINE#         114
  C:21ABH         LINE#         115
  -------         ENDPROC       READ_DS1302_BYTE
  -------         PROC          _LCD12864_SEND_TIME
  X:0008H         SYMBOL        tmp
  -------         DO            
  X:000BH         SYMBOL        str
  X:001EH         SYMBOL        nowstrloc
  -------         ENDDO         
  C:13A8H         LINE#         119
  C:13B3H         LINE#         120
  C:13B3H         LINE#         123
  C:13C1H         LINE#         126
  C:13DCH         LINE#         127
  C:13E3H         LINE#         128
  C:13E7H         LINE#         129
  C:13F7H         LINE#         130
  C:13FEH         LINE#         131
  C:1402H         LINE#         132
  C:1412H         LINE#         133
  C:1419H         LINE#         134
  C:141DH         LINE#         139
  C:142DH         LINE#         140
  C:1434H         LINE#         141
  C:1438H         LINE#         142
  C:1448H         LINE#         143
  C:144FH         LINE#         144
  C:1453H         LINE#         146
  C:1460H         LINE#         147
  C:1467H         LINE#         148
  C:146AH         LINE#         149
  -------         ENDPROC       _LCD12864_SEND_TIME
  -------         PROC          DS3231READ_TIME
  -------         DO            
  D:0005H         SYMBOL        i
  X:0000H         SYMBOL        TempData
  -------         ENDDO         
  C:1F18H         LINE#         162
  C:1F18H         LINE#         163
  C:1F18H         LINE#         165
  C:1F20H         LINE#         167
  C:1F20H         LINE#         168
  C:1F20H         LINE#         169
  C:1F20H         LINE#         170
  C:1F23H         LINE#         171
  C:1F25H         LINE#         172
  C:1F25H         LINE#         173
  C:1F34H         LINE#         174
  C:1F39H         LINE#         175
  C:1F3BH         LINE#         176
  -------         ENDPROC       DS3231READ_TIME
  -------         PROC          DELAY_1S
  -------         DO            
  D:0007H         SYMBOL        i
  D:0006H         SYMBOL        j
BL51 BANKED LINKER/LOCATER V6.22                                                      06/02/2016  01:11:46  PAGE 35


  D:0005H         SYMBOL        k
  -------         ENDDO         
  C:22FAH         LINE#         179
  C:22FAH         LINE#         180
  C:22FAH         LINE#         182
  C:22FCH         LINE#         183
  C:22FEH         LINE#         184
  C:2306H         LINE#         185
  -------         ENDPROC       DELAY_1S
  -------         PROC          _DS1302_READOUTTIME
  X:0045H         SYMBOL        result
  -------         DO            
  D:0005H         SYMBOL        i
  X:0048H         SYMBOL        TempData
[...]
  C:049DH         LINE#         318
  C:049FH         LINE#         319
  C:04A6H         LINE#         320
  C:04A6H         LINE#         321
  C:04A9H         LINE#         322
  C:04C6H         LINE#         324
  C:04C8H         LINE#         325
  C:04CFH         LINE#         326
  C:04CFH         LINE#         327
  C:04D2H         LINE#         328
  C:04EFH         LINE#         330
  C:04F1H         LINE#         331
  C:04F8H         LINE#         332
  C:04F8H         LINE#         333
  C:04FBH         LINE#         334
  C:051BH         LINE#         336
  C:051DH         LINE#         338
  C:051DH         LINE#         339
  C:0523H         LINE#         340
  C:0531H         LINE#         341
  C:0531H         LINE#         342
  C:0534H         LINE#         343
  C:0534H         LINE#         345
  C:0536H         LINE#         346
  C:0538H         LINE#         347
  C:053BH         LINE#         348
  C:0541H         LINE#         349
  C:0541H         LINE#         350
  C:0544H         LINE#         351
  C:0547H         LINE#         352
  C:054DH         LINE#         353
  C:0555H         LINE#         354
  C:0555H         LINE#         355
  C:055BH         LINE#         356
  C:055BH         LINE#         357
  C:055DH         LINE#         358
  C:055DH         LINE#         359
  C:055FH         LINE#         361
  C:055FH         LINE#         362
  C:056AH         LINE#         363
  C:056AH         LINE#         364
  C:056CH         LINE#         365
  C:0574H         LINE#         366
BL51 BANKED LINKER/LOCATER V6.22                                                      06/02/2016  01:11:46  PAGE 42


  C:0574H         LINE#         367
  C:057AH         LINE#         368
  C:057AH         LINE#         369
  C:057CH         LINE#         370
  C:057CH         LINE#         371
  C:057EH         LINE#         373
  C:057EH         LINE#         374
  C:0589H         LINE#         375
  C:0589H         LINE#         376
  C:058BH         LINE#         377
  C:0593H         LINE#         378
  C:0593H         LINE#         379
  C:0599H         LINE#         380
  C:0599H         LINE#         381
  C:059BH         LINE#         382
  C:059BH         LINE#         383
  C:059DH         LINE#         385
  C:059DH         LINE#         386
  C:05ADH         LINE#         387
  C:05ADH         LINE#         388
  C:05B0H         LINE#         389
  C:05B8H         LINE#         390
  C:05B8H         LINE#         392
  C:05BDH         LINE#         393
  C:05D6H         LINE#         394
  C:05D8H         LINE#         395
  C:05E0H         LINE#         396
  C:05E0H         LINE#         398
  C:05E5H         LINE#         399
  C:0600H         LINE#         400
  C:0602H         LINE#         401
  C:060AH         LINE#         402
  C:060AH         LINE#         404
  C:060FH         LINE#         405
  C:062CH         LINE#         406
  C:062FH         LINE#         408
  C:0637H         LINE#         409
  C:0637H         LINE#         411
  C:063CH         LINE#         412
  C:0657H         LINE#         413
  C:0659H         LINE#         414
  C:0663H         LINE#         415
  C:0663H         LINE#         417
  C:066CH         LINE#         418
  C:0687H         LINE#         419
  C:0689H         LINE#         422
  C:0689H         LINE#         424
  C:0692H         LINE#         425
  C:06B2H         LINE#         426
  C:06B2H         LINE#         427
  C:06B5H         LINE#         428
  C:06B5H         LINE#         430
  C:06BBH         LINE#         431
  C:06BBH         LINE#         432
  C:06BEH         LINE#         433
  C:06C1H         LINE#         434
  C:06C7H         LINE#         435
BL51 BANKED LINKER/LOCATER V6.22                                                      06/02/2016  01:11:46  PAGE 43


  C:06CFH         LINE#         436
  C:06CFH         LINE#         437
  C:06D6H         LINE#         438
  C:06D6H         LINE#         439
  C:06D7H         LINE#         440
  C:06D7H         LINE#         441
  C:06D9H         LINE#         443
  C:06D9H         LINE#         444
  C:06E4H         LINE#         445
  C:06E4H         LINE#         446
  C:06E6H         LINE#         447
  C:06EEH         LINE#         448
  C:06EEH         LINE#         449
  C:06F5H         LINE#         450
  C:06F5H         LINE#         451
  C:06F6H         LINE#         452
  C:06F6H         LINE#         453
  C:06F8H         LINE#         455
  C:06F8H         LINE#         456
  C:0703H         LINE#         457
  C:0703H         LINE#         458
  C:0705H         LINE#         459
  C:070DH         LINE#         460
  C:070DH         LINE#         461
  C:0714H         LINE#         462
  C:0714H         LINE#         463
  C:0715H         LINE#         464
  C:0715H         LINE#         465
  C:0717H         LINE#         467
  C:0717H         LINE#         468
  C:0727H         LINE#         469
  C:0727H         LINE#         470
  C:072AH         LINE#         471
  C:0732H         LINE#         472
  C:0732H         LINE#         474
  C:0737H         LINE#         475
  C:0752H         LINE#         476
  C:0754H         LINE#         477
  C:075CH         LINE#         478
  C:075CH         LINE#         480
  C:0761H         LINE#         481
  C:077CH         LINE#         482
  C:077EH         LINE#         483
  C:0786H         LINE#         484
  C:0786H         LINE#         486
  C:078BH         LINE#         487
  C:07A8H         LINE#         488
  C:07ABH         LINE#         490
  C:07B3H         LINE#         491
  C:07B3H         LINE#         493
  C:07B8H         LINE#         494
  C:07D5H         LINE#         495
  C:07D7H         LINE#         496
  C:07E1H         LINE#         497
  C:07E1H         LINE#         499
  C:07EAH         LINE#         500
  C:0805H         LINE#         501
BL51 BANKED LINKER/LOCATER V6.22                                                      06/02/2016  01:11:46  PAGE 44


  C:0807H         LINE#         504
  C:0807H         LINE#         506
  C:0810H         LINE#         507
  C:0830H         LINE#         508
  C:0830H         LINE#         509
  C:0833H         LINE#         510
  C:0833H         LINE#         511
  C:0833H         LINE#         512
  C:083CH         LINE#         514
  C:086DH         LINE#         515
  C:0872H         LINE#         517
  C:0878H         LINE#         518
  C:0880H         LINE#         519
  C:0888H         LINE#         520
  C:0890H         LINE#         521
  C:0898H         LINE#         522
  C:08A0H         LINE#         524
  C:08A9H         LINE#         526
  C:08ACH         LINE#         527
  C:08B1H         LINE#         528
  -------         ENDPROC       ENTERSETTING
  -------         ENDMOD        BUTTON

  -------         MODULE        FLASH
  C:0000H         SYMBOL        _ICE_DUMMY_
  D:0080H         PUBLIC        P0
  D:0090H         PUBLIC        P1
  D:00A0H         PUBLIC        P2
  D:00B0H         PUBLIC        P3
  C:22DFH         PUBLIC        DisableEEPROM
  D:00C0H         PUBLIC        P4
  D:00C6H         PUBLIC        ISP_TRIG
  D:00C8H         PUBLIC        P5
  B:00A8H.7       PUBLIC        EA
  D:00E8H         PUBLIC        P6
  D:00F8H         PUBLIC        P7
  D:00A8H         PUBLIC        IE
  C:20D1H         PUBLIC        _EEPROM_SectorErase
  C:1BEFH         PUBLIC        _EEPROM_read_n
  D:00B8H         PUBLIC        IP
  D:00C5H         PUBLIC        ISP_CMD
  D:00D8H         PUBLIC        CCON
  C:1D34H         PUBLIC        _EEPROM_write_n
  C:1D70H         PUBLIC        GetVelocityThreshold
  D:00C3H         PUBLIC        ISP_ADDRH
  B:00A0H.0       PUBLIC        P20
  D:0098H         PUBLIC        SCON
  D:0088H         PUBLIC        TCON
  D:00C4H         PUBLIC        ISP_ADDRL
  C:1547H         PUBLIC        _SetVelocityThreshold
  D:00C7H         PUBLIC        ISP_CONTR
  D:00C2H         PUBLIC        ISP_DATA
  D:00D0H         PUBLIC        PSW
  -------         PROC          DISABLEEEPROM
  C:22DFH         LINE#         48
  C:22DFH         LINE#         49
  C:22DFH         LINE#         50
BL51 BANKED LINKER/LOCATER V6.22                                                      06/02/2016  01:11:46  PAGE 45


  C:22E2H         LINE#         51
  C:22E4H         LINE#         52
  C:22E6H         LINE#         53
  C:22E9H         LINE#         54
  C:22ECH         LINE#         55
  -------         ENDPROC       DISABLEEEPROM
  -------         PROC          _EEPROM_WRITE_N
  D:0004H         SYMBOL        EE_address
  D:0001H         SYMBOL        DataAddress
  X:0051H         SYMBOL        lenth
  C:1D34H         LINE#         57
  C:1D38H         LINE#         58
  C:1D38H         LINE#         59
  C:1D3AH         LINE#         60
  C:1D3DH         LINE#         61
  C:1D40H         LINE#         63
  C:1D40H         LINE#         64
  C:1D43H         LINE#         65
  C:1D47H         LINE#         66
  C:1D4CH         LINE#         67
  C:1D4FH         LINE#         68
  C:1D52H         LINE#         69
  C:1D53H         LINE#         70
  C:1D54H         LINE#         71
  C:1D55H         LINE#         72
  C:1D56H         LINE#         73
  C:1D5BH         LINE#         74
  C:1D62H         LINE#         75
  C:1D6AH         LINE#         76
  C:1D6DH         LINE#         77
  C:1D6FH         LINE#         78
  -------         ENDPROC       _EEPROM_WRITE_N
  -------         PROC          L?0018
  -------         ENDPROC       L?0018
  -------         PROC          _EEPROM_READ_N
  D:0004H         SYMBOL        EE_address
  D:0001H         SYMBOL        DataAddress
  X:0051H         SYMBOL        lenth
  C:1BEFH         LINE#         81
  C:1BF3H         LINE#         82
  C:1BF3H         LINE#         83
  C:1BF5H         LINE#         84
  C:1BF8H         LINE#         85
  C:1BFBH         LINE#         87
  C:1BFBH         LINE#         88
  C:1BFEH         LINE#         89
  C:1C02H         LINE#         90
  C:1C05H         LINE#         91
  C:1C08H         LINE#         92
  C:1C09H         LINE#         93
  C:1C0AH         LINE#         94
  C:1C0BH         LINE#         95
  C:1C0CH         LINE#         96
  C:1C11H         LINE#         97
  C:1C16H         LINE#         98
  C:1C1DH         LINE#         99
  C:1C25H         LINE#         100
BL51 BANKED LINKER/LOCATER V6.22                                                      06/02/2016  01:11:46  PAGE 46


  C:1C28H         LINE#         101
  C:1C2AH         LINE#         102
  -------         ENDPROC       _EEPROM_READ_N
  -------         PROC          _EEPROM_SECTORERASE
  D:0004H         SYMBOL        EE_address
  C:20D1H         LINE#         105
  C:20D5H         LINE#         106
  C:20D5H         LINE#         107
  C:20D7H         LINE#         109
  C:20DAH         LINE#         110
  C:20DEH         LINE#         111
  C:20E1H         LINE#         112
  C:20E4H         LINE#         113
  C:20E7H         LINE#         114
  C:20EAH         LINE#         115
  C:20EBH         LINE#         116
  C:20EEH         LINE#         117
  C:20F0H         LINE#         118
  -------         ENDPROC       _EEPROM_SECTORERASE
  -------         PROC          _SETVELOCITYTHRESHOLD
  X:0045H         SYMBOL        Velocity
  X:0047H         SYMBOL        IsInit
  -------         DO            
  X:0048H         SYMBOL        TempData
  -------         ENDDO         
  C:1547H         LINE#         127
  C:1552H         LINE#         128
  C:1552H         LINE#         131
  C:1559H         LINE#         132
  C:157FH         LINE#         133
  C:157FH         LINE#         135
  C:157FH         LINE#         137
  C:157FH         LINE#         138
  C:1586H         LINE#         139
  C:1588H         LINE#         142
  C:15ACH         LINE#         143
  C:15C7H         LINE#         144
  C:15E8H         LINE#         145
  C:15F6H         LINE#         146
  C:1609H         LINE#         147
  C:1609H         LINE#         148
  -------         ENDPROC       _SETVELOCITYTHRESHOLD
  -------         PROC          GETVELOCITYTHRESHOLD
  -------         DO            
  X:0045H         SYMBOL        TempData
  D:0006H         SYMBOL        Velocity
  -------         ENDDO         
  C:1D70H         LINE#         155
  C:1D70H         LINE#         156
  C:1D70H         LINE#         159
  C:1D77H         LINE#         160
  C:1DAAH         LINE#         162
  C:1DAAH         LINE#         163
  -------         ENDPROC       GETVELOCITYTHRESHOLD
  -------         ENDMOD        FLASH

  -------         MODULE        STC_AD
BL51 BANKED LINKER/LOCATER V6.22                                                      06/02/2016  01:11:46  PAGE 47


  C:0000H         SYMBOL        _ICE_DUMMY_
  D:0080H         PUBLIC        P0
  D:0090H         PUBLIC        P1
  D:00A0H         PUBLIC        P2
  D:00B0H         PUBLIC        P3
  D:00C0H         PUBLIC        P4
  D:00C8H         PUBLIC        P5
  D:00E8H         PUBLIC        P6
  D:00F8H         PUBLIC        P7
  B:00A8H.5       PUBLIC        EADC
  D:00A8H         PUBLIC        IE
  D:00BDH         PUBLIC        ADC_RES
  D:00B8H         PUBLIC        IP
  C:16BFH         PUBLIC        ADCDisplay
  D:00D8H         PUBLIC        CCON
  X:00A9H         PUBLIC        ADvalue
  D:00BCH         PUBLIC        ADC_CONTR
  B:00A0H.0       PUBLIC        P20
  D:0098H         PUBLIC        SCON
  D:0088H         PUBLIC        TCON
  C:22C2H         SYMBOL        _?ix1000
  C:0046H         PUBLIC        ADC
  C:2334H         PUBLIC        ADCStart
  D:009DH         PUBLIC        P1ASF
  D:00BEH         PUBLIC        ADC_RESL
  C:2276H         PUBLIC        ADCStop
  C:1FEEH         PUBLIC        ADC_P12_init
  D:00D0H         PUBLIC        PSW
  -------         PROC          ADC_P12_INIT
  -------         DO            
  D:0006H         SYMBOL        i
  -------         ENDDO         
  C:1FEEH         LINE#         9
  C:1FEEH         LINE#         10
  C:1FEEH         LINE#         12
  C:1FF1H         LINE#         13
  C:1FFFH         LINE#         15
  C:2002H         LINE#         16
  C:2005H         LINE#         17
  C:2008H         LINE#         18
  C:2016H         LINE#         22
  -------         ENDPROC       ADC_P12_INIT
  -------         PROC          ADCSTART
  C:2334H         LINE#         27
  C:2334H         LINE#         28
  C:2334H         LINE#         29
  C:2337H         LINE#         30
  C:2339H         LINE#         31
  C:233EH         LINE#         32
  -------         ENDPROC       ADCSTART
  -------         PROC          ADCSTOP
  C:2276H         LINE#         34
  C:2276H         LINE#         35
  C:2276H         LINE#         36
  C:2279H         LINE#         37
  C:227BH         LINE#         38
  C:2280H         LINE#         39
BL51 BANKED LINKER/LOCATER V6.22                                                      06/02/2016  01:11:46  PAGE 48


  C:2285H         LINE#         40
  -------         ENDPROC       ADCSTOP
  -------         PROC          ADC
  -------         DO            
  D:0006H         SYMBOL        AD_Dat
  D:0005H         SYMBOL        Tmp
  -------         ENDDO         
  C:0046H         LINE#         42
  C:0059H         LINE#         44
  C:005BH         LINE#         45
  C:005CH         LINE#         46
  C:005FH         LINE#         47
  C:0061H         LINE#         48
  C:006CH         LINE#         49
  C:006EH         LINE#         50
  C:0072H         LINE#         51
  C:0075H         LINE#         52
  C:007DH         LINE#         53
  C:0083H         LINE#         54
  C:0085H         LINE#         55
  -------         ENDPROC       ADC
  -------         PROC          ADCDISPLAY
  -------         DO            
  X:0000H         SYMBOL        TempData
  -------         ENDDO         
  C:16BFH         LINE#         60
  C:16BFH         LINE#         61
  C:16BFH         LINE#         62
  C:16D2H         LINE#         63
  C:16F8H         LINE#         64
  C:1715H         LINE#         65
  C:1738H         LINE#         66
  C:1748H         LINE#         67
  C:1753H         LINE#         68
  C:1758H         LINE#         69
  -------         ENDPROC       ADCDISPLAY
  -------         ENDMOD        STC_AD

  -------         MODULE        ?C?FPMUL
  C:08B2H         PUBLIC        ?C?FPMUL
  -------         ENDMOD        ?C?FPMUL

  -------         MODULE        ?C?FCAST
  C:09C2H         PUBLIC        ?C?FCASTC
  C:09BDH         PUBLIC        ?C?FCASTI
  C:09B8H         PUBLIC        ?C?FCASTL
  -------         ENDMOD        ?C?FCAST

  -------         MODULE        ?C?CASTF
  C:09F6H         PUBLIC        ?C?CASTF
  -------         ENDMOD        ?C?CASTF

  -------         MODULE        ?C?COPY
  C:0B47H         PUBLIC        ?C?COPY
  -------         ENDMOD        ?C?COPY

  -------         MODULE        ?C?CLDPTR
BL51 BANKED LINKER/LOCATER V6.22                                                      06/02/2016  01:11:46  PAGE 49


  C:0B6DH         PUBLIC        ?C?CLDPTR
  -------         ENDMOD        ?C?CLDPTR

  -------         MODULE        ?C?CLDOPTR
  C:0B86H         PUBLIC        ?C?CLDOPTR
  -------         ENDMOD        ?C?CLDOPTR

  -------         MODULE        ?C?CILDPTR
  C:0BB3H         PUBLIC        ?C?CILDPTR
  -------         ENDMOD        ?C?CILDPTR

  -------         MODULE        ?C?CILDOPTR
  C:0BD5H         PUBLIC        ?C?CILDOPTR
  -------         ENDMOD        ?C?CILDOPTR

  -------         MODULE        ?C?CSTPTR
  C:0C08H         PUBLIC        ?C?CSTPTR
  -------         ENDMOD        ?C?CSTPTR

  -------         MODULE        ?C?CSTOPTR
  C:0C1AH         PUBLIC        ?C?CSTOPTR
  -------         ENDMOD        ?C?CSTOPTR

  -------         MODULE        ?C?IMUL
  C:0C3CH         PUBLIC        ?C?IMUL
  -------         ENDMOD        ?C?IMUL

  -------         MODULE        ?C?UIDIV
  C:0C4EH         PUBLIC        ?C?UIDIV
  -------         ENDMOD        ?C?UIDIV

  -------         MODULE        ?C?ILDIX
  C:0CA3H         PUBLIC        ?C?ILDIX
  -------         ENDMOD        ?C?ILDIX

  -------         MODULE        ?C?LMUL
  C:0CB9H         PUBLIC        ?C?LMUL
  -------         ENDMOD        ?C?LMUL

  -------         MODULE        ?C?ULDIV
  C:0D44H         PUBLIC        ?C?ULDIV
  -------         ENDMOD        ?C?ULDIV

  -------         MODULE        ?C?LNEG
  C:0DD6H         PUBLIC        ?C?LNEG
  -------         ENDMOD        ?C?LNEG

  -------         MODULE        ?C?ULCMP
  C:0DE4H         PUBLIC        ?C?ULCMP
  -------         ENDMOD        ?C?ULCMP

  -------         MODULE        ?C?LSTXDATA
  C:0DF5H         PUBLIC        ?C?LSTXDATA
  -------         ENDMOD        ?C?LSTXDATA

*** WARNING L16: UNCALLED SEGMENT, IGNORED FOR OVERLAY PROCESS
    SEGMENT: ?PR?_SENDSTRING?UART
BL51 BANKED LINKER/LOCATER V6.22                                                      06/02/2016  01:11:46  PAGE 50



*** WARNING L16: UNCALLED SEGMENT, IGNORED FOR OVERLAY PROCESS
    SEGMENT: ?PR?_SENDSTRING2LENGTH?UART

*** WARNING L16: UNCALLED SEGMENT, IGNORED FOR OVERLAY PROCESS
    SEGMENT: ?PR?DELAY100MS?DELAY

*** WARNING L16: UNCALLED SEGMENT, IGNORED FOR OVERLAY PROCESS
    SEGMENT: ?PR?DELAY2MS?DELAY

*** WARNING L16: UNCALLED SEGMENT, IGNORED FOR OVERLAY PROCESS
    SEGMENT: ?PR?DELAY10MS?DELAY

*** WARNING L16: UNCALLED SEGMENT, IGNORED FOR OVERLAY PROCESS
    SEGMENT: ?PR?DELAY2US?DELAY

*** WARNING L16: UNCALLED SEGMENT, IGNORED FOR OVERLAY PROCESS
    SEGMENT: ?PR?TIMER1INIT?TIMER

*** WARNING L16: UNCALLED SEGMENT, IGNORED FOR OVERLAY PROCESS
    SEGMENT: ?PR?REFRESHTIMER4?TIMER

*** WARNING L16: UNCALLED SEGMENT, IGNORED FOR OVERLAY PROCESS
    SEGMENT: ?PR?DELAY_1S?DS1302

*** WARNING L16: UNCALLED SEGMENT, IGNORED FOR OVERLAY PROCESS
    SEGMENT: ?PR?_DS1302INIT?DS1302

Program Size: data=9.2 xdata=171 code=9110
LINK/LOCATE RUN COMPLETE.  10 WARNING(S),  0 ERROR(S)
