C51 COMPILER V9.00   LCD1602                                                               05/18/2016 19:39:30 PAGE 1   


C51 COMPILER V9.00, COMPILATION OF MODULE LCD1602
OBJECT MODULE PLACED IN LCD1602.OBJ
COMPILER INVOKED BY: E:\software\DevelopmentSoftware\InstallSrc\KeilC51\C51\BIN\C51.EXE LCD1602.C BROWSE DEBUG OBJECTEXT
                    -END

line level    source

   1          
   2          #include "LCD1602.H"
   3          /****************《51单片机轻松入门-基于STC15W4K系列》配套例程 *************
   4           ★★★★★★★★★★★★★★★★★★★★★★★★
   5           《51单片机轻松入门-基于STC15W4K系列》 一书已经由北航出版社正式出版发行。
   6            作者亲手创作的与教材配套的51双核实验板(2个MCU)对程序下载、调试、仿真方便，不需要外部
   7            仿真器与编程器，这种设计方式彻底解决了系统中多个最高优先级谁也不能让谁的中断竞争问题。
   8            淘宝店地址：https://shop117387413.taobao.com
   9            QQ群：STC51-STM32(3) ：515624099 或 STC51-STM32(2)：99794374。
  10                  验证信息：STC15单片机
  11            邮箱：xgliyouquan@126.com
  12            ★★★★★★★★★★★★★★★★★★★★★★★★*/
  13          
  14          void delay2uS()         //@11.0592MHz
  15          {
  16   1              unsigned char i;
  17   1      
  18   1              i = 3;
  19   1              while (--i);
  20   1      }
  21          
  22          /*void delay2uS ()  // 22.1184MHz
  23          {
  24              unsigned char t=9;
  25                  while(--t);
  26          }*/
  27                                                                                                                                                     
  28          //      正常读写操作之前检测LCD控制器状态
  29          //  读状态时序：RS=0，RW=1，E=1，判断忙完毕后释放总线
  30          void WaitIdle()
  31          {
  32   1              unsigned char tmp;
  33   1              RS=0;                     // 命令
  34   1              RW=1;                     // 读取
  35   1              DPORT=0xff;               // 为接收数据作准备
  36   1              _nop_();          // 短暂延时
  37   1              E=1;              // 使能LCD1602 
  38   1              delay2uS();               // LCD1602在E为高电平区间输出数据到端口
  39   1              for(;;)
  40   1              {
  41   2                      tmp=DPORT;         // 将数据端口上的值赋给tmp
  42   2                      tmp&=0x80;         // 最高位为1时表示液晶模块正忙，不能对其进行操作
  43   2                      if(     tmp==0)    // 其余6位表示内部当前显示地址，无实际用途。
  44   2                              break;
  45   2              }
  46   1              E=0;                       // 释放总线
  47   1      } 
  48                  
  49          // 向LCD1602液晶写入一字节数据，dat-待写入数据值 
  50          // 写数据时序：RS=1，RW=0，D7——D0 = 数据，E=正脉冲，液晶在脉冲下降沿采样数据。
  51          void LcdWriteDat(unsigned char dat)
  52          {
  53   1          WaitIdle();                 // 等待LCD1602空闲
  54   1              RS=1;                           // 数据
C51 COMPILER V9.00   LCD1602                                                               05/18/2016 19:39:30 PAGE 2   

  55   1              RW=0;                           // 写
  56   1              DPORT=dat;                      // 将待写数据送到数据端口
  57   1              _nop_();            // 短暂延时
  58   1              E=1;                            // 使能LCD1602
  59   1              delay2uS();                     // LCD1602在E为高电平区间读取数据端口上的值
  60   1              E=0;                        // 关闭LCD1602使能,释放总线    
  61   1      }
  62          
  63          // 向LCD1602液晶写入一字节命令，cmd-待写入命令值 
  64          // 写命令时序：RS=0，RW=0，D7——D0 = 数据，E=正脉冲，液晶在脉冲下降沿采样数据。
  65          void LcdWriteCmd(unsigned char cmd)
  66          {
  67   1          WaitIdle();                 // 等待LCD1602空闲
  68   1              RS=0;                           // 命令
  69   1              RW=0;                           // 写
  70   1              DPORT=cmd;                      // 将命令码输出在数据端口上
  71   1              _nop_();            // 短暂延时
  72   1              E=1;                            // 使能LCD1602
  73   1              delay2uS();                     // LCD1602在E为高电平区间读取数据端口上的值
  74   1              E=0;                            // 关闭LCD1602使能,释放总线
  75   1      }
  76          
  77          // 清屏命令：清除显示内容，将1602内部RAM全部填入空白的ASCII码20H
  78          //                       光标归位，将光标撤回到屏幕左上角的坐标原点
  79          //           将1602内部显示地址设为0  
  80          void ClrLcd()         
  81          {       
  82   1              LcdWriteCmd(0x01);
  83   1      } 
  84          
  85          // 内部函数用于设置显示字符起始坐标
  86          void LcdPos(unsigned char xPos,unsigned char yPos)       
  87          {
  88   1              unsigned char tmp;
  89   1              xPos&=0x0f;                   // x位置范围是0~15
  90   1              yPos&=0x01;                   // y位置范围是0~1
  91   1              if(yPos==0)                   // 显示第一行
  92   1                      tmp=xPos;                 // 第一行字符地址从 0x00 开始
  93   1              else
  94   1                      tmp=xPos+0x40;    // 第二行字符地址从 0x40 开始
  95   1              tmp|=0x80;                        // 设置 RAM 地址
  96   1              LcdWriteCmd(tmp);
  97   1      }
  98          
  99          void SetCur(unsigned char Para)     // 设置光标
 100          {
 101   1              switch(Para)
 102   1              {       
 103   2                      case 0:
 104   2                      {       
 105   3                              LcdWriteCmd(0x08);      break;           // 关显示
 106   3                      }
 107   2                      case 1:
 108   2                      {       
 109   3                              LcdWriteCmd(0x0c);      break;       // 开显示但无光标
 110   3                      }
 111   2                      case 2:
 112   2                      {
 113   3                              LcdWriteCmd(0x0e);      break;       // 开显示有光标但不闪烁
 114   3                      }
 115   2                      case 3:
 116   2                      {
C51 COMPILER V9.00   LCD1602                                                               05/18/2016 19:39:30 PAGE 3   

 117   3                              LcdWriteCmd(0x0f);      break;       // 开显示有光标且闪烁
 118   3                      }
 119   2                      default:
 120   2                              break;
 121   2              }
 122   1      }
 123          
 124          //在指定的行与列显示指定的字符，xpos:行，ypos:列，c:待显示字符
 125          void WriteChar(unsigned char xPos,unsigned char yPos,unsigned char Dat)
 126          {
 127   1              LcdPos(xPos,yPos);
 128   1              LcdWriteDat(Dat);
 129   1      }
 130          
 131          // 在液晶上显示字符串，xpos:行坐标，ypos:列坐标，str-字符串指针
 132          void WriteString(unsigned char xPos,unsigned char yPos,unsigned char *s)
 133          {       
 134   1              unsigned char i=0;
 135   1              LcdPos(xPos,yPos);                // 起始坐标
 136   1              while(s[i])
 137   1              {
 138   2                      LcdWriteDat(s[i]);
 139   2                      i++;
 140   2                      if (i>=16)  break;        // 超出16个字符外的数据丢弃
 141   2              }
 142   1      }
 143          
 144          // LCD 1602初始化
 145          void LCD1602_Init()         
 146          {
 147   1              LcdWriteCmd(0x38);           // 显示模式设置，设置16×2显示，5×7点阵，8位数据接口
 148   1              LcdWriteCmd(0x08);           // 显示关闭，不显示光标、光标不闪烁
 149   1              LcdWriteCmd(0x01);           // 显示清屏
 150   1              LcdWriteCmd(0x06);           // 显示光标移动位置
 151   1              LcdWriteCmd(0x0c);           // 显示开及光标设置
 152   1      }


MODULE INFORMATION:   STATIC OVERLAYABLE
   CODE SIZE        =    208    ----
   CONSTANT SIZE    =   ----    ----
   XDATA SIZE       =   ----    ----
   PDATA SIZE       =   ----    ----
   DATA SIZE        =   ----       4
   IDATA SIZE       =   ----    ----
   BIT SIZE         =   ----    ----
END OF MODULE INFORMATION.


C51 COMPILATION COMPLETE.  0 WARNING(S),  0 ERROR(S)
